<html>
<body>
<pre>
<h1>礦ision Build Log</h1>
<h2>Tool Versions:</h2>
IDE-Version: μVision V5.14.0.0
Copyright (C) 2015 ARM Ltd and ARM Germany GmbH. All rights reserved.
License Information: li Microsoft, Microsoft, LIC=X1ERA-1GKM3-595GZ-JKBQ9-GH9E2-FY8LU
 
Tool Versions:
Toolchain:       MDK-ARM Professional  Version: 5.14.0.0
Toolchain Path:  C:\Keil_v5\ARM\ARMCC\Bin
C Compiler:      Armcc.exe V5.05 update 1 (build 106)
Assembler:       Armasm.exe V5.05 update 1 (build 106)
Linker/Locator:  ArmLink.exe V5.05 update 1 (build 106)
Library Manager: ArmAr.exe V5.05 update 1 (build 106)
Hex Converter:   FromElf.exe V5.05 update 1 (build 106)
CPU DLL:         SARMCM3.DLL V5.14.0.0
Dialog DLL:      DARMSTM.DLL V1.65.0.0
Target DLL:      STLink\ST-LINKIII-KEIL_SWO.dll V2.0.14.0_KEIL
Dialog DLL:      TARMSTM.DLL V1.64.0.0
 
<h2>Project:</h2>
D:\好酷工作文件\项目一\4G云采器\LTE版源代码1.2.1_最新2018.8.27\IAP-Bootloader V1.1\USER\IAP.uvprojx
Project File Date:  08/03/2018

<h2>Output:</h2>
*** Note: Rebuilding project, since 'Options->Output->Create Batch File' is selected.
Rebuild target 'IAP'
Clean started - Project: 'IAP'
   deleting intermediate output files for target 'IAP'
compiling main.c...
compiling stm32f10x_it.c...
compiling system_stm32f10x.c...
compiling iap.c...
compiling stmflash.c...
compiling led.c...
compiling delay.c...
compiling sys.c...
compiling usart.c...
compiling core_cm3.c...
assembling startup_stm32f10x_md.s...
compiling misc.c...
compiling stm32f10x_gpio.c...
compiling stm32f10x_rcc.c...
compiling stm32f10x_usart.c...
compiling stm32f10x_flash.c...
linking...
Program Size: Code=1892 RO-data=268 RW-data=52 ZI-data=9316  
"..\OUTPUT\BOOTLOADER V1.0" - 0 Error(s), 0 Warning(s).

*** Performing Cross-Module-Optimization:
compiling system_stm32f10x.c...
compiling stmflash.c...
compiling led.c...
compiling delay.c...
compiling sys.c...
compiling core_cm3.c...
compiling misc.c...
compiling stm32f10x_gpio.c...
compiling stm32f10x_rcc.c...
compiling stm32f10x_usart.c...
compiling stm32f10x_flash.c...
linking...
Program Size: Code=1892 RO-data=268 RW-data=52 ZI-data=9316  
FromELF: creating hex file...
"..\OUTPUT\BOOTLOADER V1.0" - 0 Error(s), 0 Warning(s).
*** Completed Cross-Module-Optimization after 2 iteration(s).

<h2>Collection of Component include folders:</h2>
  D:\好酷工作文件\项目一\4G云采器\LTE版源代码1.2.1_最新2018.8.27\IAP-Bootloader V1.1\USER\RTE
  C:\Keil_v5\ARM\PACK\Keil\STM32F1xx_DFP\2.0.0

<h2>Collection of Component Files used:</h2>
</pre>
</body>
</html>
