<html>
<body>
<pre>
<h1>µVision Build Log</h1>
<h2>Tool Versions:</h2>
IDE-Version: ¦ÌVision V5.20.0.0
Copyright (C) 2016 ARM Ltd and ARM Germany GmbH. All rights reserved.
License Information: t Microsoft, Microsoft, LIC=DSNRA-1M523-ZDTK6-DZWDU-YQS67-QK0RK
 
Tool Versions:
Toolchain:       MDK-ARM Professional  Version: 5.20
Toolchain Path:  C:\Keil_v5\ARM\ARMCC\Bin
C Compiler:      Armcc.exe V5.06 update 2 (build 183)
Assembler:       Armasm.exe V5.06 update 2 (build 183)
Linker/Locator:  ArmLink.exe V5.06 update 2 (build 183)
Library Manager: ArmAr.exe V5.06 update 2 (build 183)
Hex Converter:   FromElf.exe V5.06 update 2 (build 183)
CPU DLL:         SARMCM3.DLL V5.20
Dialog DLL:      DARMSTM.DLL V1.66.0.0
Target DLL:      STLink\ST-LINKIII-KEIL_SWO.dll V2.0.18.0
Dialog DLL:      TARMSTM.DLL V1.65.0.0
 
<h2>Project:</h2>
D:\lte_freertos\lte_freertos - bin01\USER\FreeRTOS.uvprojx
Project File Date:  04/18/2018

<h2>Output:</h2>
*** Using Compiler 'V5.06 update 2 (build 183)', folder: 'C:\Keil_v5\ARM\ARMCC\Bin'
Rebuild target 'FreeRTOS'
compiling stm32f10x_it.c...
compiling system_stm32f10x.c...
compiling main.c...
compiling usr_task.c...
compiling device.c...
compiling iot.c...
..\MIDDLEWARE\IOT\iot.c(334): warning:  #177-D: variable "node" was declared but never referenced
  	list_node_t *node = NULL;
..\MIDDLEWARE\IOT\iot.c: 1 warning, 0 errors
compiling routine.c...
compiling prize.c...
compiling MQTTClient.c...
..\MIDDLEWARE\MQTTClient\MQTTClient.c(144): warning:  #1293-D: assignment in condition
      if (rem_len > 0 && (rc = c->ipstack->mqttread(c->ipstack, c->readbuf + len, rem_len, TimerLeftMS(timer)) != rem_len)) {
..\MIDDLEWARE\MQTTClient\MQTTClient.c: 1 warning, 0 errors
compiling MQTTConnectClient.c...
compiling MQTTConnectServer.c...
compiling MQTTFreeRTOS.c...
..\MIDDLEWARE\MQTTClient\MQTTFreeRTOS.c(70): warning:  #186-D: pointless comparison of unsigned integer with zero
  	return (timer->xTicksToWait < 0) ? 0 : (timer->xTicksToWait * portTICK_PERIOD_MS);
..\MIDDLEWARE\MQTTClient\MQTTFreeRTOS.c(147): warning:  #1293-D: assignment in condition
  	if ((retVal = mobile_net_connect(n, 0, addr, port) < 0))
..\MIDDLEWARE\MQTTClient\MQTTFreeRTOS.c: 2 warnings, 0 errors
compiling MQTTDeserializePublish.c...
compiling MQTTFormat.c...
..\MIDDLEWARE\MQTT\MQTTFormat.c(122): warning:  #550-D: variable "strindex" was set but never used
  	int strindex = 0;
..\MIDDLEWARE\MQTT\MQTTFormat.c(200): warning:  #550-D: variable "rc" was set but never used
  		int rc;
..\MIDDLEWARE\MQTT\MQTTFormat.c(190): warning:  #550-D: variable "strindex" was set but never used
  	int strindex = 0;
..\MIDDLEWARE\MQTT\MQTTFormat.c: 3 warnings, 0 errors
compiling MQTTPacket.c...
compiling mqtt_client.c...
..\MIDDLEWARE\MQTTClient\mqtt_client.c(15): warning:  #181-D: argument is incompatible with corresponding format string conversion
  	COM_DBG("Message arrived on topic %.*s: %.*s\n", data->topicName->lenstring.len, data->topicName->lenstring.data,
..\MIDDLEWARE\MQTTClient\mqtt_client.c(34): warning:  #177-D: variable "c" was declared but never referenced
  	MQTTClient* c = (MQTTClient*)parm;
..\MIDDLEWARE\MQTTClient\mqtt_client.c(50): warning:  #550-D: parameter "pvParameters" was set but never used
  void Mqtt_Clinet_Task(void *pvParameters)
..\MIDDLEWARE\MQTTClient\mqtt_client.c: 3 warnings, 0 errors
compiling MQTTSubscribeClient.c...
compiling MQTTSerializePublish.c...
compiling MQTTSubscribeServer.c...
compiling MQTTUnsubscribeServer.c...
compiling MQTTUnsubscribeClient.c...
compiling led.c...
compiling timer.c...
compiling dma.c...
compiling mobile_startup.c...
compiling mobile_net.c...
compiling mobile.c...
compiling chip.c...
compiling rtc.c...
..\HARDWARE\RTC\rtc.c(195): warning:  #550-D: parameter "local" was set but never used
  u8 Clock_Get(struct tm *local)
..\HARDWARE\RTC\rtc.c: 1 warning, 0 errors
compiling 24cxx.c...
compiling myiic.c...
compiling pvd.c...
compiling flash.c...
compiling selector.c...
compiling hexbin.c...
compiling info_storage.c...
compiling delay.c...
compiling sys.c...
compiling upgrade.c...
compiling usart1.c...
compiling usart3.c...
compiling usart2.c...
compiling ringbuf.c...
compiling sys_list.c...
compiling dbg.c...
compiling core_cm3.c...
compiling encoding.c...
compiling protobuf.c...
assembling startup_stm32f10x_hd.s...
compiling misc.c...
compiling stm32f10x_gpio.c...
compiling stm32f10x_rcc.c...
compiling stm32f10x_usart.c...
compiling stm32f10x_dma.c...
compiling stm32f10x_tim.c...
compiling stm32f10x_rtc.c...
compiling stm32f10x_pwr.c...
compiling stm32f10x_bkp.c...
compiling stm32f10x_i2c.c...
compiling stm32f10x_exti.c...
compiling stm32f10x_flash.c...
compiling event_groups.c...
compiling list.c...
compiling croutine.c...
compiling queue.c...
compiling timers.c...
compiling tasks.c...
compiling port.c...
compiling heap_4.c...
compiling hash_crypt.c...
linking...
Program Size: Code=55684 RO-data=7296 RW-data=280 ZI-data=37808  
FromELF: creating hex file...
"..\OBJ\LTE.axf" - 0 Error(s), 11 Warning(s).

<h2>Collection of Component include folders:</h2>
  D:\lte_freertos\lte_freertos - bin01\USER\RTE
  C:\Keil_v5\ARM\PACK\Keil\STM32F1xx_DFP\2.1.0\Device\Include

<h2>Collection of Component Files used:</h2>
Build Time Elapsed:  00:00:14
</pre>
</body>
</html>
