Component: ARM Compiler 5.06 update 2 (build 183) Tool: armlink [4d35b7]

==============================================================================

Section Cross References

    main.o(i.main) refers to _printf_percent.o(.ARM.Collect$$_printf_percent$$00000000) for _printf_percent
    main.o(i.main) refers to _printf_d.o(.ARM.Collect$$_printf_percent$$00000009) for _printf_d
    main.o(i.main) refers to _printf_dec.o(.text) for _printf_int_dec
    main.o(i.main) refers to _printf_s.o(.ARM.Collect$$_printf_percent$$00000014) for _printf_s
    main.o(i.main) refers to _printf_str.o(.text) for _printf_str
    main.o(i.main) refers to misc.o(i.NVIC_PriorityGroupConfig) for NVIC_PriorityGroupConfig
    main.o(i.main) refers to pvd.o(i.PVD_Configuration) for PVD_Configuration
    main.o(i.main) refers to delay.o(i.delay_init) for delay_init
    main.o(i.main) refers to 24cxx.o(i.AT24CXX_Init) for AT24CXX_Init
    main.o(i.main) refers to upgrade.o(i.read_bin_mark) for read_bin_mark
    main.o(i.main) refers to upgrade.o(i.set_bin_mark) for set_bin_mark
    main.o(i.main) refers to usart1.o(i.uart1_init) for uart1_init
    main.o(i.main) refers to usart2.o(i.uart2_init) for uart2_init
    main.o(i.main) refers to usart3.o(i.uart3_buadRate) for uart3_buadRate
    main.o(i.main) refers to __2printf.o(.text) for __2printf
    main.o(i.main) refers to info_storage.o(i.firmware_data_read) for firmware_data_read
    main.o(i.main) refers to info_storage.o(i.iot_data_read) for iot_data_read
    main.o(i.main) refers to led.o(i.LED_Init) for LED_Init
    main.o(i.main) refers to rtc.o(i.RTC_Init) for RTC_Init
    main.o(i.main) refers to selector.o(i.user_selector_init) for user_selector_init
    main.o(i.main) refers to prize.o(i.prizeInfo_read) for prizeInfo_read
    main.o(i.main) refers to mobile.o(i.MOBILE_CTR_Config) for MOBILE_CTR_Config
    main.o(i.main) refers to mobile.o(i.MOBILE_POWER) for MOBILE_POWER
    main.o(i.main) refers to timer.o(i.Timer2_Init_Config) for Timer2_Init_Config
    main.o(i.main) refers to timer.o(i.TIM3_Int_Init) for TIM3_Int_Init
    main.o(i.main) refers to timer.o(i.TIM5_Int_Init) for TIM5_Int_Init
    main.o(i.main) refers to pvd.o(i.backup_read) for backup_read
    main.o(i.main) refers to selector.o(i.coin_out_action) for coin_out_action
    main.o(i.main) refers to tasks.o(i.xTaskCreate) for xTaskCreate
    main.o(i.main) refers to tasks.o(i.vTaskStartScheduler) for vTaskStartScheduler
    main.o(i.main) refers to iot.o(.bss) for g_iot_info
    main.o(i.main) refers to selector.o(.bss) for g_service_info
    main.o(i.main) refers to main.o(.data) for StartTask_Handler
    main.o(i.main) refers to main.o(i.start_task) for start_task
    main.o(i.start_task) refers to port.o(i.vPortEnterCritical) for vPortEnterCritical
    main.o(i.start_task) refers to usr_task.o(i.start_Mobile_task) for start_Mobile_task
    main.o(i.start_task) refers to usr_task.o(i.start_MqttClient_task) for start_MqttClient_task
    main.o(i.start_task) refers to usr_task.o(i.start_Msg_task) for start_Msg_task
    main.o(i.start_task) refers to tasks.o(i.xTaskCreate) for xTaskCreate
    main.o(i.start_task) refers to tasks.o(i.vTaskDelete) for vTaskDelete
    main.o(i.start_task) refers to port.o(i.vPortExitCritical) for vPortExitCritical
    main.o(i.start_task) refers to main.o(.data) for TaskUserIF_Handler
    main.o(i.start_task) refers to main.o(i.vTaskTaskUserIF) for vTaskTaskUserIF
    main.o(i.vTaskTaskUserIF) refers to _printf_percent.o(.ARM.Collect$$_printf_percent$$00000000) for _printf_percent
    main.o(i.vTaskTaskUserIF) refers to _printf_s.o(.ARM.Collect$$_printf_percent$$00000014) for _printf_s
    main.o(i.vTaskTaskUserIF) refers to _printf_str.o(.text) for _printf_str
    main.o(i.vTaskTaskUserIF) refers to __2printf.o(.text) for __2printf
    main.o(i.vTaskTaskUserIF) refers to tasks.o(i.vTaskList) for vTaskList
    main.o(i.vTaskTaskUserIF) refers to tasks.o(i.vTaskGetRunTimeStats) for vTaskGetRunTimeStats
    main.o(i.vTaskTaskUserIF) refers to tasks.o(i.vTaskDelay) for vTaskDelay
    system_stm32f10x.o(i.SetSysClock) refers to system_stm32f10x.o(i.SetSysClockTo72) for SetSysClockTo72
    system_stm32f10x.o(i.SystemCoreClockUpdate) refers to system_stm32f10x.o(.data) for SystemCoreClock
    system_stm32f10x.o(i.SystemInit) refers to system_stm32f10x.o(i.SetSysClock) for SetSysClock
    iot.o(i.IOT_MC_Publish) refers to _printf_percent.o(.ARM.Collect$$_printf_percent$$00000000) for _printf_percent
    iot.o(i.IOT_MC_Publish) refers to _printf_s.o(.ARM.Collect$$_printf_percent$$00000014) for _printf_s
    iot.o(i.IOT_MC_Publish) refers to _printf_str.o(.text) for _printf_str
    iot.o(i.IOT_MC_Publish) refers to __2snprintf.o(.text) for __2snprintf
    iot.o(i.IOT_MC_Publish) refers to mqttclient.o(i.MQTTPublish) for MQTTPublish
    iot.o(i.IOT_MC_Publish) refers to iot.o(.bss) for g_iot_info
[...]
    user_selector_init                       0x0801201d   Thumb Code    56  selector.o(i.user_selector_init)
    uxListRemove                             0x080120b1   Thumb Code    40  list.o(i.uxListRemove)
    uxTaskGetSystemState                     0x080120d9   Thumb Code   154  tasks.o(i.uxTaskGetSystemState)
    uxTaskPriorityGet                        0x08012191   Thumb Code    30  tasks.o(i.uxTaskPriorityGet)
    vListInitialise                          0x080121b5   Thumb Code    26  list.o(i.vListInitialise)
    vListInitialiseItem                      0x080121cf   Thumb Code     6  list.o(i.vListInitialiseItem)
    vListInsert                              0x080121d5   Thumb Code    52  list.o(i.vListInsert)
    vListInsertEnd                           0x08012209   Thumb Code    24  list.o(i.vListInsertEnd)
    vMOBILE_StartupTask                      0x08012221   Thumb Code    46  mobile_startup.o(i.vMOBILE_StartupTask)
    vMsg_Task                                0x0801225d   Thumb Code   190  usr_task.o(i.vMsg_Task)
    vPortEnterCritical                       0x0801232d   Thumb Code    68  port.o(i.vPortEnterCritical)
    vPortExitCritical                        0x080123b5   Thumb Code    48  port.o(i.vPortExitCritical)
    vPortFree                                0x08012425   Thumb Code   120  heap_4.o(i.vPortFree)
    vPortSetupTimerInterrupt                 0x080124dd   Thumb Code    26  port.o(i.vPortSetupTimerInterrupt)
    vPortValidateInterruptPriority           0x080124fd   Thumb Code    86  port.o(i.vPortValidateInterruptPriority)
    vQueueAddToRegistry                      0x0801259d   Thumb Code    38  queue.o(i.vQueueAddToRegistry)
    vQueueWaitForMessageRestricted           0x080125c9   Thumb Code    74  queue.o(i.vQueueWaitForMessageRestricted)
    vTaskDelay                               0x08012615   Thumb Code    72  tasks.o(i.vTaskDelay)
    vTaskDelete                              0x08012689   Thumb Code   192  tasks.o(i.vTaskDelete)
    vTaskGetInfo                             0x08012795   Thumb Code   114  tasks.o(i.vTaskGetInfo)
    vTaskGetRunTimeStats                     0x0801280d   Thumb Code   182  tasks.o(i.vTaskGetRunTimeStats)
    vTaskList                                0x080128e1   Thumb Code   204  tasks.o(i.vTaskList)
    vTaskMissedYield                         0x080129c1   Thumb Code     8  tasks.o(i.vTaskMissedYield)
    vTaskPlaceOnEventList                    0x080129cd   Thumb Code    42  tasks.o(i.vTaskPlaceOnEventList)
    vTaskPlaceOnEventListRestricted          0x08012a21   Thumb Code    50  tasks.o(i.vTaskPlaceOnEventListRestricted)
    vTaskPriorityInherit                     0x08012a7d   Thumb Code   164  tasks.o(i.vTaskPriorityInherit)
    vTaskResume                              0x08012b2d   Thumb Code   118  tasks.o(i.vTaskResume)
    vTaskSetTimeOutState                     0x08012bd9   Thumb Code    32  tasks.o(i.vTaskSetTimeOutState)
    vTaskStartScheduler                      0x08012c25   Thumb Code   112  tasks.o(i.vTaskStartScheduler)
    vTaskSuspend                             0x08012cd9   Thumb Code   186  tasks.o(i.vTaskSuspend)
    vTaskSuspendAll                          0x08012dd9   Thumb Code    12  tasks.o(i.vTaskSuspendAll)
    vTaskSwitchContext                       0x08012de9   Thumb Code   162  tasks.o(i.vTaskSwitchContext)
    vTaskTaskUserIF                          0x08012ed1   Thumb Code    66  main.o(i.vTaskTaskUserIF)
    waitfor                                  0x08012fd9   Thumb Code    52  mqttclient.o(i.waitfor)
    writeCString                             0x0801300d   Thumb Code    40  mqttpacket.o(i.writeCString)
    writeChar                                0x08013035   Thumb Code    12  mqttpacket.o(i.writeChar)
    writeInt                                 0x08013041   Thumb Code    48  mqttpacket.o(i.writeInt)
    writeMQTTString                          0x08013071   Thumb Code    62  mqttpacket.o(i.writeMQTTString)
    write_bin_mark                           0x080130b1   Thumb Code    50  upgrade.o(i.write_bin_mark)
    write_firmware                           0x080130fd   Thumb Code    44  upgrade.o(i.write_firmware)
    xPortStartScheduler                      0x08013145   Thumb Code   140  port.o(i.xPortStartScheduler)
    xPortSysTickHandler                      0x080131e5   Thumb Code    46  port.o(i.xPortSysTickHandler)
    xQueueCreateMutex                        0x08013219   Thumb Code    34  queue.o(i.xQueueCreateMutex)
    xQueueGenericCreate                      0x0801323d   Thumb Code    78  queue.o(i.xQueueGenericCreate)
    xQueueGenericReceive                     0x080132b1   Thumb Code   416  queue.o(i.xQueueGenericReceive)
    xQueueGenericReset                       0x08013479   Thumb Code   136  queue.o(i.xQueueGenericReset)
    xQueueGenericSend                        0x08013529   Thumb Code   412  queue.o(i.xQueueGenericSend)
    xQueueGenericSendFromISR                 0x080136ed   Thumb Code   234  queue.o(i.xQueueGenericSendFromISR)
    xTaskCheckForTimeOut                     0x080137fd   Thumb Code   116  tasks.o(i.xTaskCheckForTimeOut)
    xTaskCreate                              0x0801389d   Thumb Code    96  tasks.o(i.xTaskCreate)
    xTaskGetSchedulerState                   0x080138fd   Thumb Code    24  tasks.o(i.xTaskGetSchedulerState)
    xTaskGetTickCount                        0x0801391d   Thumb Code     6  tasks.o(i.xTaskGetTickCount)
    xTaskIncrementTick                       0x08013929   Thumb Code   272  tasks.o(i.xTaskIncrementTick)
    xTaskPriorityDisinherit                  0x08013a89   Thumb Code   168  tasks.o(i.xTaskPriorityDisinherit)
    xTaskRemoveFromEventList                 0x08013b61   Thumb Code   118  tasks.o(i.xTaskRemoveFromEventList)
    xTaskResumeAll                           0x08013c15   Thumb Code   214  tasks.o(i.xTaskResumeAll)
    xTimerCreateTimerTask                    0x08013d35   Thumb Code    54  timers.o(i.xTimerCreateTimerTask)
    xTimerGenericCommand                     0x08013da9   Thumb Code   118  timers.o(i.xTimerGenericCommand)
    _get_lc_ctype                            0x08013e4d   Thumb Code    44  lc_ctype_c.o(locale$$code)
    __aeabi_d2f                              0x08013e79   Thumb Code     0  d2f.o(x$fpl$d2f)
    _d2f                                     0x08013e79   Thumb Code    98  d2f.o(x$fpl$d2f)
    __fpl_dnaninf                            0x08013edb   Thumb Code   156  dnaninf.o(x$fpl$dnaninf)
    __aeabi_fadd                             0x08013f79   Thumb Code     0  faddsub_clz.o(x$fpl$fadd)
    _fadd                                    0x08013f79   Thumb Code   196  faddsub_clz.o(x$fpl$fadd)
    __aeabi_fdiv                             0x0801403d   Thumb Code     0  fdiv.o(x$fpl$fdiv)
    _fdiv                                    0x0801403d   Thumb Code   384  fdiv.o(x$fpl$fdiv)
    __aeabi_f2uiz                            0x080141c1   Thumb Code     0  ffixu.o(x$fpl$ffixu)
    _ffixu                                   0x080141c1   Thumb Code    62  ffixu.o(x$fpl$ffixu)
    __aeabi_ui2f                             0x08014201   Thumb Code     0  fflt_clz.o(x$fpl$ffltu)
    _ffltu                                   0x08014201   Thumb Code    38  fflt_clz.o(x$fpl$ffltu)
    __aeabi_fmul                             0x08014229   Thumb Code     0  fmul.o(x$fpl$fmul)
    _fmul                                    0x08014229   Thumb Code   258  fmul.o(x$fpl$fmul)
    __fpl_fnaninf                            0x0801432b   Thumb Code   140  fnaninf.o(x$fpl$fnaninf)
    __fpl_fretinf                            0x080143b7   Thumb Code    10  fretinf.o(x$fpl$fretinf)
    __aeabi_fsub                             0x080143c1   Thumb Code     0  faddsub_clz.o(x$fpl$fsub)
    _fsub                                    0x080143c1   Thumb Code   234  faddsub_clz.o(x$fpl$fsub)
    __I$use$fp                               0x080144aa   Number         0  usenofp.o(x$fpl$usenofp)
    AtCmdStart_N10                           0x0801455c   Data          33  mobile_startup.o(.constdata)
    AtCmdStart_ME3610                        0x0801457d   Data         399  mobile_startup.o(.constdata)
    Sbox                                     0x0801470c   Data         256  crypto.o(.constdata)
    InvSbox                                  0x0801480c   Data         256  crypto.o(.constdata)
    rcon                                     0x0801490c   Data          40  crypto.o(.constdata)
    enc_table                                0x08014934   Data        1024  crypto.o(.constdata)
    dec_table                                0x08014d34   Data        1024  crypto.o(.constdata)
    SP1                                      0x08015354   Data         256  crypto.o(.constdata)
    SP2                                      0x08015454   Data         256  crypto.o(.constdata)
    SP3                                      0x08015554   Data         256  crypto.o(.constdata)
    SP4                                      0x08015654   Data         256  crypto.o(.constdata)
    SP5                                      0x08015754   Data         256  crypto.o(.constdata)
    SP6                                      0x08015854   Data         256  crypto.o(.constdata)
    SP7                                      0x08015954   Data         256  crypto.o(.constdata)
    SP8                                      0x08015a54   Data         256  crypto.o(.constdata)
    K256                                     0x08015b54   Data         256  crypto.o(.constdata)
    _monlen                                  0x08015edd   Data          12  _monlen.o(.constdata)
    Region$$Table$$Base                      0x08015eec   Number         0  anon$$obj.o(Region$$Table)
    Region$$Table$$Limit                     0x08015f0c   Number         0  anon$$obj.o(Region$$Table)
    __ctype                                  0x08015f19   Data           0  lc_ctype_c.o(locale$$data)
    StartTask_Handler                        0x20000000   Data           4  main.o(.data)
    TaskUserIF_Handler                       0x20000004   Data           4  main.o(.data)
    SystemCoreClock                          0x20000008   Data           4  system_stm32f10x.o(.data)
    AHBPrescTable                            0x2000000c   Data          16  system_stm32f10x.o(.data)
    g_firmware_info                          0x2000001c   Data           3  iot.o(.data)
    MQTTClinetTask_Handler                   0x20000020   Data           4  usr_task.o(.data)
    MOBILETask_Handler                       0x20000024   Data           4  usr_task.o(.data)
    MSGTask_Handler                          0x20000028   Data           4  usr_task.o(.data)
    UPGRADETask_Handler                      0x2000002c   Data           4  usr_task.o(.data)
    iotInfoList                              0x20000030   Data           4  routine.o(.data)
    eqptInfoList                             0x20000034   Data           4  routine.o(.data)
    ulHighFrequencyTimerTicks                0x2000003c   Data           4  timer.o(.data)
    mobile_csq                               0x20000040   Data           1  mobile.o(.data)
    AT_cmd_now                               0x20000041   Data           1  mobile.o(.data)
    TCP_RxRingBuff                           0x20000048   Data           8  mobile_net.o(.data)
    AtCmdStart_pt                            0x20000050   Data           4  mobile_startup.o(.data)
    MOBILE_StartupPhase                      0x20000054   Data           1  mobile_startup.o(.data)
    g_selector_info                          0x2000005c   Data           6  selector.o(.data)
    g_tb_out_info                            0x20000062   Data           6  selector.o(.data)
    ftp_status                               0x20000078   Data           1  upgrade.o(.data)
    ftpFileSize                              0x20000080   Data           4  upgrade.o(.data)
    __stdout                                 0x20000088   Data           4  usart1.o(.data)
    __stdin                                  0x2000008c   Data           4  usart1.o(.data)
    pxCurrentTCB                             0x200000a8   Data           4  tasks.o(.data)
    coin_service                             0x20000124   Data        1304  iot.o(.bss)
    g_iot_info                               0x2000063c   Data         260  iot.o(.bss)
    device                                   0x2000076e   Data          67  device.o(.bss)
    payQRcode                                0x200009b1   Data        1088  prize.o(.bss)
    MD5keyId                                 0x20000df1   Data          36  prize.o(.bss)
    MD5key                                   0x20000e15   Data          36  prize.o(.bss)
    prizeUrl                                 0x20000e39   Data          68  prize.o(.bss)
    devicePrizeUrl                           0x20000e7d   Data          68  prize.o(.bss)
    client                                   0x20000ec4   Data         176  mqtt_client.o(.bss)
    ledCtr                                   0x20000f74   Data          20  led.o(.bss)
    AT_RxBuff                                0x20000f88   Data         256  mobile.o(.bss)
    AT_RxRingBuff                            0x20001088   Data          16  mobile.o(.bss)
    mobileIMEI                               0x20001098   Data          20  mobile.o(.bss)
    mobileSimCCID                            0x200010ac   Data          24  mobile.o(.bss)
    TCP0_RxRingBuff                          0x200010c4   Data          16  mobile_net.o(.bss)
    TCP1_RxRingBuff                          0x200010d4   Data          16  mobile_net.o(.bss)
    TCP_RxBuff                               0x200010e4   Data        3072  mobile_net.o(.bss)
    tMobileStartupTaskDelay                  0x20001ce4   Data          12  mobile_startup.o(.bss)
    at_cmd                                   0x20001cf0   Data         112  mobile_startup.o(.bss)
    g_service_info                           0x20001d60   Data          10  selector.o(.bss)
    coinCtr                                  0x20001d6c   Data          20  selector.o(.bss)
    g_bin_info                               0x20001d80   Data          32  hexbin.o(.bss)
    upgrade_info                             0x20001da0   Data          40  upgrade.o(.bss)
    Mobile_RxRingBuff                        0x20001dc8   Data          16  usart2.o(.bss)
    USART2_RX_BUF                            0x20001dd8   Data        1200  usart2.o(.bss)
    USART3_RX_BUF                            0x20002288   Data         200  usart3.o(.bss)
    xQueueRegistry                           0x20002350   Data          64  queue.o(.bss)
    __libspace_start                         0x200074bc   Data          96  libspace.o(.bss)
    __temporary_stack_top$libspace           0x2000751c   Data           0  libspace.o(.bss)



==============================================================================

Memory Map of the image

  Image Entry point : 0x08003131

  Load Region LR_IROM1 (Base: 0x08003000, Size: 0x00013140, Max: 0x0001e000, ABSOLUTE)

    Execution Region ER_IROM1 (Base: 0x08003000, Size: 0x0001301c, Max: 0x0001e000, ABSOLUTE)

    Base Addr    Size         Type   Attr      Idx    E Section Name        Object

    0x08003000   0x00000130   Data   RO         3293    RESET               startup_stm32f10x_hd.o
    0x08003130   0x00000008   Code   RO         6768  * !!!main             c_w.l(__main.o)
    0x08003138   0x00000034   Code   RO         7050    !!!scatter          c_w.l(__scatter.o)
    0x0800316c   0x0000001a   Code   RO         7052    !!handler_copy      c_w.l(__scatter_copy.o)
    0x08003186   0x00000002   PAD
    0x08003188   0x0000001c   Code   RO         7054    !!handler_zi        c_w.l(__scatter_zi.o)
    0x080031a4   0x00000000   Code   RO         6723    .ARM.Collect$$_printf_percent$$00000000  c_w.l(_printf_percent.o)
    0x080031a4   0x0000000a   Code   RO         6844    .ARM.Collect$$_printf_percent$$00000007  c_w.l(_printf_ll.o)
    0x080031ae   0x00000006   Code   RO         6721    .ARM.Collect$$_printf_percent$$00000009  c_w.l(_printf_d.o)
    0x080031b4   0x00000006   Code   RO         6722    .ARM.Collect$$_printf_percent$$0000000A  c_w.l(_printf_u.o)
    0x080031ba   0x00000006   Code   RO         6720    .ARM.Collect$$_printf_percent$$0000000C  c_w.l(_printf_x.o)
    0x080031c0   0x00000006   Code   RO         6724    .ARM.Collect$$_printf_percent$$0000000E  c_w.l(_printf_lld.o)
    0x080031c6   0x00000006   Code   RO         6718    .ARM.Collect$$_printf_percent$$00000013  c_w.l(_printf_c.o)
    0x080031cc   0x00000006   Code   RO         6719    .ARM.Collect$$_printf_percent$$00000014  c_w.l(_printf_s.o)
    0x080031d2   0x00000004   Code   RO         6843    .ARM.Collect$$_printf_percent$$00000017  c_w.l(_printf_percent_end.o)
    0x080031d6   0x00000002   Code   RO         6993    .ARM.Collect$$libinit$$00000000  c_w.l(libinit.o)
    0x080031d8   0x00000000   Code   RO         6859    .ARM.Collect$$libinit$$00000002  c_w.l(libinit2.o)
    0x080031d8   0x00000000   Code   RO         6861    .ARM.Collect$$libinit$$00000004  c_w.l(libinit2.o)
    0x080031d8   0x00000008   Code   RO         6862    .ARM.Collect$$libinit$$00000005  c_w.l(libinit2.o)
    0x080031e0   0x00000000   Code   RO         6864    .ARM.Collect$$libinit$$0000000A  c_w.l(libinit2.o)
    0x080031e0   0x00000000   Code   RO         6866    .ARM.Collect$$libinit$$0000000C  c_w.l(libinit2.o)
    0x080031e0   0x00000000   Code   RO         6868    .ARM.Collect$$libinit$$0000000E  c_w.l(libinit2.o)
    0x080031e0   0x00000006   Code   RO         6869    .ARM.Collect$$libinit$$0000000F  c_w.l(libinit2.o)
    0x080031e6   0x00000000   Code   RO         6871    .ARM.Collect$$libinit$$00000011  c_w.l(libinit2.o)
    0x080031e6   0x0000000c   Code   RO         6872    .ARM.Collect$$libinit$$00000012  c_w.l(libinit2.o)
    0x080031f2   0x00000000   Code   RO         6873    .ARM.Collect$$libinit$$00000013  c_w.l(libinit2.o)
    0x080031f2   0x00000000   Code   RO         6875    .ARM.Collect$$libinit$$00000015  c_w.l(libinit2.o)
    0x080031f2   0x00000000   Code   RO         6877    .ARM.Collect$$libinit$$00000017  c_w.l(libinit2.o)
    0x080031f2   0x00000000   Code   RO         6879    .ARM.Collect$$libinit$$00000019  c_w.l(libinit2.o)
    0x080031f2   0x00000000   Code   RO         6881    .ARM.Collect$$libinit$$0000001B  c_w.l(libinit2.o)
    0x080031f2   0x00000000   Code   RO         6883    .ARM.Collect$$libinit$$0000001D  c_w.l(libinit2.o)
    0x080031f2   0x00000000   Code   RO         6885    .ARM.Collect$$libinit$$0000001F  c_w.l(libinit2.o)
    0x080031f2   0x00000000   Code   RO         6887    .ARM.Collect$$libinit$$00000021  c_w.l(libinit2.o)
    0x080031f2   0x00000000   Code   RO         6889    .ARM.Collect$$libinit$$00000023  c_w.l(libinit2.o)
    0x080031f2   0x00000000   Code   RO         6891    .ARM.Collect$$libinit$$00000025  c_w.l(libinit2.o)
    0x080031f2   0x00000000   Code   RO         6895    .ARM.Collect$$libinit$$0000002C  c_w.l(libinit2.o)
    0x080031f2   0x00000000   Code   RO         6897    .ARM.Collect$$libinit$$0000002E  c_w.l(libinit2.o)
    0x080031f2   0x00000000   Code   RO         6899    .ARM.Collect$$libinit$$00000030  c_w.l(libinit2.o)
    0x080031f2   0x00000000   Code   RO         6901    .ARM.Collect$$libinit$$00000032  c_w.l(libinit2.o)
    0x080031f2   0x00000002   Code   RO         6902    .ARM.Collect$$libinit$$00000033  c_w.l(libinit2.o)
    0x080031f4   0x00000002   Code   RO         7047    .ARM.Collect$$libshutdown$$00000000  c_w.l(libshutdown.o)
    0x080031f6   0x00000000   Code   RO         7005    .ARM.Collect$$libshutdown$$00000002  c_w.l(libshutdown2.o)
    0x080031f6   0x00000000   Code   RO         7007    .ARM.Collect$$libshutdown$$00000004  c_w.l(libshutdown2.o)
    0x080031f6   0x00000000   Code   RO         7010    .ARM.Collect$$libshutdown$$00000007  c_w.l(libshutdown2.o)
    0x080031f6   0x00000000   Code   RO         7013    .ARM.Collect$$libshutdown$$0000000A  c_w.l(libshutdown2.o)
    0x080031f6   0x00000000   Code   RO         7015    .ARM.Collect$$libshutdown$$0000000C  c_w.l(libshutdown2.o)
    0x080031f6   0x00000000   Code   RO         7018    .ARM.Collect$$libshutdown$$0000000F  c_w.l(libshutdown2.o)
    0x080031f6   0x00000002   Code   RO         7019    .ARM.Collect$$libshutdown$$00000010  c_w.l(libshutdown2.o)
    0x080031f8   0x00000000   Code   RO         6798    .ARM.Collect$$rtentry$$00000000  c_w.l(__rtentry.o)
    0x080031f8   0x00000000   Code   RO         6916    .ARM.Collect$$rtentry$$00000002  c_w.l(__rtentry2.o)
    0x080031f8   0x00000006   Code   RO         6928    .ARM.Collect$$rtentry$$00000004  c_w.l(__rtentry4.o)
    0x080031fe   0x00000000   Code   RO         6918    .ARM.Collect$$rtentry$$00000009  c_w.l(__rtentry2.o)
    0x080031fe   0x00000004   Code   RO         6919    .ARM.Collect$$rtentry$$0000000A  c_w.l(__rtentry2.o)
    0x08003202   0x00000000   Code   RO         6921    .ARM.Collect$$rtentry$$0000000C  c_w.l(__rtentry2.o)
    0x08003202   0x00000008   Code   RO         6922    .ARM.Collect$$rtentry$$0000000D  c_w.l(__rtentry2.o)
    0x0800320a   0x00000002   Code   RO         6994    .ARM.Collect$$rtexit$$00000000  c_w.l(rtexit.o)
    0x0800320c   0x00000000   Code   RO         7021    .ARM.Collect$$rtexit$$00000002  c_w.l(rtexit2.o)
    0x0800320c   0x00000004   Code   RO         7022    .ARM.Collect$$rtexit$$00000003  c_w.l(rtexit2.o)
    0x08003210   0x00000006   Code   RO         7023    .ARM.Collect$$rtexit$$00000004  c_w.l(rtexit2.o)
    0x08003216   0x00000002   PAD
    0x08003218   0x00000096   Code   RO         5994    .emb_text           port.o
    0x080032ae   0x00000002   PAD
    0x080032b0   0x00000000   Code   RO         6934    .emb_text           c_w.l(maybetermalloc1.o)
    0x080032b0   0x00000040   Code   RO         3294    .text               startup_stm32f10x_hd.o
    0x080032f0   0x00000002   Code   RO         6591    .text               c_w.l(use_no_semi_2.o)
    0x080032f2   0x0000005e   Code   RO         6597    .text               c_w.l(h1_alloc.o)
    0x08003350   0x0000004e   Code   RO         6599    .text               c_w.l(h1_free.o)
    0x0800339e   0x00000002   PAD
    0x080033a0   0x00000018   Code   RO         6655    .text               c_w.l(__2printf.o)
    0x080033b8   0x0000002c   Code   RO         6657    .text               c_w.l(__2sprintf.o)
    0x080033e4   0x00000038   Code   RO         6659    .text               c_w.l(__2snprintf.o)
    0x0800341c   0x0000004e   Code   RO         6669    .text               c_w.l(_printf_pad.o)
    0x0800346a   0x00000052   Code   RO         6671    .text               c_w.l(_printf_str.o)
    0x080034bc   0x00000078   Code   RO         6673    .text               c_w.l(_printf_dec.o)
    0x08003534   0x0000007c   Code   RO         6675    .text               c_w.l(_printf_longlong_dec.o)
    0x080035b0   0x00000058   Code   RO         6680    .text               c_w.l(_printf_hex_int.o)
    0x08003608   0x00000188   Code   RO         6715    .text               c_w.l(__printf_flags_ss_wp.o)
    0x08003790   0x0000003c   Code   RO         6725    .text               c_w.l(__0sscanf.o)
    0x080037cc   0x0000014c   Code   RO         6727    .text               c_w.l(_scanf_int.o)
    0x08003918   0x000000e0   Code   RO         6729    .text               c_w.l(_scanf_str.o)
    0x080039f8   0x0000001a   Code   RO         6731    .text               c_w.l(atoi.o)
    0x08003a12   0x00000014   Code   RO         6733    .text               c_w.l(strchr.o)
    0x08003a26   0x00000024   Code   RO         6735    .text               c_w.l(strstr.o)
    0x08003a4a   0x00000058   Code   RO         6737    .text               c_w.l(memcmp.o)
    0x08003aa2   0x00000048   Code   RO         6739    .text               c_w.l(strcpy.o)
    0x08003aea   0x0000003e   Code   RO         6741    .text               c_w.l(strlen.o)
    0x08003b28   0x00000096   Code   RO         6743    .text               c_w.l(strncmp.o)
    0x08003bbe   0x00000018   Code   RO         6745    .text               c_w.l(strcat.o)
    0x08003bd6   0x0000008a   Code   RO         6747    .text               c_w.l(rt_memcpy_v6.o)
    0x08003c60   0x00000064   Code   RO         6749    .text               c_w.l(rt_memcpy_w.o)
    0x08003cc4   0x00000010   Code   RO         6751    .text               c_w.l(aeabi_memset.o)
    0x08003cd4   0x00000044   Code   RO         6753    .text               c_w.l(rt_memclr.o)
    0x08003d18   0x0000004e   Code   RO         6755    .text               c_w.l(rt_memclr_w.o)
    0x08003d66   0x00000056   Code   RO         6757    .text               c_w.l(strncpy.o)
    0x08003dbc   0x00000080   Code   RO         6759    .text               c_w.l(strcmpv7m.o)
    0x08003e3c   0x000001a8   Code   RO         6764    .text               c_w.l(mktime.o)
    0x08003fe4   0x00000006   Code   RO         6766    .text               c_w.l(heapauxi.o)
    0x08003fea   0x00000002   Code   RO         6794    .text               c_w.l(use_no_semi.o)
    0x08003fec   0x00000008   Code   RO         6802    .text               c_w.l(rt_heap_descriptor_intlibspace.o)
    0x08003ff4   0x00000008   Code   RO         6807    .text               c_w.l(rt_errno_addr_intlibspace.o)
    0x08003ffc   0x00000004   Code   RO         6809    .text               c_w.l(hguard.o)
    0x08004000   0x0000008a   Code   RO         6811    .text               c_w.l(init_alloc.o)
    0x0800408a   0x0000000e   Code   RO         6815    .text               c_w.l(h1_init.o)
    0x08004098   0x0000008a   Code   RO         6829    .text               c_w.l(lludiv10.o)
    0x08004122   0x000000b2   Code   RO         6831    .text               c_w.l(_printf_intcommon.o)
    0x080041d4   0x00000030   Code   RO         6833    .text               c_w.l(_printf_char_common.o)
    0x08004204   0x0000000a   Code   RO         6835    .text               c_w.l(_sputc.o)
    0x0800420e   0x00000010   Code   RO         6837    .text               c_w.l(_snputc.o)
    0x0800421e   0x0000002c   Code   RO         6839    .text               c_w.l(_printf_char.o)
    0x0800424a   0x00000002   PAD
    0x0800424c   0x00000024   Code   RO         6841    .text               c_w.l(_printf_char_file.o)
    0x08004270   0x0000001c   Code   RO         6845    .text               c_w.l(_chval.o)
    0x0800428c   0x0000002c   Code   RO         6847    .text               c_w.l(scanf_char.o)
    0x080042b8   0x00000040   Code   RO         6849    .text               c_w.l(_sgetc.o)
    0x080042f8   0x00000070   Code   RO         6851    .text               c_w.l(strtol.o)
    0x08004368   0x00000008   Code   RO         6912    .text               c_w.l(libspace.o)
    0x08004370   0x00000010   Code   RO         6930    .text               c_w.l(rt_ctype_table.o)
    0x08004380   0x00000034   Code   RO         6936    .text               c_w.l(h1_extend.o)
    0x080043b4   0x00000012   Code   RO         6940    .text               c_w.l(isspace.o)
    0x080043c6   0x00000002   PAD
    0x080043c8   0x00000374   Code   RO         6944    .text               c_w.l(_scanf.o)
    0x0800473c   0x0000009e   Code   RO         6946    .text               c_w.l(_strtoul.o)
    0x080047da   0x00000008   Code   RO         6948    .text               c_w.l(ferror.o)
    0x080047e2   0x0000000e   Code   RO         6952    .text               c_w.l(defsig_rtmem_outer.o)
    0x080047f0   0x0000004a   Code   RO         6964    .text               c_w.l(sys_stackheap_outer.o)
    0x0800483a   0x00000002   PAD
    0x0800483c   0x00000008   Code   RO         6971    .text               c_w.l(rt_locale_intlibspace.o)
    0x08004844   0x00000012   Code   RO         6978    .text               c_w.l(exit.o)
    0x08004856   0x0000000a   Code   RO         6980    .text               c_w.l(defsig_exit.o)
    0x08004860   0x00000050   Code   RO         6982    .text               c_w.l(defsig_rtmem_inner.o)
    0x080048b0   0x00000032   Code   RO         7002    .text               c_w.l(defsig_general.o)
    0x080048e2   0x00000008   Code   RO         2294    i.AT24CXX_Init      24cxx.o
    0x080048ea   0x00000022   Code   RO         2295    i.AT24CXX_Read      24cxx.o
    0x0800490c   0x00000054   Code   RO         2296    i.AT24CXX_ReadOneByte  24cxx.o
    0x08004960   0x00000024   Code   RO         2297    i.AT24CXX_Write     24cxx.o
    0x08004984   0x00000046   Code   RO         2298    i.AT24CXX_WriteOneByte  24cxx.o
    0x080049ca   0x00000010   Code   RO         4600    i.BKP_DeInit        stm32f10x_bkp.o
    0x080049da   0x00000002   PAD
    0x080049dc   0x0000001c   Code   RO         4605    i.BKP_ReadBackupRegister  stm32f10x_bkp.o
    0x080049f8   0x0000001c   Code   RO         4609    i.BKP_WriteBackupRegister  stm32f10x_bkp.o
    0x08004a14   0x00000004   Code   RO          470    i.BusFault_Handler  stm32f10x_it.o
    0x08004a18   0x00000020   Code   RO         2548    i.COIN_OUT_SET      selector.o
    0x08004a38   0x00000020   Code   RO         2038    i.COMM_PutCs        mobile.o
    0x08004a58   0x0000000c   Code   RO         2039    i.COMM_Puts         mobile.o
    0x08004a64   0x00000084   Code   RO         2240    i.Clock_SetTime     rtc.o
    0x08004ae8   0x00000048   Code   RO         2549    i.CoinCtr           selector.o
    0x08004b30   0x00000016   Code   RO         2550    i.CoinInSet         selector.o
    0x08004b46   0x00000002   PAD
    0x08004b48   0x000001a0   Code   RO         2620    i.ConvertHexToBin   hexbin.o
    0x08004ce8   0x00000008   Code   RO         6225    i.Crypto_DeInit     M3_CryptoFW_2_0_6.lib(crypto.o)
    0x08004cf0   0x00000044   Code   RO         2551    i.CtrCoin           selector.o
    0x08004d34   0x00000024   Code   RO         1915    i.CtrLed            led.o
    0x08004d58   0x00000018   Code   RO         4378    i.DMA_Cmd           stm32f10x_dma.o
    0x08004d70   0x00000050   Code   RO         2017    i.DMA_Config        dma.o
    0x08004dc0   0x0000014c   Code   RO         4379    i.DMA_DeInit        stm32f10x_dma.o
    0x08004f0c   0x00000020   Code   RO         2018    i.DMA_Enable        dma.o
    0x08004f2c   0x00000008   Code   RO         4380    i.DMA_GetCurrDataCounter  stm32f10x_dma.o
    0x08004f34   0x0000003c   Code   RO         4384    i.DMA_Init          stm32f10x_dma.o
    0x08004f70   0x00000004   Code   RO         4385    i.DMA_SetCurrDataCounter  stm32f10x_dma.o
    0x08004f74   0x00000002   Code   RO          471    i.DebugMon_Handler  stm32f10x_it.o
    0x08004f76   0x00000002   PAD
    0x08004f78   0x0000000c   Code   RO         5055    i.EXTI_ClearITPendingBit  stm32f10x_exti.o
    0x08004f84   0x00000028   Code   RO         5059    i.EXTI_GetITStatus  stm32f10x_exti.o
    0x08004fac   0x00000094   Code   RO         5060    i.EXTI_Init         stm32f10x_exti.o
    0x08005040   0x0000000c   Code   RO         4880    i.FLASH_ClearFlag   stm32f10x_flash.o
    0x0800504c   0x0000004c   Code   RO         4885    i.FLASH_ErasePage   stm32f10x_flash.o
    0x08005098   0x00000034   Code   RO         4886    i.FLASH_GetBank1Status  stm32f10x_flash.o
    0x080050cc   0x00000014   Code   RO         4895    i.FLASH_Lock        stm32f10x_flash.o
    0x080050e0   0x0000006c   Code   RO         4900    i.FLASH_ProgramWord  stm32f10x_flash.o
    0x0800514c   0x00000018   Code   RO         4903    i.FLASH_Unlock      stm32f10x_flash.o
    0x08005164   0x00000026   Code   RO         4907    i.FLASH_WaitForLastOperation  stm32f10x_flash.o
    0x0800518a   0x0000000c   Code   RO         1365    i.FreeRTOS_disconnect  mqttfreertos.o
    0x08005196   0x00000052   Code   RO         1366    i.FreeRTOS_read     mqttfreertos.o
    0x080051e8   0x00000116   Code   RO         3340    i.GPIO_Init         stm32f10x_gpio.o
    0x080052fe   0x00000012   Code   RO         3344    i.GPIO_ReadInputDataBit  stm32f10x_gpio.o
    0x08005310   0x00000004   Code   RO         3347    i.GPIO_ResetBits    stm32f10x_gpio.o
    0x08005314   0x00000004   Code   RO         3348    i.GPIO_SetBits      stm32f10x_gpio.o
    0x08005318   0x00000020   Code   RO         2621    i.GetAppAddress     hexbin.o
    0x08005338   0x00000020   Code   RO         2622    i.GetFirstByte      hexbin.o
    0x08005358   0x000000bc   Code   RO         2623    i.GetHexLineData    hexbin.o
    0x08005414   0x00000060   Code   RO         2624    i.GetLine           hexbin.o
    0x08005474   0x00000076   Code   RO         2625    i.GetNextLine       hexbin.o
    0x080054ea   0x00000022   Code   RO         2626    i.GetStartAddress   hexbin.o
    0x0800550c   0x000000e4   Code   RO         2281    i.Get_ChipID        chip.o
    0x080055f0   0x00000010   Code   RO         6278    i.HMAC_SHA1_Append  M3_CryptoFW_2_0_6.lib(crypto.o)
    0x08005600   0x000000a0   Code   RO         6279    i.HMAC_SHA1_Finish  M3_CryptoFW_2_0_6.lib(crypto.o)
    0x080056a0   0x00000154   Code   RO         6280    i.HMAC_SHA1_Init    M3_CryptoFW_2_0_6.lib(crypto.o)
    0x080057f4   0x00000002   Code   RO         2040    i.Hang_Up           mobile.o
    0x080057f6   0x00000004   Code   RO          472    i.HardFault_Handler  stm32f10x_it.o
    0x080057fa   0x00000032   Code   RO         2627    i.HexCharToByte     hexbin.o
    0x0800582c   0x00000050   Code   RO         2335    i.IIC_Ack           myiic.o
    0x0800587c   0x00000034   Code   RO         2336    i.IIC_Init          myiic.o
    0x080058b0   0x00000050   Code   RO         2337    i.IIC_NAck          myiic.o
    0x08005900   0x00000070   Code   RO         2338    i.IIC_Read_Byte     myiic.o
    0x08005970   0x00000068   Code   RO         2339    i.IIC_Send_Byte     myiic.o
    0x080059d8   0x0000004c   Code   RO         2340    i.IIC_Start         myiic.o
    0x08005a24   0x0000004c   Code   RO         2341    i.IIC_Stop          myiic.o
    0x08005a70   0x00000064   Code   RO         2342    i.IIC_Wait_Ack      myiic.o
    0x08005ad4   0x0000005c   Code   RO          575    i.IOT_MC_Publish    iot.o
    0x08005b30   0x00000244   Code   RO          576    i.IOT_MC_Subscribe  iot.o
    0x08005d74   0x00000040   Code   RO         1916    i.LED_Init          led.o
    0x08005db4   0x00000010   Code   RO         1917    i.LED_OFF           led.o
    0x08005dc4   0x00000010   Code   RO         1918    i.LED_ON            led.o
    0x08005dd4   0x00000040   Code   RO         1919    i.LedCtr            led.o
    0x08005e14   0x0000001c   Code   RO         1920    i.LedSetStatus      led.o
    0x08005e30   0x0000007c   Code   RO         1145    i.MD5KeyId_read     prize.o
    0x08005eac   0x00000078   Code   RO         1146    i.MD5Key_read       prize.o
    0x08005f24   0x0000002a   Code   RO         6290    i.MD5_Append        M3_CryptoFW_2_0_6.lib(crypto.o)
    0x08005f4e   0x00000090   Code   RO         6291    i.MD5_Finish        M3_CryptoFW_2_0_6.lib(crypto.o)
    0x08005fde   0x00000002   PAD
    0x08005fe0   0x0000003c   Code   RO         6292    i.MD5_Init          M3_CryptoFW_2_0_6.lib(crypto.o)
    0x0800601c   0x00000074   Code   RO         2041    i.MOBILE_CTR_Config  mobile.o
    0x08006090   0x00000020   Code   RO         2042    i.MOBILE_POWER      mobile.o
    0x080060b0   0x00000014   Code   RO         2043    i.MOBILE_RESET_OFF  mobile.o
    0x080060c4   0x00000014   Code   RO         2044    i.MOBILE_RESET_ON   mobile.o
    0x080060d8   0x00000258   Code   RO         2203    i.MOBILE_Startup    mobile_startup.o
    0x08006330   0x0000000c   Code   RO         2204    i.MOBILE_Startup_Init  mobile_startup.o
    0x0800633c   0x0000001a   Code   RO         1208    i.MQTTCleanSession  mqttclient.o
    0x08006356   0x0000000c   Code   RO         1209    i.MQTTClientCallbackInit  mqttclient.o
    0x08006362   0x00000068   Code   RO         1210    i.MQTTClientInit    mqttclient.o
    0x080063ca   0x00000010   Code   RO         1211    i.MQTTCloseSession  mqttclient.o
    0x080063da   0x00000012   Code   RO         1212    i.MQTTConnect       mqttclient.o
    0x080063ec   0x000000d4   Code   RO         1213    i.MQTTConnectWithResults  mqttclient.o
    0x080064c0   0x0000006c   Code   RO         1586    i.MQTTDeserialize_ack  mqttdeserializepublish.o
    0x0800652c   0x00000076   Code   RO         1520    i.MQTTDeserialize_connack  mqttconnectclient.o
    0x080065a2   0x000000a8   Code   RO         1587    i.MQTTDeserialize_publish  mqttdeserializepublish.o
    0x0800664a   0x00000092   Code   RO         1831    i.MQTTDeserialize_suback  mqttsubscribeclient.o
    0x080066dc   0x00000052   Code   RO         1214    i.MQTTDisconnect    mqttclient.o
    0x0800672e   0x00000006   Code   RO         1215    i.MQTTIsConnected   mqttclient.o
    0x08006734   0x00000058   Code   RO         1674    i.MQTTPacket_decode  mqttpacket.o
    0x0800678c   0x0000001c   Code   RO         1675    i.MQTTPacket_decodeBuf  mqttpacket.o
    0x080067a8   0x00000036   Code   RO         1677    i.MQTTPacket_encode  mqttpacket.o
    0x080067de   0x00000042   Code   RO         1678    i.MQTTPacket_equals  mqttpacket.o
    0x08006820   0x00000028   Code   RO         1679    i.MQTTPacket_len    mqttpacket.o
    0x08006848   0x00000150   Code   RO         1216    i.MQTTPublish       mqttclient.o
    0x08006998   0x0000003a   Code   RO         1217    i.MQTTRun           mqttclient.o
    0x080069d2   0x00000072   Code   RO         1789    i.MQTTSerialize_ack  mqttserializepublish.o
    0x08006a44   0x00000168   Code   RO         1521    i.MQTTSerialize_connect  mqttconnectclient.o
    0x08006bac   0x00000076   Code   RO         1522    i.MQTTSerialize_connectLength  mqttconnectclient.o
    0x08006c22   0x00000012   Code   RO         1523    i.MQTTSerialize_disconnect  mqttconnectclient.o
    0x08006c34   0x00000012   Code   RO         1524    i.MQTTSerialize_pingreq  mqttconnectclient.o
    0x08006c46   0x000000b0   Code   RO         1792    i.MQTTSerialize_publish  mqttserializepublish.o
    0x08006cf6   0x00000022   Code   RO         1793    i.MQTTSerialize_publishLength  mqttserializepublish.o
    0x08006d18   0x000000b0   Code   RO         1832    i.MQTTSerialize_subscribe  mqttsubscribeclient.o
    0x08006dc8   0x0000002e   Code   RO         1833    i.MQTTSerialize_subscribeLength  mqttsubscribeclient.o
    0x08006df6   0x0000004c   Code   RO         1525    i.MQTTSerialize_zero  mqttconnectclient.o
    0x08006e42   0x0000008a   Code   RO         1218    i.MQTTSetMessageHandler  mqttclient.o
    0x08006ecc   0x00000018   Code   RO         1219    i.MQTTStartTask     mqttclient.o
    0x08006ee4   0x00000020   Code   RO         1220    i.MQTTSubscribe     mqttclient.o
    0x08006f04   0x000000dc   Code   RO         1221    i.MQTTSubscribeWithResults  mqttclient.o
    0x08006fe0   0x00000018   Code   RO         1682    i.MQTTstrlen        mqttpacket.o
    0x08006ff8   0x00000004   Code   RO          473    i.MemManage_Handler  stm32f10x_it.o
    0x08006ffc   0x00000034   Code   RO         1458    i.MqttClientConnected  mqtt_client.o
    0x08007030   0x00000030   Code   RO         1459    i.MqttClientDisconnected  mqtt_client.o
    0x08007060   0x0000003c   Code   RO         1460    i.MqttClientInited  mqtt_client.o
    0x0800709c   0x00000430   Code   RO         1461    i.Mqtt_Clinet_Task  mqtt_client.o
    0x080074cc   0x0000000e   Code   RO         1368    i.MutexInit         mqttfreertos.o
    0x080074da   0x00000012   Code   RO         1369    i.MutexLock         mqttfreertos.o
    0x080074ec   0x00000012   Code   RO         1370    i.MutexUnlock       mqttfreertos.o
    0x080074fe   0x00000002   Code   RO          474    i.NMI_Handler       stm32f10x_it.o
    0x08007500   0x00000070   Code   RO         3298    i.NVIC_Init         misc.o
    0x08007570   0x00000014   Code   RO         3299    i.NVIC_PriorityGroupConfig  misc.o
    0x08007584   0x0000002a   Code   RO         1371    i.NetworkConnect    mqttfreertos.o
    0x080075ae   0x00000002   PAD
    0x080075b0   0x00000020   Code   RO         1372    i.NetworkInit       mqttfreertos.o
    0x080075d0   0x00000006   Code   RO         1224    i.NewMessageData    mqttclient.o
    0x080075d6   0x00000096   Code   RO         2440    i.PVD_Configuration  pvd.o
    0x0800766c   0x00000060   Code   RO         2441    i.PVD_IRQHandler    pvd.o
    0x080076cc   0x0000000c   Code   RO         4538    i.PWR_BackupAccessCmd  stm32f10x_pwr.o
    0x080076d8   0x0000000c   Code   RO         4544    i.PWR_PVDCmd        stm32f10x_pwr.o
    0x080076e4   0x00000018   Code   RO         4545    i.PWR_PVDLevelConfig  stm32f10x_pwr.o
    0x080076fc   0x00000070   Code   RO         3250    i.ParseForStream    protobuf.o
    0x0800776c   0x00000020   Code   RO         3449    i.RCC_AHBPeriphClockCmd  stm32f10x_rcc.o
    0x0800778c   0x00000020   Code   RO         3450    i.RCC_APB1PeriphClockCmd  stm32f10x_rcc.o
    0x080077ac   0x00000020   Code   RO         3451    i.RCC_APB1PeriphResetCmd  stm32f10x_rcc.o
    0x080077cc   0x00000020   Code   RO         3452    i.RCC_APB2PeriphClockCmd  stm32f10x_rcc.o
    0x080077ec   0x00000020   Code   RO         3453    i.RCC_APB2PeriphResetCmd  stm32f10x_rcc.o
    0x0800780c   0x0000000c   Code   RO         3455    i.RCC_BackupResetCmd  stm32f10x_rcc.o
    0x08007818   0x000000d4   Code   RO         3460    i.RCC_GetClocksFreq  stm32f10x_rcc.o
    0x080078ec   0x0000003c   Code   RO         3461    i.RCC_GetFlagStatus  stm32f10x_rcc.o
    0x08007928   0x00000034   Code   RO         3468    i.RCC_LSEConfig     stm32f10x_rcc.o
    0x0800795c   0x0000000c   Code   RO         3475    i.RCC_RTCCLKCmd     stm32f10x_rcc.o
    0x08007968   0x00000010   Code   RO         3476    i.RCC_RTCCLKConfig  stm32f10x_rcc.o
    0x08007978   0x0000000a   Code   RO         3040    i.RINGBUF_Clear     ringbuf.o
    0x08007982   0x0000002e   Code   RO         3041    i.RINGBUF_Get       ringbuf.o
    0x080079b0   0x0000001e   Code   RO         3042    i.RINGBUF_GetFill   ringbuf.o
    0x080079ce   0x0000001e   Code   RO         3043    i.RINGBUF_Init      ringbuf.o
    0x080079ec   0x0000002a   Code   RO         3044    i.RINGBUF_Put       ringbuf.o
    0x08007a16   0x00000002   PAD
    0x08007a18   0x00000010   Code   RO         4449    i.RTC_ClearITPendingBit  stm32f10x_rtc.o
    0x08007a28   0x00000014   Code   RO         4450    i.RTC_EnterConfigMode  stm32f10x_rtc.o
    0x08007a3c   0x00000014   Code   RO         4451    i.RTC_ExitConfigMode  stm32f10x_rtc.o
    0x08007a50   0x00000014   Code   RO         4452    i.RTC_GetCounter    stm32f10x_rtc.o
    0x08007a64   0x00000024   Code   RO         4455    i.RTC_GetITStatus   stm32f10x_rtc.o
    0x08007a88   0x00000014   Code   RO         2241    i.RTC_IRQHandler    rtc.o
    0x08007a9c   0x00000020   Code   RO         4456    i.RTC_ITConfig      stm32f10x_rtc.o
    0x08007abc   0x00000118   Code   RO         2242    i.RTC_Init          rtc.o
    0x08007bd4   0x0000001c   Code   RO         4458    i.RTC_SetCounter    stm32f10x_rtc.o
    0x08007bf0   0x00000020   Code   RO         4459    i.RTC_SetPrescaler  stm32f10x_rtc.o
    0x08007c10   0x00000014   Code   RO         4460    i.RTC_WaitForLastTask  stm32f10x_rtc.o
    0x08007c24   0x00000024   Code   RO         4461    i.RTC_WaitForSynchro  stm32f10x_rtc.o
    0x08007c48   0x00000070   Code   RO         2552    i.SELECTOR_GPIO_Config  selector.o
    0x08007cb8   0x00000188   Code   RO         6318    i.SHA1Final         M3_CryptoFW_2_0_6.lib(crypto.o)
    0x08007e40   0x0000037c   Code   RO         6320    i.SHA1Transform     M3_CryptoFW_2_0_6.lib(crypto.o)
    0x080081bc   0x000000bc   Code   RO         6322    i.SHA1_Append       M3_CryptoFW_2_0_6.lib(crypto.o)
    0x08008278   0x00000090   Code   RO         6323    i.SHA1_Finish       M3_CryptoFW_2_0_6.lib(crypto.o)
    0x08008308   0x00000046   Code   RO         6120    i.STM32_MD5_HASH_DigestCompute  hash_crypt.o
    0x0800834e   0x00000050   Code   RO         6121    i.STM32_SHA1_HMAC_Compute  hash_crypt.o
    0x0800839e   0x00000002   PAD
    0x080083a0   0x00000098   Code   RO         2389    i.STMFLASH_Erase    flash.o
    0x08008438   0x00000006   Code   RO         2392    i.STMFLASH_ReadWord  flash.o
    0x0800843e   0x00000002   PAD
    0x08008440   0x00000114   Code   RO         3251    i.Serialize         protobuf.o
    0x08008554   0x00000022   Code   RO         3252    i.SerializeToOstream  protobuf.o
    0x08008576   0x00000008   Code   RO          541    i.SetSysClock       system_stm32f10x.o
    0x0800857e   0x00000002   PAD
    0x08008580   0x000000e0   Code   RO          542    i.SetSysClockTo72   system_stm32f10x.o
    0x08008660   0x00000028   Code   RO         3302    i.SysTick_CLKSourceConfig  misc.o
    0x08008688   0x00000010   Code   RO         2801    i.SysTick_Handler   delay.o
    0x08008698   0x00000010   Code   RO         2842    i.Sys_Soft_Reset    sys.o
    0x080086a8   0x00000060   Code   RO          544    i.SystemInit        system_stm32f10x.o
    0x08008708   0x0000006c   Code   RO         2045    i.TCP1_Disconnected  mobile.o
    0x08008774   0x0000001e   Code   RO         1960    i.TIM2_IRQHandler   timer.o
    0x08008792   0x00000002   PAD
    0x08008794   0x0000002c   Code   RO         1961    i.TIM3_IRQHandler   timer.o
    0x080087c0   0x00000060   Code   RO         1962    i.TIM3_Int_Init     timer.o
    0x08008820   0x00000030   Code   RO         1963    i.TIM5_IRQHandler   timer.o
    0x08008850   0x00000060   Code   RO         1964    i.TIM5_Int_Init     timer.o
    0x080088b0   0x00000006   Code   RO         3839    i.TIM_ClearITPendingBit  stm32f10x_tim.o
    0x080088b6   0x00000018   Code   RO         3844    i.TIM_Cmd           stm32f10x_tim.o
    0x080088ce   0x00000022   Code   RO         3865    i.TIM_GetITStatus   stm32f10x_tim.o
    0x080088f0   0x00000012   Code   RO         3869    i.TIM_ITConfig      stm32f10x_tim.o
    0x08008902   0x00000004   Code   RO         3909    i.TIM_SetCounter    stm32f10x_tim.o
    0x08008906   0x00000002   PAD
    0x08008908   0x000000a4   Code   RO         3915    i.TIM_TimeBaseInit  stm32f10x_tim.o
    0x080089ac   0x0000003c   Code   RO         1373    i.ThreadStart       mqttfreertos.o
    0x080089e8   0x00000052   Code   RO         1965    i.Timer2_Init_Config  timer.o
    0x08008a3a   0x00000028   Code   RO         1966    i.Timer2_Start      timer.o
    0x08008a62   0x00000016   Code   RO         1967    i.Timer2_Stop       timer.o
    0x08008a78   0x00000016   Code   RO         1374    i.TimerCountdown    mqttfreertos.o
    0x08008a8e   0x00000010   Code   RO         1375    i.TimerCountdownMS  mqttfreertos.o
    0x08008a9e   0x0000000a   Code   RO         1376    i.TimerInit         mqttfreertos.o
    0x08008aa8   0x00000016   Code   RO         1377    i.TimerIsExpired    mqttfreertos.o
    0x08008abe   0x00000010   Code   RO         1378    i.TimerLeftMS       mqttfreertos.o
    0x08008ace   0x00000002   PAD
    0x08008ad0   0x00000028   Code   RO         2874    i.USART1_SendByte   usart1.o
    0x08008af8   0x00000048   Code   RO         2932    i.USART2_IRQHandler  usart2.o
    0x08008b40   0x00000016   Code   RO         2933    i.USART2_PutString  usart2.o
    0x08008b56   0x00000002   PAD
    0x08008b58   0x00000028   Code   RO         2934    i.USART2_SendByte   usart2.o
    0x08008b80   0x00000060   Code   RO         2974    i.USART3_IRQHandler  usart3.o
    0x08008be0   0x00000038   Code   RO         2976    i.USART3_SendData   usart3.o
    0x08008c18   0x00000012   Code   RO         3648    i.USART_ClearFlag   stm32f10x_usart.o
    0x08008c2a   0x0000001e   Code   RO         3649    i.USART_ClearITPendingBit  stm32f10x_usart.o
    0x08008c48   0x00000018   Code   RO         3652    i.USART_Cmd         stm32f10x_usart.o
    0x08008c60   0x00000012   Code   RO         3653    i.USART_DMACmd      stm32f10x_usart.o
    0x08008c72   0x00000002   PAD
    0x08008c74   0x0000009c   Code   RO         3654    i.USART_DeInit      stm32f10x_usart.o
    0x08008d10   0x0000001a   Code   RO         3655    i.USART_GetFlagStatus  stm32f10x_usart.o
    0x08008d2a   0x00000054   Code   RO         3656    i.USART_GetITStatus  stm32f10x_usart.o
    0x08008d7e   0x0000004a   Code   RO         3658    i.USART_ITConfig    stm32f10x_usart.o
    0x08008dc8   0x000000d8   Code   RO         3659    i.USART_Init        stm32f10x_usart.o
    0x08008ea0   0x0000000a   Code   RO         3666    i.USART_ReceiveData  stm32f10x_usart.o
    0x08008eaa   0x00000008   Code   RO         3669    i.USART_SendData    stm32f10x_usart.o
    0x08008eb2   0x00000008   Code   RO         2244    i.Unix_Get          rtc.o
    0x08008eba   0x00000004   Code   RO          475    i.UsageFault_Handler  stm32f10x_it.o
    0x08008ebe   0x0000000e   Code   RO         6708    i._is_digit         c_w.l(__printf_wp.o)
    0x08008ecc   0x00000004   Code   RO         2877    i._sys_exit         usart1.o
    0x08008ed0   0x00000004   Code   RO         2878    i._ttywrch          usart1.o
    0x08008ed4   0x000001c4   Code   RO          578    i.aliyun_iot_info_gen  iot.o
    0x08009098   0x000000a4   Code   RO         2047    i.at_send_cmd       mobile.o
    0x0800913c   0x000000bc   Code   RO         2048    i.at_wait_ack       mobile.o
    0x080091f8   0x000000dc   Code   RO         2442    i.backup_read       pvd.o
    0x080092d4   0x00000028   Code   RO         1683    i.bufchar           mqttpacket.o
    0x080092fc   0x00000098   Code   RO          579    i.c2s_firmware_upgrade_progress  iot.o
    0x08009394   0x000000c4   Code   RO          580    i.c2s_s2c_status    iot.o
    0x08009458   0x0000002c   Code   RO          778    i.check_device      device.o
    0x08009484   0x00000034   Code   RO         2049    i.chrlookfor        mobile.o
    0x080094b8   0x00000020   Code   RO         2553    i.coin_out_action   selector.o
    0x080094d8   0x000001e8   Code   RO         2554    i.coin_tb_in_det    selector.o
    0x080096c0   0x000000d8   Code   RO         6362    i.crl_u_MD5_Finish  M3_CryptoFW_2_0_6.lib(crypto.o)
    0x08009798   0x00000096   Code   RO         6364    i.crl_u_MD5_Update  M3_CryptoFW_2_0_6.lib(crypto.o)
    0x0800982e   0x000001a6   Code   RO         1225    i.cycle             mqttclient.o
    0x080099d4   0x00000028   Code   RO         3016    i.dbgchar_printf    dbg.o
    0x080099fc   0x00000060   Code   RO         3017    i.dbghex_printf     dbg.o
    0x08009a5c   0x0000006c   Code   RO         1226    i.decodePacket      mqttclient.o
    0x08009ac8   0x0000005c   Code   RO         2802    i.delay_init        delay.o
    0x08009b24   0x00000040   Code   RO         2803    i.delay_ms          delay.o
    0x08009b64   0x00000048   Code   RO         2804    i.delay_us          delay.o
    0x08009bac   0x00000018   Code   RO         2805    i.delay_xms         delay.o
    0x08009bc4   0x0000008c   Code   RO         1227    i.deliverMessage    mqttclient.o
    0x08009c50   0x00000028   Code   RO          779    i.device_account_clr_response  device.o
    0x08009c78   0x00000022   Code   RO          780    i.device_account_get  device.o
    0x08009c9a   0x00000002   PAD
    0x08009c9c   0x000000b8   Code   RO          781    i.device_account_get_response  device.o
    0x08009d54   0x00000028   Code   RO          782    i.device_account_set_response  device.o
    0x08009d7c   0x00000028   Code   RO          783    i.device_back_account_clr_response  device.o
    0x08009da4   0x000000e0   Code   RO          784    i.device_check_response  device.o
    0x08009e84   0x0000002e   Code   RO          785    i.device_cmd_and_wait_ack  device.o
    0x08009eb2   0x00000002   PAD
    0x08009eb4   0x000000b4   Code   RO          786    i.device_cmd_send   device.o
    0x08009f68   0x00000248   Code   RO          787    i.device_coin_report_or_store  device.o
    0x0800a1b0   0x00000880   Code   RO          788    i.device_coin_set_response  device.o
    0x0800aa30   0x000002c8   Code   RO          789    i.device_com_process  device.o
    0x0800acf8   0x00000160   Code   RO          790    i.device_comm_timeout  device.o
    0x0800ae58   0x00000160   Code   RO          791    i.device_data_filter  device.o
    0x0800afb8   0x000001b8   Code   RO          792    i.device_failcoin_get_response  device.o
    0x0800b170   0x000002e4   Code   RO          793    i.device_failprize_get_response  device.o
    0x0800b454   0x00000028   Code   RO          794    i.device_front_account_clr_response  device.o
    0x0800b47c   0x00000028   Code   RO          795    i.device_increment_get_response  device.o
    0x0800b4a4   0x00000008   Code   RO          796    i.device_increment_report  device.o
    0x0800b4ac   0x00000040   Code   RO          797    i.device_insert_coin  device.o
    0x0800b4ec   0x00000060   Code   RO          798    i.device_order_get_response  device.o
    0x0800b54c   0x000000b8   Code   RO          799    i.device_param_get_response  device.o
    0x0800b604   0x00000026   Code   RO          800    i.device_param_set_response  device.o
    0x0800b62a   0x00000022   Code   RO          801    i.device_params_get  device.o
    0x0800b64c   0x00000094   Code   RO          803    i.device_payqrcode_get_response  device.o
    0x0800b6e0   0x00000028   Code   RO          804    i.device_prize_clr_response  device.o
    0x0800b708   0x00000198   Code   RO          805    i.device_prize_get_response  device.o
    0x0800b8a0   0x0000004c   Code   RO          806    i.device_prize_qrcode3_send  device.o
    0x0800b8ec   0x000000c0   Code   RO          807    i.device_prize_qrcode_gen_response  device.o
    0x0800b9ac   0x00000080   Code   RO          808    i.device_prize_qrcode_send  device.o
    0x0800ba2c   0x000005ba   Code   RO          809    i.device_prize_report  device.o
    0x0800bfe6   0x00000056   Code   RO          810    i.device_prize_set  device.o
    0x0800c03c   0x0000001e   Code   RO          811    i.device_prize_set_response  device.o
    0x0800c05a   0x00000028   Code   RO          812    i.device_prizeqrcode_set_response  device.o
    0x0800c082   0x00000022   Code   RO          813    i.device_qrcode_set  device.o
    0x0800c0a4   0x00000028   Code   RO          814    i.device_qrcode_set_response  device.o
    0x0800c0cc   0x000000a2   Code   RO          815    i.device_race_set   device.o
    0x0800c16e   0x00000002   PAD
    0x0800c170   0x000000fc   Code   RO          816    i.device_ranking_request_response  device.o
    0x0800c26c   0x0000002c   Code   RO          817    i.device_request_signal  device.o
    0x0800c298   0x00000028   Code   RO          818    i.device_reset_response  device.o
    0x0800c2c0   0x00000028   Code   RO          819    i.device_restore_response  device.o
    0x0800c2e8   0x00000028   Code   RO          820    i.device_sleep_response  device.o
    0x0800c310   0x00000008   Code   RO          821    i.device_status_get_response  device.o
    0x0800c318   0x0000006c   Code   RO          822    i.device_status_report  device.o
    0x0800c384   0x0000001e   Code   RO          823    i.device_status_set_response  device.o
    0x0800c3a2   0x00000002   PAD
    0x0800c3a4   0x00000234   Code   RO          824    i.device_stored_report  device.o
    0x0800c5d8   0x00000028   Code   RO          825    i.device_wake_response  device.o
    0x0800c600   0x000000a0   Code   RO         5496    i.eTaskGetState     tasks.o
    0x0800c6a0   0x00000098   Code   RO         1109    i.eqpt_msgInfoProc  routine.o
    0x0800c738   0x0000004c   Code   RO          826    i.fail_coin_confirm  device.o
    0x0800c784   0x00000080   Code   RO         2464    i.firmware_data_read  info_storage.o
    0x0800c804   0x00000050   Code   RO         2465    i.firmware_data_write  info_storage.o
    0x0800c854   0x000000c0   Code   RO          827    i.firmware_first_pub  device.o
    0x0800c914   0x00000064   Code   RO          828    i.firmware_signal   device.o
    0x0800c978   0x0000001c   Code   RO         2879    i.fputc             usart1.o
    0x0800c994   0x00000044   Code   RO         2673    i.ftp_close         upgrade.o
    0x0800c9d8   0x00000084   Code   RO         2674    i.ftp_file_get      upgrade.o
    0x0800ca5c   0x00000070   Code   RO         2675    i.ftp_file_size     upgrade.o
    0x0800cacc   0x00000090   Code   RO         2676    i.ftp_getSize       upgrade.o
    0x0800cb5c   0x00000064   Code   RO         2677    i.ftp_open          upgrade.o
    0x0800cbc0   0x00000018   Code   RO         1228    i.getNextPacketId   mqttclient.o
    0x0800cbd8   0x0000000c   Code   RO         2678    i.get_bin_mark      upgrade.o
    0x0800cbe4   0x00000020   Code   RO         2466    i.get_record_f      info_storage.o
    0x0800cc04   0x00000020   Code   RO         2467    i.get_record_ws     info_storage.o
    0x0800cc24   0x00000090   Code   RO         6122    i.hmac_sha1_calc    hash_crypt.o
    0x0800ccb4   0x0000001a   Code   RO         3170    i.htonl             encoding.o
    0x0800ccce   0x0000000c   Code   RO         3172    i.htons             encoding.o
    0x0800ccda   0x00000002   PAD
    0x0800ccdc   0x0000006c   Code   RO         2680    i.iap_write_appbin  upgrade.o
    0x0800cd48   0x0000004a   Code   RO          829    i.insert_coin_confirm  device.o
    0x0800cd92   0x00000002   PAD
    0x0800cd94   0x0000004c   Code   RO          581    i.iot_cloudpub      iot.o
    0x0800cde0   0x000000d8   Code   RO          582    i.iot_com_process   iot.o
    0x0800ceb8   0x00000014   Code   RO         2468    i.iot_data_read     info_storage.o
    0x0800cecc   0x0000008c   Code   RO         1110    i.iot_msgInfoProc   routine.o
    0x0800cf58   0x0000017c   Code   RO          584    i.iot_msg_parse     iot.o
    0x0800d0d4   0x00000014   Code   RO         2205    i.isMOBILE_Startup_Good  mobile_startup.o
    0x0800d0e8   0x00000076   Code   RO         1229    i.isTopicMatched    mqttclient.o
    0x0800d15e   0x00000002   PAD
    0x0800d160   0x00000010   Code   RO          585    i.is_iot_works      iot.o
    0x0800d170   0x00000014   Code   RO         2681    i.is_upgrading      upgrade.o
    0x0800d184   0x00000062   Code   RO         1230    i.keepalive         mqttclient.o
    0x0800d1e6   0x0000000e   Code   RO         3082    i.list_iterator_destroy  sys_list.o
    0x0800d1f4   0x0000001a   Code   RO         3083    i.list_iterator_new  sys_list.o
    0x0800d20e   0x0000001a   Code   RO         3084    i.list_iterator_new_from_node  sys_list.o
    0x0800d228   0x00000014   Code   RO         3085    i.list_iterator_next  sys_list.o
    0x0800d23c   0x0000001e   Code   RO         3088    i.list_new          sys_list.o
    0x0800d25a   0x0000001c   Code   RO         3089    i.list_node_new     sys_list.o
    0x0800d276   0x0000003e   Code   RO         3090    i.list_remove       sys_list.o
    0x0800d2b4   0x00000030   Code   RO         3092    i.list_rpush        sys_list.o
    0x0800d2e4   0x00000100   Code   RO            1    i.main              main.o
    0x0800d3e4   0x0000007c   Code   RO         6123    i.md5_calc          hash_crypt.o
    0x0800d460   0x00000810   Code   RO         6368    i.md5_process       M3_CryptoFW_2_0_6.lib(crypto.o)
    0x0800dc70   0x00000054   Code   RO         1462    i.messageArrived    mqtt_client.o
    0x0800dcc4   0x0000007c   Code   RO         2050    i.mobile_getCCID    mobile.o
    0x0800dd40   0x000000fc   Code   RO         2051    i.mobile_getCCLK    mobile.o
    0x0800de3c   0x00000088   Code   RO         2052    i.mobile_getCSQ     mobile.o
    0x0800dec4   0x00000090   Code   RO         2053    i.mobile_getIMEI    mobile.o
    0x0800df54   0x0000000c   Code   RO         2054    i.mobile_get_signal  mobile.o
    0x0800df60   0x000000bc   Code   RO         2169    i.mobile_net_connect  mobile_net.o
    0x0800e01c   0x00000068   Code   RO         2170    i.mobile_net_disconnect  mobile_net.o
    0x0800e084   0x00000090   Code   RO         2171    i.mobile_net_read   mobile_net.o
    0x0800e114   0x00000104   Code   RO         2172    i.mobile_net_write  mobile_net.o
    0x0800e218   0x00000260   Code   RO         2055    i.moblie_data_filter  mobile.o
    0x0800e478   0x0000000c   Code   RO         3175    i.ntohs             encoding.o
    0x0800e484   0x0000008c   Code   RO         1147    i.prizeInfo_read    prize.o
    0x0800e510   0x0000001e   Code   RO         1148    i.prizeInfo_save    prize.o
    0x0800e52e   0x00000002   PAD
    0x0800e530   0x00000078   Code   RO         1149    i.prizeUrl_read     prize.o
    0x0800e5a8   0x000000cc   Code   RO         1150    i.prize_qrcode1_gen  prize.o
    0x0800e674   0x000000ec   Code   RO         1151    i.prize_qrcode2_gen  prize.o
    0x0800e760   0x000000e0   Code   RO         1152    i.prize_qrcode3_gen  prize.o
    0x0800e840   0x00000098   Code   RO         5498    i.prvAddCurrentTaskToDelayedList  tasks.o
    0x0800e8d8   0x000000b8   Code   RO         5499    i.prvAddNewTaskToReadyList  tasks.o
    0x0800e990   0x00000064   Code   RO         5864    i.prvCheckForValidListAndQueue  timers.o
    0x0800e9f4   0x00000064   Code   RO         5500    i.prvCheckTasksWaitingTermination  tasks.o
    0x0800ea58   0x0000002a   Code   RO         5268    i.prvCopyDataFromQueue  queue.o
    0x0800ea82   0x0000007c   Code   RO         5269    i.prvCopyDataToQueue  queue.o
    0x0800eafe   0x00000012   Code   RO         5501    i.prvDeleteTCB      tasks.o
    0x0800eb10   0x00000028   Code   RO         5865    i.prvGetNextExpireTime  timers.o
    0x0800eb38   0x0000007c   Code   RO         6071    i.prvHeapInit       heap_4.o
    0x0800ebb4   0x00000028   Code   RO         5502    i.prvIdleTask       tasks.o
    0x0800ebdc   0x0000001c   Code   RO         5270    i.prvInitialiseMutex  queue.o
    0x0800ebf8   0x0000002e   Code   RO         5271    i.prvInitialiseNewQueue  queue.o
    0x0800ec26   0x00000002   PAD
    0x0800ec28   0x000000d0   Code   RO         5503    i.prvInitialiseNewTask  tasks.o
    0x0800ecf8   0x00000068   Code   RO         5504    i.prvInitialiseTaskLists  tasks.o
    0x0800ed60   0x00000068   Code   RO         6072    i.prvInsertBlockIntoFreeList  heap_4.o
    0x0800edc8   0x00000058   Code   RO         5867    i.prvInsertTimerInActiveList  timers.o
    0x0800ee20   0x0000001a   Code   RO         5272    i.prvIsQueueEmpty   queue.o
    0x0800ee3a   0x0000001e   Code   RO         5273    i.prvIsQueueFull    queue.o
    0x0800ee58   0x0000006a   Code   RO         5505    i.prvListTasksWithinSingleList  tasks.o
    0x0800eec2   0x00000002   PAD
    0x0800eec4   0x000000a0   Code   RO         5274    i.prvNotifyQueueSetContainer  queue.o
    0x0800ef64   0x00000080   Code   RO         5868    i.prvProcessExpiredTimer  timers.o
    0x0800efe4   0x0000012c   Code   RO         5869    i.prvProcessReceivedCommands  timers.o
    0x0800f110   0x00000074   Code   RO         5870    i.prvProcessTimerOrBlockTask  timers.o
    0x0800f184   0x00000034   Code   RO         5506    i.prvResetNextTaskUnblockTime  tasks.o
    0x0800f1b8   0x0000002c   Code   RO         5871    i.prvSampleTimeNow  timers.o
    0x0800f1e4   0x000000bc   Code   RO         5872    i.prvSwitchTimerLists  timers.o
    0x0800f2a0   0x00000016   Code   RO         5507    i.prvTaskCheckFreeStackSpace  tasks.o
    0x0800f2b6   0x00000002   PAD
    0x0800f2b8   0x00000070   Code   RO         5995    i.prvTaskExitError  port.o
    0x0800f328   0x00000074   Code   RO         5508    i.prvTaskIsTaskSuspended  tasks.o
    0x0800f39c   0x0000001a   Code   RO         5873    i.prvTimerTask      timers.o
    0x0800f3b6   0x00000092   Code   RO         5275    i.prvUnlockQueue    queue.o
    0x0800f448   0x0000002a   Code   RO         5509    i.prvWriteNameToBuffer  tasks.o
    0x0800f472   0x00000002   PAD
    0x0800f474   0x000000e4   Code   RO         1111    i.push_eqptInfo_to  routine.o
    0x0800f558   0x000000d8   Code   RO         1112    i.push_iotInfo_to   routine.o
    0x0800f630   0x00000154   Code   RO         6073    i.pvPortMalloc      heap_4.o
    0x0800f784   0x00000020   Code   RO         5510    i.pvTaskIncrementMutexHeldCount  tasks.o
    0x0800f7a4   0x00000024   Code   RO         5996    i.pxPortInitialiseStack  port.o
    0x0800f7c8   0x0000000e   Code   RO         1685    i.readChar          mqttpacket.o
    0x0800f7d6   0x0000001a   Code   RO         1686    i.readInt           mqttpacket.o
    0x0800f7f0   0x0000003a   Code   RO         1687    i.readMQTTLenString  mqttpacket.o
    0x0800f82a   0x000000b8   Code   RO         1231    i.readPacket        mqttclient.o
    0x0800f8e2   0x00000002   PAD
    0x0800f8e4   0x00000010   Code   RO         2682    i.read_bin_mark     upgrade.o
    0x0800f8f4   0x000000a0   Code   RO         2470    i.record_read       info_storage.o
    0x0800f994   0x00000024   Code   RO         2471    i.record_read_success  info_storage.o
    0x0800f9b8   0x0000009a   Code   RO         2472    i.record_write      info_storage.o
    0x0800fa52   0x00000002   PAD
    0x0800fa54   0x0000021c   Code   RO          586    i.s2c_device_prize  iot.o
    0x0800fc70   0x000002dc   Code   RO          587    i.s2c_device_setting  iot.o
    0x0800ff4c   0x00000184   Code   RO          588    i.s2c_device_status  iot.o
    0x080100d0   0x000002f0   Code   RO          589    i.s2c_firmware_online  iot.o
    0x080103c0   0x00000190   Code   RO          590    i.s2c_firmware_setting  iot.o
    0x08010550   0x00000268   Code   RO          591    i.s2c_firmware_upgrade  iot.o
    0x080107b8   0x00000094   Code   RO          592    i.s2c_get_device_accounts  iot.o
    0x0801084c   0x00000434   Code   RO          593    i.s2c_insert_coin   iot.o
    0x08010c80   0x00000098   Code   RO          594    i.s2c_insert_coin_response  iot.o
    0x08010d18   0x00000098   Code   RO          595    i.s2c_insert_response  iot.o
    0x08010db0   0x000004bc   Code   RO          596    i.s2c_transfer_data  iot.o
    0x0801126c   0x0000006c   Code   RO         2473    i.selector_data_read  info_storage.o
    0x080112d8   0x00000050   Code   RO         2474    i.selector_data_write  info_storage.o
    0x08011328   0x00000062   Code   RO         1232    i.sendPacket        mqttclient.o
    0x0801138a   0x00000002   PAD
    0x0801138c   0x0000000c   Code   RO         2683    i.set_bin_mark      upgrade.o
    0x08011398   0x0000001e   Code   RO          830    i.set_device_status  device.o
    0x080113b6   0x0000001c   Code   RO         2475    i.set_record_f      info_storage.o
    0x080113d2   0x0000001a   Code   RO         2476    i.set_record_ws     info_storage.o
    0x080113ec   0x0000022c   Code   RO         2685    i.set_upgrade_info  upgrade.o
    0x08011618   0x0000003c   Code   RO          736    i.start_Mobile_task  usr_task.o
    0x08011654   0x00000030   Code   RO          737    i.start_MqttClient_task  usr_task.o
    0x08011684   0x00000030   Code   RO          738    i.start_Msg_task    usr_task.o
    0x080116b4   0x00000040   Code   RO          739    i.start_Upgrade_task  usr_task.o
    0x080116f4   0x0000004c   Code   RO            2    i.start_task        main.o
    0x08011740   0x0000009c   Code   RO         2880    i.uart1_init        usart1.o
    0x080117dc   0x000000c8   Code   RO         2936    i.uart2_init        usart2.o
    0x080118a4   0x00000030   Code   RO         2977    i.uart3_buadRate    usart3.o
    0x080118d4   0x000000d0   Code   RO         2978    i.uart3_init        usart3.o
    0x080119a4   0x00000054   Code   RO         2056    i.updata_mobile_signal  mobile.o
    0x080119f8   0x00000044   Code   RO         2057    i.updata_mobile_time  mobile.o
    0x08011a3c   0x00000364   Code   RO         2686    i.upgrade_firmware  upgrade.o
    0x08011da0   0x000000e8   Code   RO         2687    i.upgrade_firmware_check  upgrade.o
    0x08011e88   0x0000003c   Code   RO         2688    i.upgrade_firmware_done  upgrade.o
    0x08011ec4   0x00000138   Code   RO         2689    i.upgrade_firmware_download  upgrade.o
    0x08011ffc   0x00000020   Code   RO         2555    i.user_coin_in_detected  selector.o
    0x0801201c   0x00000084   Code   RO         2556    i.user_selector_init  selector.o
    0x080120a0   0x00000010   Code   RO         2557    i.user_tb_in_detected  selector.o
    0x080120b0   0x00000028   Code   RO         5231    i.uxListRemove      list.o
    0x080120d8   0x000000b8   Code   RO         5513    i.uxTaskGetSystemState  tasks.o
    0x08012190   0x00000024   Code   RO         5515    i.uxTaskPriorityGet  tasks.o
    0x080121b4   0x0000001a   Code   RO         5232    i.vListInitialise   list.o
    0x080121ce   0x00000006   Code   RO         5233    i.vListInitialiseItem  list.o
    0x080121d4   0x00000034   Code   RO         5234    i.vListInsert       list.o
    0x08012208   0x00000018   Code   RO         5235    i.vListInsertEnd    list.o
    0x08012220   0x0000003c   Code   RO         2206    i.vMOBILE_StartupTask  mobile_startup.o
    0x0801225c   0x000000d0   Code   RO          740    i.vMsg_Task         usr_task.o
    0x0801232c   0x00000088   Code   RO         5998    i.vPortEnterCritical  port.o
    0x080123b4   0x00000070   Code   RO         5999    i.vPortExitCritical  port.o
    0x08012424   0x000000b8   Code   RO         6074    i.vPortFree         heap_4.o
    0x080124dc   0x00000020   Code   RO         6000    i.vPortSetupTimerInterrupt  port.o
    0x080124fc   0x000000a0   Code   RO         6001    i.vPortValidateInterruptPriority  port.o
    0x0801259c   0x0000002c   Code   RO         5281    i.vQueueAddToRegistry  queue.o
    0x080125c8   0x0000004a   Code   RO         5285    i.vQueueWaitForMessageRestricted  queue.o
    0x08012612   0x00000002   PAD
    0x08012614   0x00000074   Code   RO         5518    i.vTaskDelay        tasks.o
    0x08012688   0x0000010c   Code   RO         5520    i.vTaskDelete       tasks.o
    0x08012794   0x00000078   Code   RO         5522    i.vTaskGetInfo      tasks.o
    0x0801280c   0x000000d4   Code   RO         5523    i.vTaskGetRunTimeStats  tasks.o
    0x080128e0   0x000000e0   Code   RO         5524    i.vTaskList         tasks.o
    0x080129c0   0x0000000c   Code   RO         5525    i.vTaskMissedYield  tasks.o
    0x080129cc   0x00000054   Code   RO         5527    i.vTaskPlaceOnEventList  tasks.o
    0x08012a20   0x0000005c   Code   RO         5528    i.vTaskPlaceOnEventListRestricted  tasks.o
    0x08012a7c   0x000000b0   Code   RO         5530    i.vTaskPriorityInherit  tasks.o
    0x08012b2c   0x000000ac   Code   RO         5532    i.vTaskResume       tasks.o
    0x08012bd8   0x0000004c   Code   RO         5534    i.vTaskSetTimeOutState  tasks.o
    0x08012c24   0x000000b4   Code   RO         5535    i.vTaskStartScheduler  tasks.o
    0x08012cd8   0x00000100   Code   RO         5536    i.vTaskSuspend      tasks.o
    0x08012dd8   0x00000010   Code   RO         5537    i.vTaskSuspendAll   tasks.o
    0x08012de8   0x000000e8   Code   RO         5538    i.vTaskSwitchContext  tasks.o
    0x08012ed0   0x00000108   Code   RO            3    i.vTaskTaskUserIF   main.o
    0x08012fd8   0x00000034   Code   RO         1233    i.waitfor           mqttclient.o
    0x0801300c   0x00000028   Code   RO         1688    i.writeCString      mqttpacket.o
    0x08013034   0x0000000c   Code   RO         1689    i.writeChar         mqttpacket.o
    0x08013040   0x00000030   Code   RO         1690    i.writeInt          mqttpacket.o
    0x08013070   0x0000003e   Code   RO         1691    i.writeMQTTString   mqttpacket.o
    0x080130ae   0x00000002   PAD
    0x080130b0   0x0000004c   Code   RO         2690    i.write_bin_mark    upgrade.o
    0x080130fc   0x00000048   Code   RO         2691    i.write_firmware    upgrade.o
    0x08013144   0x000000a0   Code   RO         6002    i.xPortStartScheduler  port.o
    0x080131e4   0x00000034   Code   RO         6003    i.xPortSysTickHandler  port.o
    0x08013218   0x00000022   Code   RO         5288    i.xQueueCreateMutex  queue.o
    0x0801323a   0x00000002   PAD
    0x0801323c   0x00000074   Code   RO         5290    i.xQueueGenericCreate  queue.o
    0x080132b0   0x000001c8   Code   RO         5291    i.xQueueGenericReceive  queue.o
    0x08013478   0x000000b0   Code   RO         5292    i.xQueueGenericReset  queue.o
    0x08013528   0x000001c4   Code   RO         5293    i.xQueueGenericSend  queue.o
    0x080136ec   0x00000110   Code   RO         5294    i.xQueueGenericSendFromISR  queue.o
    0x080137fc   0x000000a0   Code   RO         5539    i.xTaskCheckForTimeOut  tasks.o
    0x0801389c   0x00000060   Code   RO         5540    i.xTaskCreate       tasks.o
    0x080138fc   0x00000020   Code   RO         5544    i.xTaskGetSchedulerState  tasks.o
    0x0801391c   0x0000000c   Code   RO         5545    i.xTaskGetTickCount  tasks.o
    0x08013928   0x00000160   Code   RO         5547    i.xTaskIncrementTick  tasks.o
    0x08013a88   0x000000d8   Code   RO         5550    i.xTaskPriorityDisinherit  tasks.o
    0x08013b60   0x000000b4   Code   RO         5551    i.xTaskRemoveFromEventList  tasks.o
    0x08013c14   0x00000120   Code   RO         5553    i.xTaskResumeAll    tasks.o
    0x08013d34   0x00000074   Code   RO         5877    i.xTimerCreateTimerTask  timers.o
    0x08013da8   0x000000a4   Code   RO         5878    i.xTimerGenericCommand  timers.o
    0x08013e4c   0x0000002c   Code   RO         6976    locale$$code        c_w.l(lc_ctype_c.o)
    0x08013e78   0x00000062   Code   RO         6770    x$fpl$d2f           fz_ws.l(d2f.o)
    0x08013eda   0x0000009c   Code   RO         6903    x$fpl$dnaninf       fz_ws.l(dnaninf.o)
    0x08013f76   0x00000002   PAD
    0x08013f78   0x000000c4   Code   RO         6772    x$fpl$fadd          fz_ws.l(faddsub_clz.o)
    0x0801403c   0x00000184   Code   RO         6779    x$fpl$fdiv          fz_ws.l(fdiv.o)
    0x080141c0   0x0000003e   Code   RO         6782    x$fpl$ffixu         fz_ws.l(ffixu.o)
    0x080141fe   0x00000002   PAD
    0x08014200   0x00000026   Code   RO         6786    x$fpl$ffltu         fz_ws.l(fflt_clz.o)
    0x08014226   0x00000002   PAD
    0x08014228   0x00000102   Code   RO         6792    x$fpl$fmul          fz_ws.l(fmul.o)
    0x0801432a   0x0000008c   Code   RO         6905    x$fpl$fnaninf       fz_ws.l(fnaninf.o)
    0x080143b6   0x0000000a   Code   RO         6907    x$fpl$fretinf       fz_ws.l(fretinf.o)
    0x080143c0   0x000000ea   Code   RO         6774    x$fpl$fsub          fz_ws.l(faddsub_clz.o)
    0x080144aa   0x00000000   Code   RO         6909    x$fpl$usenofp       fz_ws.l(usenofp.o)
    0x080144aa   0x00000002   PAD
    0x080144ac   0x00000058   Data   RO         1234    .constdata          mqttclient.o
    0x08014504   0x00000058   Data   RO         1464    .constdata          mqtt_client.o
    0x0801455c   0x000001b0   Data   RO         2208    .constdata          mobile_startup.o
    0x0801470c   0x00001798   Data   RO         6369    .constdata          M3_CryptoFW_2_0_6.lib(crypto.o)
    0x08015ea4   0x00000028   Data   RO         6681    .constdata          c_w.l(_printf_hex_int.o)
    0x08015ecc   0x00000011   Data   RO         6716    .constdata          c_w.l(__printf_flags_ss_wp.o)
    0x08015edd   0x0000000c   Data   RO         6853    .constdata          c_w.l(_monlen.o)
    0x08015ee9   0x00000003   PAD
    0x08015eec   0x00000020   Data   RO         7048    Region$$Table       anon$$obj.o
    0x08015f0c   0x00000110   Data   RO         6975    locale$$data        c_w.l(lc_ctype_c.o)


    Execution Region RW_IRAM1 (Base: 0x20000000, Size: 0x00008d20, Max: 0x00010000, ABSOLUTE)

    Base Addr    Size         Type   Attr      Idx    E Section Name        Object

    0x20000000   0x00000008   Data   RW            4    .data               main.o
    0x20000008   0x00000014   Data   RW          545    .data               system_stm32f10x.o
    0x2000001c   0x00000003   Data   RW          598    .data               iot.o
    0x2000001f   0x00000001   PAD
    0x20000020   0x00000010   Data   RW          741    .data               usr_task.o
    0x20000030   0x00000008   Data   RW         1113    .data               routine.o
    0x20000038   0x00000004   Data   RW         1692    .data               mqttpacket.o
    0x2000003c   0x00000004   Data   RW         1968    .data               timer.o
    0x20000040   0x00000008   Data   RW         2059    .data               mobile.o
    0x20000048   0x00000008   Data   RW         2174    .data               mobile_net.o
    0x20000050   0x0000000c   Data   RW         2209    .data               mobile_startup.o
    0x2000005c   0x0000001a   Data   RW         2559    .data               selector.o
    0x20000076   0x00000002   PAD
    0x20000078   0x0000000c   Data   RW         2693    .data               upgrade.o
    0x20000084   0x00000004   Data   RW         2806    .data               delay.o
    0x20000088   0x00000008   Data   RW         2881    .data               usart1.o
    0x20000090   0x00000002   Data   RW         3253    .data               protobuf.o
    0x20000092   0x00000014   Data   RW         3480    .data               stm32f10x_rcc.o
    0x200000a6   0x00000002   PAD
    0x200000a8   0x00000044   Data   RW         5556    .data               tasks.o
    0x200000ec   0x00000014   Data   RW         5886    .data               timers.o
    0x20000100   0x0000000c   Data   RW         6004    .data               port.o
    0x2000010c   0x00000018   Data   RW         6079    .data               heap_4.o
    0x20000124   0x0000064a   Zero   RW          597    .bss                iot.o
    0x2000076e   0x00000243   Zero   RW          831    .bss                device.o
    0x200009b1   0x00000510   Zero   RW         1153    .bss                prize.o
    0x20000ec1   0x00000003   PAD
    0x20000ec4   0x000000b0   Zero   RW         1463    .bss                mqtt_client.o
    0x20000f74   0x00000014   Zero   RW         1921    .bss                led.o
    0x20000f88   0x0000013c   Zero   RW         2058    .bss                mobile.o
    0x200010c4   0x00000c20   Zero   RW         2173    .bss                mobile_net.o
    0x20001ce4   0x0000007c   Zero   RW         2207    .bss                mobile_startup.o
    0x20001d60   0x00000020   Zero   RW         2558    .bss                selector.o
    0x20001d80   0x00000020   Zero   RW         2628    .bss                hexbin.o
    0x20001da0   0x00000028   Zero   RW         2692    .bss                upgrade.o
    0x20001dc8   0x000004c0   Zero   RW         2937    .bss                usart2.o
    0x20002288   0x000000c8   Zero   RW         2979    .bss                usart3.o
    0x20002350   0x00000040   Zero   RW         5305    .bss                queue.o
    0x20002390   0x00000104   Zero   RW         5555    .bss                tasks.o
    0x20002494   0x00000028   Zero   RW         5885    .bss                timers.o
    0x200024bc   0x00005000   Zero   RW         6078    .bss                heap_4.o
    0x200074bc   0x00000060   Zero   RW         6913    .bss                c_w.l(libspace.o)
    0x2000751c   0x00000004   PAD
    0x20007520   0x00001000   Zero   RW         3292    HEAP                startup_stm32f10x_hd.o
    0x20008520   0x00000800   Zero   RW         3291    STACK               startup_stm32f10x_hd.o


==============================================================================

Image component sizes


      Code (inc. data)   RO Data    RW Data    ZI Data      Debug   Object Name

       232          0          0          0          0       3111   24cxx.o
       228         58          0          0          0        645   chip.o
       136         18          0          0          0       1285   dbg.o
       268         26          0          4          0       2657   delay.o
     11180       1684          0          0        579      45700   device.o
       112          0          0          0          0       1486   dma.o
        50          0          0          0          0       1428   encoding.o
         0          0          0          0          0      10216   event_groups.o
       158         62          0          0          0       1549   flash.o
       418         34          0          0          0       3853   hash_crypt.o
       752        176          0         24      20480       3651   heap_4.o
       966        150          0          0         32       6987   hexbin.o
       884         38          0          0          0       6999   info_storage.o
      8328       2424          0          3       1610      23422   iot.o
       224         22          0          0         20       3240   led.o
       148          0          0          0          0       2854   list.o
       596        288          0          8          0     300294   main.o
       172         22          0          0          0       1929   misc.o
      2174        480          0          8        316      13531   mobile.o
       696        246          0          8       3104       4482   mobile_net.o
       692        104        432         12        124       3933   mobile_startup.o
      1316        452         88          0        176       6447   mqtt_client.o
      2534         74         88          0          0      17368   mqttclient.o
       708         18          0          0          0       4844   mqttconnectclient.o
       276          0          0          0          0       2488   mqttdeserializepublish.o
       364         26          0          0          0       7916   mqttfreertos.o
       600         18          0          4          0       9024   mqttpacket.o
       324          0          0          0          0       2594   mqttserializepublish.o
       368          0          0          0          0       3115   mqttsubscribeclient.o
       680        102          0          0          0       3970   myiic.o
       950        320          0         12          0       9761   port.o
      1198        396          0          0       1296       7164   prize.o
       422          4          0          2          0       3414   protobuf.o
       466        128          0          0          0       1527   pvd.o
      2226        238          0          0         64      13405   queue.o
       158          0          0          0          0       4521   ringbuf.o
       736        254          0          8          0       4833   routine.o
       440         74          0          0          0       2339   rtc.o
      1006        254          0         26         32       7484   selector.o
        64         26        304          0       6144        772   startup_stm32f10x_hd.o
        72         10          0          0          0       2560   stm32f10x_bkp.o
       428          8          0          0          0       4348   stm32f10x_dma.o
       200         18          0          0          0       1980   stm32f10x_exti.o
       330         38          0          0          0       5116   stm32f10x_flash.o
       304          0          0          0          0       3500   stm32f10x_gpio.o
        20          0          0          0          0       2289   stm32f10x_it.o
        48         18          0          0          0       1460   stm32f10x_pwr.o
       524         76          0         20          0       8444   stm32f10x_rcc.o
       260         48          0          0          0       4836   stm32f10x_rtc.o
       250         42          0          0          0       3863   stm32f10x_tim.o
       664         28          0          0          0       8187   stm32f10x_usart.o
        16          8          0          0          0        425   sys.o
       254          0          0          0          0       4793   sys_list.o
       328         28          0         20          0       1925   system_stm32f10x.o
      5128       1210          0         68        260      35517   tasks.o
       458         28          0          4          0       4636   timer.o
      1310        314          0         20         40       8035   timers.o
      2900        962          0         12         40      12564   upgrade.o
       232         16          0          8          0       4268   usart1.o
       334         30          0          0       1216       2816   usart2.o
       408         36          0          0        200       2880   usart3.o
       428        110          0         16          0       2586   usr_task.o

    ----------------------------------------------------------------------
     58210      11244        944        292      35736     683266   Object Totals
         0          0         32          0          0          0   (incl. Generated)
        64          0          0          5          3          0   (incl. Padding)

    ----------------------------------------------------------------------

      Code (inc. data)   RO Data    RW Data    ZI Data      Debug   Library Member Name

      4816        338       6040          0          0       1224   crypto.o
        60          8          0          0          0         84   __0sscanf.o
        24          4          0          0          0         84   __2printf.o
        56          6          0          0          0         88   __2snprintf.o
        44          6          0          0          0         84   __2sprintf.o
         8          0          0          0          0         68   __main.o
       392          4         17          0          0         92   __printf_flags_ss_wp.o
        14          0          0          0          0         68   __printf_wp.o
         0          0          0          0          0          0   __rtentry.o
        12          0          0          0          0          0   __rtentry2.o
         6          0          0          0          0          0   __rtentry4.o
        52          8          0          0          0          0   __scatter.o
        26          0          0          0          0          0   __scatter_copy.o
        28          0          0          0          0          0   __scatter_zi.o
        28          0          0          0          0         68   _chval.o
         0          0         12          0          0          0   _monlen.o
         6          0          0          0          0          0   _printf_c.o
        44          0          0          0          0        108   _printf_char.o
        48          6          0          0          0         96   _printf_char_common.o
        36          4          0          0          0         80   _printf_char_file.o
         6          0          0          0          0          0   _printf_d.o
       120         16          0          0          0         92   _printf_dec.o
        88          4         40          0          0         88   _printf_hex_int.o
       178          0          0          0          0         88   _printf_intcommon.o
        10          0          0          0          0          0   _printf_ll.o
         6          0          0          0          0          0   _printf_lld.o
       124         16          0          0          0         92   _printf_longlong_dec.o
        78          0          0          0          0        108   _printf_pad.o
         0          0          0          0          0          0   _printf_percent.o
         4          0          0          0          0          0   _printf_percent_end.o
         6          0          0          0          0          0   _printf_s.o
        82          0          0          0          0         80   _printf_str.o
         6          0          0          0          0          0   _printf_u.o
         6          0          0          0          0          0   _printf_x.o
       884          6          0          0          0        100   _scanf.o
       332          0          0          0          0         96   _scanf_int.o
       224          0          0          0          0         96   _scanf_str.o
        64          0          0          0          0         84   _sgetc.o
        16          0          0          0          0         68   _snputc.o
        10          0          0          0          0         68   _sputc.o
       158          0          0          0          0         92   _strtoul.o
        16          0          0          0          0         68   aeabi_memset.o
        26          0          0          0          0         80   atoi.o
        10          0          0          0          0         68   defsig_exit.o
        50          0          0          0          0         88   defsig_general.o
        80         58          0          0          0         76   defsig_rtmem_inner.o
        14          0          0          0          0         80   defsig_rtmem_outer.o
        18          0          0          0          0         80   exit.o
         8          0          0          0          0         68   ferror.o
        94          0          0          0          0         80   h1_alloc.o
        52          0          0          0          0         68   h1_extend.o
        78          0          0          0          0         80   h1_free.o
        14          0          0          0          0         84   h1_init.o
         6          0          0          0          0        152   heapauxi.o
         4          0          0          0          0        136   hguard.o
       138          0          0          0          0        168   init_alloc.o
        18          0          0          0          0         76   isspace.o
        44         10        272          0          0         76   lc_ctype_c.o
         2          0          0          0          0          0   libinit.o
        28          0          0          0          0          0   libinit2.o
         2          0          0          0          0          0   libshutdown.o
         2          0          0          0          0          0   libshutdown2.o
         8          4          0          0         96         68   libspace.o
       138          0          0          0          0         80   lludiv10.o
         0          0          0          0          0          0   maybetermalloc1.o
        88          0          0          0          0         76   memcmp.o
       424         10          0          0          0        124   mktime.o
        16          4          0          0          0         76   rt_ctype_table.o
         8          4          0          0          0         68   rt_errno_addr_intlibspace.o
         8          4          0          0          0         68   rt_heap_descriptor_intlibspace.o
         8          4          0          0          0         68   rt_locale_intlibspace.o
        68          0          0          0          0         68   rt_memclr.o
        78          0          0          0          0         80   rt_memclr_w.o
       138          0          0          0          0         68   rt_memcpy_v6.o
       100          0          0          0          0         80   rt_memcpy_w.o
         2          0          0          0          0          0   rtexit.o
        10          0          0          0          0          0   rtexit2.o
        44          8          0          0          0         84   scanf_char.o
        24          0          0          0          0         68   strcat.o
        20          0          0          0          0         68   strchr.o
       128          0          0          0          0         68   strcmpv7m.o
        72          0          0          0          0         80   strcpy.o
        62          0          0          0          0         76   strlen.o
       150          0          0          0          0         80   strncmp.o
        86          0          0          0          0         76   strncpy.o
        36          0          0          0          0         80   strstr.o
       112          0          0          0          0         88   strtol.o
        74          0          0          0          0         80   sys_stackheap_outer.o
         2          0          0          0          0         68   use_no_semi.o
         2          0          0          0          0         68   use_no_semi_2.o
        98          4          0          0          0         92   d2f.o
       156          4          0          0          0         92   dnaninf.o
       430          8          0          0          0        168   faddsub_clz.o
       388         76          0          0          0         96   fdiv.o
        62          4          0          0          0         84   ffixu.o
        38          0          0          0          0         68   fflt_clz.o
       258          4          0          0          0         84   fmul.o
       140          4          0          0          0         84   fnaninf.o
        10          0          0          0          0         68   fretinf.o
         0          0          0          0          0          0   usenofp.o

    ----------------------------------------------------------------------
     12314        636       6384          0        100       7568   Library Totals
        22          0          3          0          4          0   (incl. Padding)

    ----------------------------------------------------------------------

      Code (inc. data)   RO Data    RW Data    ZI Data      Debug   Library Name

      4816        338       6040          0          0       1224   M3_CryptoFW_2_0_6.lib
      5896        194        341          0         96       5508   c_w.l
      1580        104          0          0          0        836   fz_ws.l

    ----------------------------------------------------------------------
     12314        636       6384          0        100       7568   Library Totals

    ----------------------------------------------------------------------

==============================================================================


      Code (inc. data)   RO Data    RW Data    ZI Data      Debug   

     70524      11880       7328        292      35836     661814   Grand Totals
     70524      11880       7328        292      35836     661814   ELF Image Totals
     70524      11880       7328        292          0          0   ROM Totals

==============================================================================

    Total RO  Size (Code + RO Data)                77852 (  76.03kB)
    Total RW  Size (RW Data + ZI Data)             36128 (  35.28kB)
    Total ROM Size (Code + RO Data + RW Data)      78144 (  76.31kB)

==============================================================================

