Component: ARM Compiler 5.05 update 1 (build 106) Tool: armlink [4d0efa]

==============================================================================

Section Cross References

    main.o(i.main) refers to _printf_percent.o(.ARM.Collect$$_printf_percent$$00000000) for _printf_percent
    main.o(i.main) refers to _printf_d.o(.ARM.Collect$$_printf_percent$$00000009) for _printf_d
    main.o(i.main) refers to _printf_dec.o(.text) for _printf_int_dec
    main.o(i.main) refers to _printf_s.o(.ARM.Collect$$_printf_percent$$00000014) for _printf_s
    main.o(i.main) refers to _printf_str.o(.text) for _printf_str
    main.o(i.main) refers to misc.o(i.NVIC_PriorityGroupConfig) for NVIC_PriorityGroupConfig
    main.o(i.main) refers to pvd.o(i.PVD_Configuration) for PVD_Configuration
    main.o(i.main) refers to delay.o(i.delay_init) for delay_init
    main.o(i.main) refers to 24cxx.o(i.AT24CXX_Init) for AT24CXX_Init
    main.o(i.main) refers to upgrade.o(i.read_bin_mark) for read_bin_mark
    main.o(i.main) refers to upgrade.o(i.set_bin_mark) for set_bin_mark
    main.o(i.main) refers to usart1.o(i.uart1_init) for uart1_init
    main.o(i.main) refers to usart2.o(i.uart2_init) for uart2_init
    main.o(i.main) refers to usart3.o(i.uart3_buadRate) for uart3_buadRate
    main.o(i.main) refers to __2printf.o(.text) for __2printf
    main.o(i.main) refers to info_storage.o(i.firmware_data_read) for firmware_data_read
    main.o(i.main) refers to info_storage.o(i.iot_data_read) for iot_data_read
    main.o(i.main) refers to led.o(i.LED_Init) for LED_Init
    main.o(i.main) refers to rtc.o(i.RTC_Init) for RTC_Init
    main.o(i.main) refers to selector.o(i.user_selector_init) for user_selector_init
    main.o(i.main) refers to prize.o(i.prizeInfo_read) for prizeInfo_read
    main.o(i.main) refers to mobile.o(i.MOBILE_CTR_Config) for MOBILE_CTR_Config
    main.o(i.main) refers to mobile.o(i.MOBILE_POWER) for MOBILE_POWER
    main.o(i.main) refers to timer.o(i.Timer2_Init_Config) for Timer2_Init_Config
    main.o(i.main) refers to timer.o(i.TIM5_Int_Init) for TIM5_Int_Init
    main.o(i.main) refers to pvd.o(i.backup_read) for backup_read
    main.o(i.main) refers to selector.o(i.coin_out_action) for coin_out_action
    main.o(i.main) refers to tasks.o(i.xTaskCreate) for xTaskCreate
    main.o(i.main) refers to tasks.o(i.vTaskStartScheduler) for vTaskStartScheduler
    main.o(i.main) refers to iot.o(.bss) for g_iot_info
    main.o(i.main) refers to selector.o(.bss) for g_service_info
    main.o(i.main) refers to main.o(.data) for StartTask_Handler
    main.o(i.main) refers to main.o(i.start_task) for start_task
    main.o(i.start_task) refers to port.o(i.vPortEnterCritical) for vPortEnterCritical
    main.o(i.start_task) refers to usr_task.o(i.start_Mobile_task) for start_Mobile_task
    main.o(i.start_task) refers to usr_task.o(i.start_MqttClient_task) for start_MqttClient_task
    main.o(i.start_task) refers to usr_task.o(i.start_Msg_task) for start_Msg_task
    main.o(i.start_task) refers to stm32f10x_usart.o(i.USART_DMACmd) for USART_DMACmd
    main.o(i.start_task) refers to tasks.o(i.vTaskDelete) for vTaskDelete
    main.o(i.start_task) refers to port.o(i.vPortExitCritical) for vPortExitCritical
    main.o(i.start_task) refers to main.o(.data) for StartTask_Handler
    system_stm32f10x.o(i.SetSysClock) refers to system_stm32f10x.o(i.SetSysClockTo72) for SetSysClockTo72
    system_stm32f10x.o(i.SystemCoreClockUpdate) refers to system_stm32f10x.o(.data) for SystemCoreClock
    system_stm32f10x.o(i.SystemInit) refers to system_stm32f10x.o(i.SetSysClock) for SetSysClock
    iot.o(i.IOT_MC_Publish) refers to _printf_percent.o(.ARM.Collect$$_printf_percent$$00000000) for _printf_percent
    iot.o(i.IOT_MC_Publish) refers to _printf_s.o(.ARM.Collect$$_printf_percent$$00000014) for _printf_s
    iot.o(i.IOT_MC_Publish) refers to _printf_str.o(.text) for _printf_str
    iot.o(i.IOT_MC_Publish) refers to __2snprintf.o(.text) for __2snprintf
    iot.o(i.IOT_MC_Publish) refers to mqttclient.o(i.MQTTPublish) for MQTTPublish
    iot.o(i.IOT_MC_Publish) refers to iot.o(.bss) for g_iot_info
    iot.o(i.IOT_MC_Subscribe) refers to _printf_percent.o(.ARM.Collect$$_printf_percent$$00000000) for _printf_percent
    iot.o(i.IOT_MC_Subscribe) refers to _printf_s.o(.ARM.Collect$$_printf_percent$$00000014) for _printf_s
    iot.o(i.IOT_MC_Subscribe) refers to _printf_str.o(.text) for _printf_str
    iot.o(i.IOT_MC_Subscribe) refers to __2snprintf.o(.text) for __2snprintf
    iot.o(i.IOT_MC_Subscribe) refers to mqttclient.o(i.MQTTSubscribe) for MQTTSubscribe
    iot.o(i.IOT_MC_Subscribe) refers to iot.o(.bss) for g_iot_info
    iot.o(i.IOT_MC_Unsubscribe) refers to _printf_percent.o(.ARM.Collect$$_printf_percent$$00000000) for _printf_percent
    iot.o(i.IOT_MC_Unsubscribe) refers to _printf_s.o(.ARM.Collect$$_printf_percent$$00000014) for _printf_s
    iot.o(i.IOT_MC_Unsubscribe) refers to _printf_str.o(.text) for _printf_str
[...]
    _ffltu                                   0x08033ec9   Thumb Code    38  fflt_clz.o(x$fpl$ffltu)
    __aeabi_fmul                             0x08033ef1   Thumb Code     0  fmul.o(x$fpl$fmul)
    _fmul                                    0x08033ef1   Thumb Code   258  fmul.o(x$fpl$fmul)
    __fpl_fnaninf                            0x08033ff3   Thumb Code   140  fnaninf.o(x$fpl$fnaninf)
    __fpl_fretinf                            0x0803407f   Thumb Code    10  fretinf.o(x$fpl$fretinf)
    __aeabi_fsub                             0x08034089   Thumb Code     0  faddsub_clz.o(x$fpl$fsub)
    _fsub                                    0x08034089   Thumb Code   234  faddsub_clz.o(x$fpl$fsub)
    _printf_fp_dec                           0x08034173   Thumb Code     4  printf1.o(x$fpl$printf1)
    __fpl_return_NaN                         0x08034177   Thumb Code   100  retnan.o(x$fpl$retnan)
    __ARM_scalbn                             0x080341db   Thumb Code    92  scalbn.o(x$fpl$scalbn)
    _scanf_real                              0x08034237   Thumb Code     4  scanf1.o(x$fpl$scanf1)
    _scanf_hex_real                          0x0803423b   Thumb Code     4  scanf2.o(x$fpl$scanf2)
    _scanf_infnan                            0x0803423f   Thumb Code     4  scanf2.o(x$fpl$scanf2)
    __fpl_cmpreturn                          0x08034243   Thumb Code    48  trapv.o(x$fpl$trapveneer)
    __I$use$fp                               0x08034272   Number         0  usenofp.o(x$fpl$usenofp)
    AtCmdStart_N10                           0x08034324   Data          33  mobile_startup.o(.constdata)
    AtCmdStart_ME3610                        0x08034345   Data         425  mobile_startup.o(.constdata)
    AtCmdStart_ME3610_Add_GPRS               0x080344ee   Data         702  mobile_startup.o(.constdata)
    Sbox                                     0x080347ac   Data         256  crypto.o(.constdata)
    InvSbox                                  0x080348ac   Data         256  crypto.o(.constdata)
    rcon                                     0x080349ac   Data          40  crypto.o(.constdata)
    enc_table                                0x080349d4   Data        1024  crypto.o(.constdata)
    dec_table                                0x08034dd4   Data        1024  crypto.o(.constdata)
    SP1                                      0x080353f4   Data         256  crypto.o(.constdata)
    SP2                                      0x080354f4   Data         256  crypto.o(.constdata)
    SP3                                      0x080355f4   Data         256  crypto.o(.constdata)
    SP4                                      0x080356f4   Data         256  crypto.o(.constdata)
    SP5                                      0x080357f4   Data         256  crypto.o(.constdata)
    SP6                                      0x080358f4   Data         256  crypto.o(.constdata)
    SP7                                      0x080359f4   Data         256  crypto.o(.constdata)
    SP8                                      0x08035af4   Data         256  crypto.o(.constdata)
    K256                                     0x08035bf4   Data         256  crypto.o(.constdata)
    _monlen                                  0x08035f7d   Data          12  _monlen.o(.constdata)
    Region$$Table$$Base                      0x08036064   Number         0  anon$$obj.o(Region$$Table)
    Region$$Table$$Limit                     0x08036084   Number         0  anon$$obj.o(Region$$Table)
    __aeabi_HUGE_VAL                         0x08036084   Data           0  fpconst.o(c$$dinf)
    __aeabi_HUGE_VALL                        0x08036084   Data           0  fpconst.o(c$$dinf)
    __aeabi_INFINITY                         0x08036084   Data           0  fpconst.o(c$$dinf)
    __dInf                                   0x08036084   Data           0  fpconst.o(c$$dinf)
    __huge_val                               0x08036084   Data           0  fpconst.o(c$$dinf)
    __ctype                                  0x080360b5   Data           0  lc_ctype_c.o(locale$$data)
    StartTask_Handler                        0x20000000   Data           4  main.o(.data)
    SystemCoreClock                          0x20000004   Data           4  system_stm32f10x.o(.data)
    AHBPrescTable                            0x20000008   Data          16  system_stm32f10x.o(.data)
    g_firmware_info                          0x20000018   Data           3  iot.o(.data)
    MQTTClinetTask_Handler                   0x2000001c   Data           4  usr_task.o(.data)
    MOBILETask_Handler                       0x20000020   Data           4  usr_task.o(.data)
    MSGTask_Handler                          0x20000024   Data           4  usr_task.o(.data)
    UPGRADETask_Handler                      0x20000028   Data           4  usr_task.o(.data)
    MOBILE_GPRS_Task_Handler                 0x2000002c   Data           4  usr_task.o(.data)
    iotInfoList                              0x20000030   Data           4  routine.o(.data)
    eqptInfoList                             0x20000034   Data           4  routine.o(.data)
    ulHighFrequencyTimerTicks                0x2000003c   Data           4  timer.o(.data)
    mobile_csq                               0x20000040   Data           1  mobile.o(.data)
    AT_cmd_now                               0x20000041   Data           1  mobile.o(.data)
    TCP_RxRingBuff                           0x20000048   Data           8  mobile_net.o(.data)
    AtCmdStart_pt                            0x20000050   Data           4  mobile_startup.o(.data)
    MOBILE_StartupPhase                      0x20000054   Data           1  mobile_startup.o(.data)
    g_selector_info                          0x2000005c   Data           6  selector.o(.data)
    g_tb_out_info                            0x20000062   Data           6  selector.o(.data)
    ftp_status                               0x20000078   Data           1  upgrade.o(.data)
    ftpFileSize                              0x20000080   Data           4  upgrade.o(.data)
    __stdout                                 0x20000088   Data           4  usart1.o(.data)
    __stdin                                  0x2000008c   Data           4  usart1.o(.data)
    pxCurrentTCB                             0x200000a8   Data           4  tasks.o(.data)
    coin_service                             0x20000128   Data        1175  iot.o(.bss)
    g_iot_info                               0x200005bf   Data         260  iot.o(.bss)
    device_gprs_base_locate                  0x200006c8   Data          40  iot.o(.bss)
    device                                   0x2000071e   Data          67  device.o(.bss)
    payQRcode                                0x20000961   Data        1088  prize.o(.bss)
    MD5keyId                                 0x20000da1   Data          36  prize.o(.bss)
    MD5key                                   0x20000dc5   Data          36  prize.o(.bss)
    prizeUrl                                 0x20000de9   Data          68  prize.o(.bss)
    devicePrizeUrl                           0x20000e2d   Data          68  prize.o(.bss)
    client                                   0x20000e74   Data         176  mqtt_client.o(.bss)
    ledCtr                                   0x20000f24   Data          20  led.o(.bss)
    AT_RxBuff                                0x20000f38   Data         256  mobile.o(.bss)
    AT_RxRingBuff                            0x20001038   Data          16  mobile.o(.bss)
    mobileIMEI                               0x20001048   Data          20  mobile.o(.bss)
    mobileSimCCID                            0x2000105c   Data          24  mobile.o(.bss)
    GPRS_Location_Data                       0x20001078   Data          32  mobile.o(.bss)
    TCP0_RxRingBuff                          0x20001098   Data          16  mobile_net.o(.bss)
    TCP1_RxRingBuff                          0x200010a8   Data          16  mobile_net.o(.bss)
    TCP_RxBuff                               0x200010b8   Data        3072  mobile_net.o(.bss)
    tMobileStartupTaskDelay                  0x20001cb8   Data          12  mobile_startup.o(.bss)
    at_cmd                                   0x20001cc4   Data         112  mobile_startup.o(.bss)
    g_service_info                           0x20001d34   Data          10  selector.o(.bss)
    coinCtr                                  0x20001d40   Data          20  selector.o(.bss)
    g_bin_info                               0x20001d54   Data          32  hexbin.o(.bss)
    upgrade_info                             0x20001d74   Data          36  upgrade.o(.bss)
    Mobile_RxRingBuff                        0x20001d98   Data          16  usart2.o(.bss)
    USART2_RX_BUF                            0x20001da8   Data        1200  usart2.o(.bss)
    USART3_RX_BUF                            0x20002258   Data         200  usart3.o(.bss)
    xQueueRegistry                           0x20002320   Data          64  queue.o(.bss)
    __libspace_start                         0x2000c48c   Data          96  libspace.o(.bss)
    __temporary_stack_top$libspace           0x2000c4ec   Data           0  libspace.o(.bss)



==============================================================================

Memory Map of the image

  Image Entry point : 0x08021131

  Load Region LR_IROM2 (Base: 0x08021000, Size: 0x000152dc, Max: 0x0001e000, ABSOLUTE)

    Execution Region ER_IROM2 (Base: 0x08021000, Size: 0x000151b8, Max: 0x0001e000, ABSOLUTE)

    Base Addr    Size         Type   Attr      Idx    E Section Name        Object

    0x08021000   0x00000130   Data   RO         3342    RESET               startup_stm32f10x_hd.o
    0x08021130   0x00000008   Code   RO         6811  * !!!main             c_w.l(__main.o)
    0x08021138   0x00000034   Code   RO         7300    !!!scatter          c_w.l(__scatter.o)
    0x0802116c   0x0000001a   Code   RO         7302    !!handler_copy      c_w.l(__scatter_copy.o)
    0x08021186   0x00000002   PAD
    0x08021188   0x0000001c   Code   RO         7304    !!handler_zi        c_w.l(__scatter_zi.o)
    0x080211a4   0x00000000   Code   RO         6766    .ARM.Collect$$_printf_percent$$00000000  c_w.l(_printf_percent.o)
    0x080211a4   0x00000006   Code   RO         6765    .ARM.Collect$$_printf_percent$$00000003  c_w.l(_printf_f.o)
    0x080211aa   0x0000000a   Code   RO         6963    .ARM.Collect$$_printf_percent$$00000007  c_w.l(_printf_ll.o)
    0x080211b4   0x00000006   Code   RO         6763    .ARM.Collect$$_printf_percent$$00000009  c_w.l(_printf_d.o)
    0x080211ba   0x00000006   Code   RO         6762    .ARM.Collect$$_printf_percent$$0000000C  c_w.l(_printf_x.o)
    0x080211c0   0x00000006   Code   RO         6767    .ARM.Collect$$_printf_percent$$0000000E  c_w.l(_printf_lld.o)
    0x080211c6   0x00000006   Code   RO         6761    .ARM.Collect$$_printf_percent$$00000014  c_w.l(_printf_s.o)
    0x080211cc   0x00000004   Code   RO         6962    .ARM.Collect$$_printf_percent$$00000017  c_w.l(_printf_percent_end.o)
    0x080211d0   0x00000002   Code   RO         7201    .ARM.Collect$$libinit$$00000000  c_w.l(libinit.o)
    0x080211d2   0x00000000   Code   RO         6980    .ARM.Collect$$libinit$$00000002  c_w.l(libinit2.o)
    0x080211d2   0x00000000   Code   RO         6982    .ARM.Collect$$libinit$$00000004  c_w.l(libinit2.o)
    0x080211d2   0x00000008   Code   RO         6983    .ARM.Collect$$libinit$$00000005  c_w.l(libinit2.o)
    0x080211da   0x00000000   Code   RO         6985    .ARM.Collect$$libinit$$0000000A  c_w.l(libinit2.o)
    0x080211da   0x00000000   Code   RO         6987    .ARM.Collect$$libinit$$0000000C  c_w.l(libinit2.o)
    0x080211da   0x00000000   Code   RO         6989    .ARM.Collect$$libinit$$0000000E  c_w.l(libinit2.o)
    0x080211da   0x00000006   Code   RO         6990    .ARM.Collect$$libinit$$0000000F  c_w.l(libinit2.o)
    0x080211e0   0x00000000   Code   RO         6992    .ARM.Collect$$libinit$$00000011  c_w.l(libinit2.o)
    0x080211e0   0x0000000c   Code   RO         6993    .ARM.Collect$$libinit$$00000012  c_w.l(libinit2.o)
    0x080211ec   0x00000000   Code   RO         6994    .ARM.Collect$$libinit$$00000013  c_w.l(libinit2.o)
    0x080211ec   0x00000000   Code   RO         6996    .ARM.Collect$$libinit$$00000015  c_w.l(libinit2.o)
    0x080211ec   0x0000000a   Code   RO         6997    .ARM.Collect$$libinit$$00000016  c_w.l(libinit2.o)
    0x080211f6   0x00000000   Code   RO         6998    .ARM.Collect$$libinit$$00000017  c_w.l(libinit2.o)
    0x080211f6   0x00000000   Code   RO         7000    .ARM.Collect$$libinit$$00000019  c_w.l(libinit2.o)
    0x080211f6   0x00000000   Code   RO         7002    .ARM.Collect$$libinit$$0000001B  c_w.l(libinit2.o)
    0x080211f6   0x00000000   Code   RO         7004    .ARM.Collect$$libinit$$0000001D  c_w.l(libinit2.o)
    0x080211f6   0x00000000   Code   RO         7006    .ARM.Collect$$libinit$$0000001F  c_w.l(libinit2.o)
    0x080211f6   0x00000000   Code   RO         7008    .ARM.Collect$$libinit$$00000021  c_w.l(libinit2.o)
    0x080211f6   0x00000000   Code   RO         7010    .ARM.Collect$$libinit$$00000023  c_w.l(libinit2.o)
    0x080211f6   0x00000000   Code   RO         7012    .ARM.Collect$$libinit$$00000025  c_w.l(libinit2.o)
    0x080211f6   0x00000000   Code   RO         7016    .ARM.Collect$$libinit$$0000002C  c_w.l(libinit2.o)
    0x080211f6   0x00000000   Code   RO         7018    .ARM.Collect$$libinit$$0000002E  c_w.l(libinit2.o)
    0x080211f6   0x00000000   Code   RO         7020    .ARM.Collect$$libinit$$00000030  c_w.l(libinit2.o)
    0x080211f6   0x00000000   Code   RO         7022    .ARM.Collect$$libinit$$00000032  c_w.l(libinit2.o)
    0x080211f6   0x00000002   Code   RO         7023    .ARM.Collect$$libinit$$00000033  c_w.l(libinit2.o)
    0x080211f8   0x00000002   Code   RO         7285    .ARM.Collect$$libshutdown$$00000000  c_w.l(libshutdown.o)
    0x080211fa   0x00000000   Code   RO         7216    .ARM.Collect$$libshutdown$$00000003  c_w.l(libshutdown2.o)
    0x080211fa   0x00000000   Code   RO         7219    .ARM.Collect$$libshutdown$$00000006  c_w.l(libshutdown2.o)
    0x080211fa   0x00000000   Code   RO         7222    .ARM.Collect$$libshutdown$$00000009  c_w.l(libshutdown2.o)
    0x080211fa   0x00000000   Code   RO         7224    .ARM.Collect$$libshutdown$$0000000B  c_w.l(libshutdown2.o)
    0x080211fa   0x00000000   Code   RO         7227    .ARM.Collect$$libshutdown$$0000000E  c_w.l(libshutdown2.o)
    0x080211fa   0x00000002   Code   RO         7228    .ARM.Collect$$libshutdown$$0000000F  c_w.l(libshutdown2.o)
    0x080211fc   0x00000000   Code   RO         6913    .ARM.Collect$$rtentry$$00000000  c_w.l(__rtentry.o)
    0x080211fc   0x00000000   Code   RO         7080    .ARM.Collect$$rtentry$$00000002  c_w.l(__rtentry2.o)
    0x080211fc   0x00000006   Code   RO         7092    .ARM.Collect$$rtentry$$00000004  c_w.l(__rtentry4.o)
    0x08021202   0x00000000   Code   RO         7082    .ARM.Collect$$rtentry$$00000009  c_w.l(__rtentry2.o)
    0x08021202   0x00000004   Code   RO         7083    .ARM.Collect$$rtentry$$0000000A  c_w.l(__rtentry2.o)
    0x08021206   0x00000000   Code   RO         7085    .ARM.Collect$$rtentry$$0000000C  c_w.l(__rtentry2.o)
    0x08021206   0x00000008   Code   RO         7086    .ARM.Collect$$rtentry$$0000000D  c_w.l(__rtentry2.o)
    0x0802120e   0x00000002   Code   RO         7204    .ARM.Collect$$rtexit$$00000000  c_w.l(rtexit.o)
    0x08021210   0x00000000   Code   RO         7247    .ARM.Collect$$rtexit$$00000002  c_w.l(rtexit2.o)
    0x08021210   0x00000004   Code   RO         7248    .ARM.Collect$$rtexit$$00000003  c_w.l(rtexit2.o)
    0x08021214   0x00000006   Code   RO         7249    .ARM.Collect$$rtexit$$00000004  c_w.l(rtexit2.o)
    0x0802121a   0x00000002   PAD
    0x0802121c   0x00000096   Code   RO         6036    .emb_text           port.o
    0x080212b2   0x00000002   PAD
    0x080212b4   0x00000000   Code   RO         7103    .emb_text           c_w.l(maybetermalloc1.o)
    0x080212b4   0x00000040   Code   RO         3343    .text               startup_stm32f10x_hd.o
    0x080212f4   0x00000002   Code   RO         6633    .text               c_w.l(use_no_semi_2.o)
    0x080212f6   0x0000005e   Code   RO         6639    .text               c_w.l(h1_alloc.o)
    0x08021354   0x0000004e   Code   RO         6641    .text               c_w.l(h1_free.o)
    0x080213a2   0x00000002   PAD
    0x080213a4   0x00000018   Code   RO         6697    .text               c_w.l(__2printf.o)
    0x080213bc   0x0000002c   Code   RO         6699    .text               c_w.l(__2sprintf.o)
    0x080213e8   0x00000038   Code   RO         6701    .text               c_w.l(__2snprintf.o)
    0x08021420   0x0000004e   Code   RO         6711    .text               c_w.l(_printf_pad.o)
    0x0802146e   0x00000052   Code   RO         6713    .text               c_w.l(_printf_str.o)
    0x080214c0   0x00000078   Code   RO         6715    .text               c_w.l(_printf_dec.o)
    0x08021538   0x0000007c   Code   RO         6717    .text               c_w.l(_printf_longlong_dec.o)
    0x080215b4   0x00000058   Code   RO         6722    .text               c_w.l(_printf_hex_int.o)
    0x0802160c   0x00000188   Code   RO         6757    .text               c_w.l(__printf_flags_ss_wp.o)
    0x08021794   0x0000003c   Code   RO         6768    .text               c_w.l(__0sscanf.o)
    0x080217d0   0x0000014c   Code   RO         6770    .text               c_w.l(_scanf_int.o)
    0x0802191c   0x000000e0   Code   RO         6772    .text               c_w.l(_scanf_str.o)
    0x080219fc   0x0000001a   Code   RO         6774    .text               c_w.l(atoi.o)
    0x08021a16   0x00000014   Code   RO         6776    .text               c_w.l(strchr.o)
    0x08021a2a   0x00000024   Code   RO         6778    .text               c_w.l(strstr.o)
    0x08021a4e   0x00000058   Code   RO         6780    .text               c_w.l(memcmp.o)
    0x08021aa6   0x0000003e   Code   RO         6784    .text               c_w.l(strlen.o)
    0x08021ae4   0x00000096   Code   RO         6786    .text               c_w.l(strncmp.o)
    0x08021b7a   0x00000018   Code   RO         6788    .text               c_w.l(strcat.o)
    0x08021b92   0x0000008a   Code   RO         6790    .text               c_w.l(rt_memcpy_v6.o)
    0x08021c1c   0x00000064   Code   RO         6792    .text               c_w.l(rt_memcpy_w.o)
    0x08021c80   0x00000010   Code   RO         6794    .text               c_w.l(aeabi_memset.o)
    0x08021c90   0x00000044   Code   RO         6796    .text               c_w.l(rt_memclr.o)
    0x08021cd4   0x0000004e   Code   RO         6798    .text               c_w.l(rt_memclr_w.o)
    0x08021d22   0x00000056   Code   RO         6800    .text               c_w.l(strncpy.o)
    0x08021d78   0x00000080   Code   RO         6802    .text               c_w.l(strcmpv7m.o)
    0x08021df8   0x000001a8   Code   RO         6807    .text               c_w.l(mktime.o)
    0x08021fa0   0x00000006   Code   RO         6809    .text               c_w.l(heapauxi.o)
    0x08021fa6   0x00000002   Code   RO         6909    .text               c_w.l(use_no_semi.o)
    0x08021fa8   0x00000008   Code   RO         6917    .text               c_w.l(rt_heap_descriptor_intlibspace.o)
    0x08021fb0   0x00000008   Code   RO         6922    .text               c_w.l(rt_errno_addr_intlibspace.o)
    0x08021fb8   0x00000004   Code   RO         6924    .text               c_w.l(hguard.o)
    0x08021fbc   0x0000008a   Code   RO         6926    .text               c_w.l(init_alloc.o)
    0x08022046   0x0000000e   Code   RO         6930    .text               c_w.l(h1_init.o)
    0x08022054   0x0000008a   Code   RO         6944    .text               c_w.l(lludiv10.o)
    0x080220de   0x00000016   Code   RO         6946    .text               c_w.l(_rserrno.o)
    0x080220f4   0x000000b2   Code   RO         6948    .text               c_w.l(_printf_intcommon.o)
    0x080221a6   0x0000041a   Code   RO         6950    .text               c_w.l(_printf_fp_dec.o)
    0x080225c0   0x00000030   Code   RO         6952    .text               c_w.l(_printf_char_common.o)
    0x080225f0   0x0000000a   Code   RO         6954    .text               c_w.l(_sputc.o)
    0x080225fa   0x00000010   Code   RO         6956    .text               c_w.l(_snputc.o)
    0x0802260a   0x0000002c   Code   RO         6958    .text               c_w.l(_printf_char.o)
    0x08022636   0x00000002   PAD
    0x08022638   0x00000024   Code   RO         6960    .text               c_w.l(_printf_char_file.o)
    0x0802265c   0x0000001c   Code   RO         6964    .text               c_w.l(_chval.o)
    0x08022678   0x0000002c   Code   RO         6966    .text               c_w.l(scanf_char.o)
    0x080226a4   0x00000040   Code   RO         6968    .text               c_w.l(_sgetc.o)
    0x080226e4   0x000000a0   Code   RO         6970    .text               c_w.l(strtod.o)
    0x08022784   0x00000070   Code   RO         6972    .text               c_w.l(strtol.o)
    0x080227f4   0x00000008   Code   RO         7076    .text               c_w.l(libspace.o)
    0x080227fc   0x00000010   Code   RO         7094    .text               c_w.l(rt_ctype_table.o)
    0x0802280c   0x00000008   Code   RO         7099    .text               c_w.l(rt_locale_intlibspace.o)
    0x08022814   0x00000034   Code   RO         7105    .text               c_w.l(h1_extend.o)
    0x08022848   0x00000012   Code   RO         7109    .text               c_w.l(isspace.o)
    0x0802285a   0x00000002   PAD
    0x0802285c   0x00000080   Code   RO         7111    .text               c_w.l(_printf_fp_infnan.o)
    0x080228dc   0x00000374   Code   RO         7115    .text               c_w.l(_scanf.o)
    0x08022c50   0x0000009e   Code   RO         7117    .text               c_w.l(_strtoul.o)
    0x08022cee   0x00000002   PAD
    0x08022cf0   0x000000dc   Code   RO         7119    .text               c_w.l(bigflt0.o)
    0x08022dcc   0x00000008   Code   RO         7144    .text               c_w.l(ferror.o)
    0x08022dd4   0x0000000e   Code   RO         7151    .text               c_w.l(defsig_rtmem_outer.o)
    0x08022de2   0x0000004a   Code   RO         7175    .text               c_w.l(sys_stackheap_outer.o)
    0x08022e2c   0x000004a4   Code   RO         7181    .text               c_w.l(scanf_fp.o)
    0x080232d0   0x0000000c   Code   RO         7186    .text               c_w.l(exit.o)
    0x080232dc   0x0000000a   Code   RO         7188    .text               c_w.l(defsig_exit.o)
    0x080232e6   0x00000002   PAD
    0x080232e8   0x00000050   Code   RO         7190    .text               c_w.l(defsig_rtmem_inner.o)
    0x08023338   0x00000032   Code   RO         7212    .text               c_w.l(defsig_general.o)
    0x0802336a   0x00000002   PAD
    0x0802336c   0x00000318   Code   RO         7253    .text               c_w.l(scanf_hexfp.o)
    0x08023684   0x00000134   Code   RO         7255    .text               c_w.l(scanf_infnan.o)
    0x080237b8   0x00000026   Code   RO         7265    .text               c_w.l(llshl.o)
    0x080237de   0x0000003e   Code   RO         7122    CL$$btod_d2e        c_w.l(btod.o)
    0x0802381c   0x00000046   Code   RO         7124    CL$$btod_d2e_denorm_low  c_w.l(btod.o)
    0x08023862   0x00000060   Code   RO         7123    CL$$btod_d2e_norm_op1  c_w.l(btod.o)
    0x080238c2   0x00000338   Code   RO         7132    CL$$btod_div_common  c_w.l(btod.o)
    0x08023bfa   0x00000002   PAD
    0x08023bfc   0x00000054   Code   RO         7130    CL$$btod_e2d        c_w.l(btod.o)
    0x08023c50   0x000000c6   Code   RO         7129    CL$$btod_e2e        c_w.l(btod.o)
    0x08023d16   0x00000028   Code   RO         7126    CL$$btod_ediv       c_w.l(btod.o)
    0x08023d3e   0x00000028   Code   RO         7128    CL$$btod_edivd      c_w.l(btod.o)
    0x08023d66   0x00000028   Code   RO         7125    CL$$btod_emul       c_w.l(btod.o)
    0x08023d8e   0x00000028   Code   RO         7127    CL$$btod_emuld      c_w.l(btod.o)
    0x08023db6   0x00000244   Code   RO         7131    CL$$btod_mult_common  c_w.l(btod.o)
    0x08023ffa   0x00000008   Code   RO         2307    i.AT24CXX_Init      24cxx.o
    0x08024002   0x00000022   Code   RO         2308    i.AT24CXX_Read      24cxx.o
    0x08024024   0x00000054   Code   RO         2309    i.AT24CXX_ReadOneByte  24cxx.o
    0x08024078   0x00000024   Code   RO         2310    i.AT24CXX_Write     24cxx.o
    0x0802409c   0x00000046   Code   RO         2311    i.AT24CXX_WriteOneByte  24cxx.o
    0x080240e2   0x00000010   Code   RO         4649    i.BKP_DeInit        stm32f10x_bkp.o
    0x080240f2   0x00000002   PAD
    0x080240f4   0x0000001c   Code   RO         4654    i.BKP_ReadBackupRegister  stm32f10x_bkp.o
    0x08024110   0x0000001c   Code   RO         4658    i.BKP_WriteBackupRegister  stm32f10x_bkp.o
    0x0802412c   0x00000004   Code   RO          464    i.BusFault_Handler  stm32f10x_it.o
    0x08024130   0x00000020   Code   RO         2561    i.COIN_OUT_SET      selector.o
    0x08024150   0x00000020   Code   RO         2044    i.COMM_PutCs        mobile.o
    0x08024170   0x0000000c   Code   RO         2045    i.COMM_Puts         mobile.o
    0x0802417c   0x00000084   Code   RO         2253    i.Clock_SetTime     rtc.o
    0x08024200   0x00000048   Code   RO         2562    i.CoinCtr           selector.o
    0x08024248   0x00000016   Code   RO         2563    i.CoinInSet         selector.o
    0x0802425e   0x00000002   PAD
    0x08024260   0x000001a0   Code   RO         2633    i.ConvertHexToBin   hexbin.o
    0x08024400   0x00000008   Code   RO         6267    i.Crypto_DeInit     M3_CryptoFW_2_0_6.lib(crypto.o)
    0x08024408   0x00000044   Code   RO         2564    i.CtrCoin           selector.o
    0x0802444c   0x00000024   Code   RO         1921    i.CtrLed            led.o
    0x08024470   0x00000018   Code   RO         4427    i.DMA_Cmd           stm32f10x_dma.o
    0x08024488   0x00000050   Code   RO         2023    i.DMA_Config        dma.o
    0x080244d8   0x0000014c   Code   RO         4428    i.DMA_DeInit        stm32f10x_dma.o
    0x08024624   0x00000020   Code   RO         2024    i.DMA_Enable        dma.o
    0x08024644   0x00000008   Code   RO         4429    i.DMA_GetCurrDataCounter  stm32f10x_dma.o
    0x0802464c   0x0000003c   Code   RO         4433    i.DMA_Init          stm32f10x_dma.o
    0x08024688   0x00000004   Code   RO         4434    i.DMA_SetCurrDataCounter  stm32f10x_dma.o
    0x0802468c   0x00000002   Code   RO          465    i.DebugMon_Handler  stm32f10x_it.o
    0x0802468e   0x00000002   PAD
    0x08024690   0x0000000c   Code   RO         5104    i.EXTI_ClearITPendingBit  stm32f10x_exti.o
    0x0802469c   0x00000028   Code   RO         5108    i.EXTI_GetITStatus  stm32f10x_exti.o
    0x080246c4   0x00000094   Code   RO         5109    i.EXTI_Init         stm32f10x_exti.o
    0x08024758   0x0000000c   Code   RO         4929    i.FLASH_ClearFlag   stm32f10x_flash.o
    0x08024764   0x0000004c   Code   RO         4934    i.FLASH_ErasePage   stm32f10x_flash.o
    0x080247b0   0x00000034   Code   RO         4935    i.FLASH_GetBank1Status  stm32f10x_flash.o
    0x080247e4   0x00000014   Code   RO         4944    i.FLASH_Lock        stm32f10x_flash.o
    0x080247f8   0x0000006c   Code   RO         4949    i.FLASH_ProgramWord  stm32f10x_flash.o
    0x08024864   0x00000018   Code   RO         4952    i.FLASH_Unlock      stm32f10x_flash.o
    0x0802487c   0x00000026   Code   RO         4956    i.FLASH_WaitForLastOperation  stm32f10x_flash.o
    0x080248a2   0x0000000c   Code   RO         1371    i.FreeRTOS_disconnect  mqttfreertos.o
    0x080248ae   0x00000052   Code   RO         1372    i.FreeRTOS_read     mqttfreertos.o
    0x08024900   0x00000116   Code   RO         3389    i.GPIO_Init         stm32f10x_gpio.o
    0x08024a16   0x00000012   Code   RO         3393    i.GPIO_ReadInputDataBit  stm32f10x_gpio.o
    0x08024a28   0x00000004   Code   RO         3396    i.GPIO_ResetBits    stm32f10x_gpio.o
    0x08024a2c   0x00000004   Code   RO         3397    i.GPIO_SetBits      stm32f10x_gpio.o
    0x08024a30   0x000000f4   Code   RO         2046    i.GPRS_GET_CUR_LOCT  mobile.o
    0x08024b24   0x00000020   Code   RO         2634    i.GetAppAddress     hexbin.o
    0x08024b44   0x00000020   Code   RO         2635    i.GetFirstByte      hexbin.o
    0x08024b64   0x000000bc   Code   RO         2636    i.GetHexLineData    hexbin.o
    0x08024c20   0x00000060   Code   RO         2637    i.GetLine           hexbin.o
    0x08024c80   0x00000076   Code   RO         2638    i.GetNextLine       hexbin.o
    0x08024cf6   0x00000022   Code   RO         2639    i.GetStartAddress   hexbin.o
    0x08024d18   0x000000e4   Code   RO         2294    i.Get_ChipID        chip.o
    0x08024dfc   0x00000010   Code   RO         6320    i.HMAC_SHA1_Append  M3_CryptoFW_2_0_6.lib(crypto.o)
    0x08024e0c   0x000000a0   Code   RO         6321    i.HMAC_SHA1_Finish  M3_CryptoFW_2_0_6.lib(crypto.o)
    0x08024eac   0x00000154   Code   RO         6322    i.HMAC_SHA1_Init    M3_CryptoFW_2_0_6.lib(crypto.o)
    0x08025000   0x00000002   Code   RO         2047    i.Hang_Up           mobile.o
    0x08025002   0x00000002   PAD
    0x08025004   0x00000014   Code   RO          466    i.HardFault_Handler  stm32f10x_it.o
    0x08025018   0x00000032   Code   RO         2640    i.HexCharToByte     hexbin.o
    0x0802504a   0x00000002   PAD
    0x0802504c   0x00000050   Code   RO         2348    i.IIC_Ack           myiic.o
    0x0802509c   0x00000034   Code   RO         2349    i.IIC_Init          myiic.o
    0x080250d0   0x00000050   Code   RO         2350    i.IIC_NAck          myiic.o
    0x08025120   0x00000070   Code   RO         2351    i.IIC_Read_Byte     myiic.o
    0x08025190   0x00000068   Code   RO         2352    i.IIC_Send_Byte     myiic.o
    0x080251f8   0x0000004c   Code   RO         2353    i.IIC_Start         myiic.o
    0x08025244   0x0000004c   Code   RO         2354    i.IIC_Stop          myiic.o
    0x08025290   0x00000064   Code   RO         2355    i.IIC_Wait_Ack      myiic.o
    0x080252f4   0x0000005c   Code   RO          569    i.IOT_MC_Publish    iot.o
    0x08025350   0x00000244   Code   RO          570    i.IOT_MC_Subscribe  iot.o
    0x08025594   0x00000040   Code   RO         1922    i.LED_Init          led.o
    0x080255d4   0x00000010   Code   RO         1923    i.LED_OFF           led.o
    0x080255e4   0x00000010   Code   RO         1924    i.LED_ON            led.o
    0x080255f4   0x00000040   Code   RO         1925    i.LedCtr            led.o
    0x08025634   0x0000001c   Code   RO         1926    i.LedSetStatus      led.o
    0x08025650   0x0000007c   Code   RO         1151    i.MD5KeyId_read     prize.o
    0x080256cc   0x00000078   Code   RO         1152    i.MD5Key_read       prize.o
    0x08025744   0x0000002a   Code   RO         6332    i.MD5_Append        M3_CryptoFW_2_0_6.lib(crypto.o)
    0x0802576e   0x00000090   Code   RO         6333    i.MD5_Finish        M3_CryptoFW_2_0_6.lib(crypto.o)
    0x080257fe   0x00000002   PAD
    0x08025800   0x0000003c   Code   RO         6334    i.MD5_Init          M3_CryptoFW_2_0_6.lib(crypto.o)
    0x0802583c   0x00000074   Code   RO         2048    i.MOBILE_CTR_Config  mobile.o
    0x080258b0   0x00000020   Code   RO         2049    i.MOBILE_POWER      mobile.o
    0x080258d0   0x00000014   Code   RO         2050    i.MOBILE_RESET_OFF  mobile.o
    0x080258e4   0x00000014   Code   RO         2051    i.MOBILE_RESET_ON   mobile.o
    0x080258f8   0x00000268   Code   RO         2216    i.MOBILE_Startup    mobile_startup.o
    0x08025b60   0x0000000c   Code   RO         2217    i.MOBILE_Startup_Init  mobile_startup.o
    0x08025b6c   0x0000001a   Code   RO         1214    i.MQTTCleanSession  mqttclient.o
    0x08025b86   0x0000000c   Code   RO         1215    i.MQTTClientCallbackInit  mqttclient.o
    0x08025b92   0x00000068   Code   RO         1216    i.MQTTClientInit    mqttclient.o
    0x08025bfa   0x00000010   Code   RO         1217    i.MQTTCloseSession  mqttclient.o
    0x08025c0a   0x00000012   Code   RO         1218    i.MQTTConnect       mqttclient.o
    0x08025c1c   0x000000d4   Code   RO         1219    i.MQTTConnectWithResults  mqttclient.o
    0x08025cf0   0x0000006c   Code   RO         1592    i.MQTTDeserialize_ack  mqttdeserializepublish.o
    0x08025d5c   0x00000076   Code   RO         1526    i.MQTTDeserialize_connack  mqttconnectclient.o
    0x08025dd2   0x000000a8   Code   RO         1593    i.MQTTDeserialize_publish  mqttdeserializepublish.o
    0x08025e7a   0x00000092   Code   RO         1837    i.MQTTDeserialize_suback  mqttsubscribeclient.o
    0x08025f0c   0x00000052   Code   RO         1220    i.MQTTDisconnect    mqttclient.o
    0x08025f5e   0x00000006   Code   RO         1221    i.MQTTIsConnected   mqttclient.o
    0x08025f64   0x00000058   Code   RO         1680    i.MQTTPacket_decode  mqttpacket.o
    0x08025fbc   0x0000001c   Code   RO         1681    i.MQTTPacket_decodeBuf  mqttpacket.o
    0x08025fd8   0x00000036   Code   RO         1683    i.MQTTPacket_encode  mqttpacket.o
    0x0802600e   0x00000042   Code   RO         1684    i.MQTTPacket_equals  mqttpacket.o
    0x08026050   0x00000028   Code   RO         1685    i.MQTTPacket_len    mqttpacket.o
    0x08026078   0x00000150   Code   RO         1222    i.MQTTPublish       mqttclient.o
    0x080261c8   0x0000003a   Code   RO         1223    i.MQTTRun           mqttclient.o
    0x08026202   0x00000072   Code   RO         1795    i.MQTTSerialize_ack  mqttserializepublish.o
    0x08026274   0x00000168   Code   RO         1527    i.MQTTSerialize_connect  mqttconnectclient.o
    0x080263dc   0x00000076   Code   RO         1528    i.MQTTSerialize_connectLength  mqttconnectclient.o
    0x08026452   0x00000012   Code   RO         1529    i.MQTTSerialize_disconnect  mqttconnectclient.o
    0x08026464   0x00000012   Code   RO         1530    i.MQTTSerialize_pingreq  mqttconnectclient.o
    0x08026476   0x000000b0   Code   RO         1798    i.MQTTSerialize_publish  mqttserializepublish.o
    0x08026526   0x00000022   Code   RO         1799    i.MQTTSerialize_publishLength  mqttserializepublish.o
    0x08026548   0x000000b0   Code   RO         1838    i.MQTTSerialize_subscribe  mqttsubscribeclient.o
    0x080265f8   0x0000002e   Code   RO         1839    i.MQTTSerialize_subscribeLength  mqttsubscribeclient.o
    0x08026626   0x0000004c   Code   RO         1531    i.MQTTSerialize_zero  mqttconnectclient.o
    0x08026672   0x0000008a   Code   RO         1224    i.MQTTSetMessageHandler  mqttclient.o
    0x080266fc   0x00000018   Code   RO         1225    i.MQTTStartTask     mqttclient.o
    0x08026714   0x00000020   Code   RO         1226    i.MQTTSubscribe     mqttclient.o
    0x08026734   0x000000dc   Code   RO         1227    i.MQTTSubscribeWithResults  mqttclient.o
    0x08026810   0x00000018   Code   RO         1688    i.MQTTstrlen        mqttpacket.o
    0x08026828   0x00000004   Code   RO          467    i.MemManage_Handler  stm32f10x_it.o
    0x0802682c   0x00000034   Code   RO         1464    i.MqttClientConnected  mqtt_client.o
    0x08026860   0x00000030   Code   RO         1465    i.MqttClientDisconnected  mqtt_client.o
    0x08026890   0x0000003c   Code   RO         1466    i.MqttClientInited  mqtt_client.o
    0x080268cc   0x00000438   Code   RO         1467    i.Mqtt_Clinet_Task  mqtt_client.o
    0x08026d04   0x0000000e   Code   RO         1374    i.MutexInit         mqttfreertos.o
    0x08026d12   0x00000012   Code   RO         1375    i.MutexLock         mqttfreertos.o
    0x08026d24   0x00000012   Code   RO         1376    i.MutexUnlock       mqttfreertos.o
    0x08026d36   0x00000002   Code   RO          468    i.NMI_Handler       stm32f10x_it.o
    0x08026d38   0x00000070   Code   RO         3347    i.NVIC_Init         misc.o
    0x08026da8   0x00000014   Code   RO         3348    i.NVIC_PriorityGroupConfig  misc.o
    0x08026dbc   0x0000002a   Code   RO         1377    i.NetworkConnect    mqttfreertos.o
    0x08026de6   0x00000002   PAD
    0x08026de8   0x00000020   Code   RO         1378    i.NetworkInit       mqttfreertos.o
    0x08026e08   0x00000006   Code   RO         1230    i.NewMessageData    mqttclient.o
    0x08026e0e   0x00000096   Code   RO         2453    i.PVD_Configuration  pvd.o
    0x08026ea4   0x00000060   Code   RO         2454    i.PVD_IRQHandler    pvd.o
    0x08026f04   0x0000000c   Code   RO         4587    i.PWR_BackupAccessCmd  stm32f10x_pwr.o
    0x08026f10   0x0000000c   Code   RO         4593    i.PWR_PVDCmd        stm32f10x_pwr.o
    0x08026f1c   0x00000018   Code   RO         4594    i.PWR_PVDLevelConfig  stm32f10x_pwr.o
    0x08026f34   0x00000070   Code   RO         3299    i.ParseForStream    protobuf.o
    0x08026fa4   0x00000020   Code   RO         3498    i.RCC_AHBPeriphClockCmd  stm32f10x_rcc.o
    0x08026fc4   0x00000020   Code   RO         3499    i.RCC_APB1PeriphClockCmd  stm32f10x_rcc.o
    0x08026fe4   0x00000020   Code   RO         3500    i.RCC_APB1PeriphResetCmd  stm32f10x_rcc.o
    0x08027004   0x00000020   Code   RO         3501    i.RCC_APB2PeriphClockCmd  stm32f10x_rcc.o
    0x08027024   0x00000020   Code   RO         3502    i.RCC_APB2PeriphResetCmd  stm32f10x_rcc.o
    0x08027044   0x0000000c   Code   RO         3504    i.RCC_BackupResetCmd  stm32f10x_rcc.o
    0x08027050   0x000000d4   Code   RO         3509    i.RCC_GetClocksFreq  stm32f10x_rcc.o
    0x08027124   0x0000003c   Code   RO         3510    i.RCC_GetFlagStatus  stm32f10x_rcc.o
    0x08027160   0x00000034   Code   RO         3517    i.RCC_LSEConfig     stm32f10x_rcc.o
    0x08027194   0x0000000c   Code   RO         3524    i.RCC_RTCCLKCmd     stm32f10x_rcc.o
    0x080271a0   0x00000010   Code   RO         3525    i.RCC_RTCCLKConfig  stm32f10x_rcc.o
    0x080271b0   0x0000000a   Code   RO         3085    i.RINGBUF_Clear     ringbuf.o
    0x080271ba   0x0000002e   Code   RO         3086    i.RINGBUF_Get       ringbuf.o
    0x080271e8   0x0000001e   Code   RO         3087    i.RINGBUF_GetFill   ringbuf.o
    0x08027206   0x0000001e   Code   RO         3088    i.RINGBUF_Init      ringbuf.o
    0x08027224   0x0000002a   Code   RO         3089    i.RINGBUF_Put       ringbuf.o
    0x0802724e   0x00000002   PAD
    0x08027250   0x00000010   Code   RO         4498    i.RTC_ClearITPendingBit  stm32f10x_rtc.o
    0x08027260   0x00000014   Code   RO         4499    i.RTC_EnterConfigMode  stm32f10x_rtc.o
    0x08027274   0x00000014   Code   RO         4500    i.RTC_ExitConfigMode  stm32f10x_rtc.o
    0x08027288   0x00000014   Code   RO         4501    i.RTC_GetCounter    stm32f10x_rtc.o
    0x0802729c   0x00000024   Code   RO         4504    i.RTC_GetITStatus   stm32f10x_rtc.o
    0x080272c0   0x00000014   Code   RO         2254    i.RTC_IRQHandler    rtc.o
    0x080272d4   0x00000020   Code   RO         4505    i.RTC_ITConfig      stm32f10x_rtc.o
    0x080272f4   0x00000118   Code   RO         2255    i.RTC_Init          rtc.o
    0x0802740c   0x0000001c   Code   RO         4507    i.RTC_SetCounter    stm32f10x_rtc.o
    0x08027428   0x00000020   Code   RO         4508    i.RTC_SetPrescaler  stm32f10x_rtc.o
    0x08027448   0x00000014   Code   RO         4509    i.RTC_WaitForLastTask  stm32f10x_rtc.o
    0x0802745c   0x00000024   Code   RO         4510    i.RTC_WaitForSynchro  stm32f10x_rtc.o
    0x08027480   0x00000070   Code   RO         2565    i.SELECTOR_GPIO_Config  selector.o
    0x080274f0   0x00000188   Code   RO         6360    i.SHA1Final         M3_CryptoFW_2_0_6.lib(crypto.o)
    0x08027678   0x0000037c   Code   RO         6362    i.SHA1Transform     M3_CryptoFW_2_0_6.lib(crypto.o)
    0x080279f4   0x000000bc   Code   RO         6364    i.SHA1_Append       M3_CryptoFW_2_0_6.lib(crypto.o)
    0x08027ab0   0x00000090   Code   RO         6365    i.SHA1_Finish       M3_CryptoFW_2_0_6.lib(crypto.o)
    0x08027b40   0x00000046   Code   RO         6162    i.STM32_MD5_HASH_DigestCompute  hash_crypt.o
    0x08027b86   0x00000050   Code   RO         6163    i.STM32_SHA1_HMAC_Compute  hash_crypt.o
    0x08027bd6   0x00000002   PAD
    0x08027bd8   0x00000098   Code   RO         2402    i.STMFLASH_Erase    flash.o
    0x08027c70   0x00000006   Code   RO         2405    i.STMFLASH_ReadWord  flash.o
    0x08027c76   0x00000002   PAD
    0x08027c78   0x00000114   Code   RO         3300    i.Serialize         protobuf.o
    0x08027d8c   0x00000022   Code   RO         3301    i.SerializeToOstream  protobuf.o
    0x08027dae   0x00000008   Code   RO          535    i.SetSysClock       system_stm32f10x.o
    0x08027db6   0x00000002   PAD
    0x08027db8   0x000000e0   Code   RO          536    i.SetSysClockTo72   system_stm32f10x.o
    0x08027e98   0x00000028   Code   RO         3351    i.SysTick_CLKSourceConfig  misc.o
    0x08027ec0   0x00000010   Code   RO         2846    i.SysTick_Handler   delay.o
    0x08027ed0   0x00000010   Code   RO         2887    i.Sys_Soft_Reset    sys.o
    0x08027ee0   0x00000060   Code   RO          538    i.SystemInit        system_stm32f10x.o
    0x08027f40   0x0000006c   Code   RO         2052    i.TCP1_Disconnected  mobile.o
    0x08027fac   0x0000001e   Code   RO         1966    i.TIM2_IRQHandler   timer.o
    0x08027fca   0x00000002   PAD
    0x08027fcc   0x0000002c   Code   RO         1967    i.TIM3_IRQHandler   timer.o
    0x08027ff8   0x00000030   Code   RO         1969    i.TIM5_IRQHandler   timer.o
    0x08028028   0x00000060   Code   RO         1970    i.TIM5_Int_Init     timer.o
    0x08028088   0x00000006   Code   RO         3888    i.TIM_ClearITPendingBit  stm32f10x_tim.o
    0x0802808e   0x00000018   Code   RO         3893    i.TIM_Cmd           stm32f10x_tim.o
    0x080280a6   0x00000022   Code   RO         3914    i.TIM_GetITStatus   stm32f10x_tim.o
    0x080280c8   0x00000012   Code   RO         3918    i.TIM_ITConfig      stm32f10x_tim.o
    0x080280da   0x00000004   Code   RO         3958    i.TIM_SetCounter    stm32f10x_tim.o
    0x080280de   0x00000002   PAD
    0x080280e0   0x000000a4   Code   RO         3964    i.TIM_TimeBaseInit  stm32f10x_tim.o
    0x08028184   0x0000003c   Code   RO         1379    i.ThreadStart       mqttfreertos.o
    0x080281c0   0x00000052   Code   RO         1971    i.Timer2_Init_Config  timer.o
    0x08028212   0x00000028   Code   RO         1972    i.Timer2_Start      timer.o
    0x0802823a   0x00000016   Code   RO         1973    i.Timer2_Stop       timer.o
    0x08028250   0x00000016   Code   RO         1380    i.TimerCountdown    mqttfreertos.o
    0x08028266   0x00000010   Code   RO         1381    i.TimerCountdownMS  mqttfreertos.o
    0x08028276   0x0000000a   Code   RO         1382    i.TimerInit         mqttfreertos.o
    0x08028280   0x00000016   Code   RO         1383    i.TimerIsExpired    mqttfreertos.o
    0x08028296   0x00000010   Code   RO         1384    i.TimerLeftMS       mqttfreertos.o
    0x080282a6   0x00000002   PAD
    0x080282a8   0x00000028   Code   RO         2919    i.USART1_SendByte   usart1.o
    0x080282d0   0x00000048   Code   RO         2977    i.USART2_IRQHandler  usart2.o
    0x08028318   0x00000016   Code   RO         2978    i.USART2_PutString  usart2.o
    0x0802832e   0x00000002   PAD
    0x08028330   0x00000028   Code   RO         2979    i.USART2_SendByte   usart2.o
    0x08028358   0x00000060   Code   RO         3019    i.USART3_IRQHandler  usart3.o
    0x080283b8   0x00000038   Code   RO         3021    i.USART3_SendData   usart3.o
    0x080283f0   0x00000012   Code   RO         3697    i.USART_ClearFlag   stm32f10x_usart.o
    0x08028402   0x0000001e   Code   RO         3698    i.USART_ClearITPendingBit  stm32f10x_usart.o
    0x08028420   0x00000018   Code   RO         3701    i.USART_Cmd         stm32f10x_usart.o
    0x08028438   0x00000012   Code   RO         3702    i.USART_DMACmd      stm32f10x_usart.o
    0x0802844a   0x00000002   PAD
    0x0802844c   0x0000009c   Code   RO         3703    i.USART_DeInit      stm32f10x_usart.o
    0x080284e8   0x0000001a   Code   RO         3704    i.USART_GetFlagStatus  stm32f10x_usart.o
    0x08028502   0x00000054   Code   RO         3705    i.USART_GetITStatus  stm32f10x_usart.o
    0x08028556   0x0000004a   Code   RO         3707    i.USART_ITConfig    stm32f10x_usart.o
    0x080285a0   0x000000d8   Code   RO         3708    i.USART_Init        stm32f10x_usart.o
    0x08028678   0x0000000a   Code   RO         3715    i.USART_ReceiveData  stm32f10x_usart.o
    0x08028682   0x00000008   Code   RO         3718    i.USART_SendData    stm32f10x_usart.o
    0x0802868a   0x00000008   Code   RO         2257    i.Unix_Get          rtc.o
    0x08028692   0x00000004   Code   RO          469    i.UsageFault_Handler  stm32f10x_it.o
    0x08028696   0x00000028   Code   RO         7058    i.__ARM_fpclassify  m_ws.l(fpclassify.o)
    0x080286be   0x0000000e   Code   RO         7048    i.__mathlib_dbl_overflow  m_ws.l(dunder.o)
    0x080286cc   0x00000010   Code   RO         7050    i.__mathlib_dbl_underflow  m_ws.l(dunder.o)
    0x080286dc   0x00000010   Code   RO         7240    i.__mathlib_narrow  m_ws.l(narrow.o)
    0x080286ec   0x00000088   Code   RO         7241    i.__mathlib_tofloat  m_ws.l(narrow.o)
    0x08028774   0x00000016   Code   RO         7287    i.__support_ldexp   m_ws.l(ldexp.o)
    0x0802878a   0x0000000e   Code   RO         6750    i._is_digit         c_w.l(__printf_wp.o)
    0x08028798   0x00000004   Code   RO         2922    i._sys_exit         usart1.o
    0x0802879c   0x00000004   Code   RO         2923    i._ttywrch          usart1.o
    0x080287a0   0x00000210   Code   RO          572    i.aliyun_iot_info_gen  iot.o
    0x080289b0   0x000000a4   Code   RO         2054    i.at_send_cmd       mobile.o
    0x08028a54   0x000000c4   Code   RO         2055    i.at_wait_ack       mobile.o
    0x08028b18   0x000000dc   Code   RO         2455    i.backup_read       pvd.o
    0x08028bf4   0x00000028   Code   RO         1689    i.bufchar           mqttpacket.o
    0x08028c1c   0x00000098   Code   RO          573    i.c2s_firmware_upgrade_progress  iot.o
    0x08028cb4   0x000000c4   Code   RO          574    i.c2s_s2c_status    iot.o
    0x08028d78   0x0000002c   Code   RO          781    i.check_device      device.o
    0x08028da4   0x00000034   Code   RO         2056    i.chrlookfor        mobile.o
    0x08028dd8   0x00000020   Code   RO         2566    i.coin_out_action   selector.o
    0x08028df8   0x000001e8   Code   RO         2567    i.coin_tb_in_det    selector.o
    0x08028fe0   0x000000d8   Code   RO         6404    i.crl_u_MD5_Finish  M3_CryptoFW_2_0_6.lib(crypto.o)
    0x080290b8   0x00000096   Code   RO         6406    i.crl_u_MD5_Update  M3_CryptoFW_2_0_6.lib(crypto.o)
    0x0802914e   0x000001a6   Code   RO         1231    i.cycle             mqttclient.o
    0x080292f4   0x00000028   Code   RO         3061    i.dbgchar_printf    dbg.o
    0x0802931c   0x00000060   Code   RO         3062    i.dbghex_printf     dbg.o
    0x0802937c   0x0000006c   Code   RO         1232    i.decodePacket      mqttclient.o
    0x080293e8   0x0000005c   Code   RO         2847    i.delay_init        delay.o
    0x08029444   0x00000040   Code   RO         2848    i.delay_ms          delay.o
    0x08029484   0x00000048   Code   RO         2849    i.delay_us          delay.o
    0x080294cc   0x00000018   Code   RO         2850    i.delay_xms         delay.o
    0x080294e4   0x0000008c   Code   RO         1233    i.deliverMessage    mqttclient.o
    0x08029570   0x00000028   Code   RO          782    i.device_account_clr_response  device.o
    0x08029598   0x00000022   Code   RO          783    i.device_account_get  device.o
    0x080295ba   0x00000002   PAD
    0x080295bc   0x000000b8   Code   RO          784    i.device_account_get_response  device.o
    0x08029674   0x00000028   Code   RO          785    i.device_account_set_response  device.o
    0x0802969c   0x00000028   Code   RO          786    i.device_back_account_clr_response  device.o
    0x080296c4   0x000000e0   Code   RO          787    i.device_check_response  device.o
    0x080297a4   0x0000002e   Code   RO          788    i.device_cmd_and_wait_ack  device.o
    0x080297d2   0x00000002   PAD
    0x080297d4   0x000000b4   Code   RO          789    i.device_cmd_send   device.o
    0x08029888   0x00000248   Code   RO          790    i.device_coin_report_or_store  device.o
    0x08029ad0   0x00000a38   Code   RO          791    i.device_coin_set_response  device.o
    0x0802a508   0x000002c8   Code   RO          792    i.device_com_process  device.o
    0x0802a7d0   0x00000160   Code   RO          793    i.device_comm_timeout  device.o
    0x0802a930   0x00000164   Code   RO          794    i.device_data_filter  device.o
    0x0802aa94   0x000001b8   Code   RO          795    i.device_failcoin_get_response  device.o
    0x0802ac4c   0x000003e4   Code   RO          796    i.device_failprize_get_response  device.o
    0x0802b030   0x00000028   Code   RO          797    i.device_front_account_clr_response  device.o
    0x0802b058   0x00000028   Code   RO          798    i.device_increment_get_response  device.o
    0x0802b080   0x00000008   Code   RO          799    i.device_increment_report  device.o
    0x0802b088   0x00000040   Code   RO          800    i.device_insert_coin  device.o
    0x0802b0c8   0x00000060   Code   RO          801    i.device_order_get_response  device.o
    0x0802b128   0x000000b8   Code   RO          802    i.device_param_get_response  device.o
    0x0802b1e0   0x00000026   Code   RO          803    i.device_param_set_response  device.o
    0x0802b206   0x00000022   Code   RO          804    i.device_params_get  device.o
    0x0802b228   0x00000022   Code   RO          805    i.device_params_set  device.o
    0x0802b24a   0x00000002   PAD
    0x0802b24c   0x00000094   Code   RO          806    i.device_payqrcode_get_response  device.o
    0x0802b2e0   0x00000028   Code   RO          807    i.device_prize_clr_response  device.o
    0x0802b308   0x00000198   Code   RO          808    i.device_prize_get_response  device.o
    0x0802b4a0   0x0000004c   Code   RO          809    i.device_prize_qrcode3_send  device.o
    0x0802b4ec   0x000000c0   Code   RO          810    i.device_prize_qrcode_gen_response  device.o
    0x0802b5ac   0x00000080   Code   RO          811    i.device_prize_qrcode_send  device.o
    0x0802b62c   0x00000864   Code   RO          812    i.device_prize_report  device.o
    0x0802be90   0x00000056   Code   RO          813    i.device_prize_set  device.o
    0x0802bee6   0x0000001e   Code   RO          814    i.device_prize_set_response  device.o
    0x0802bf04   0x00000028   Code   RO          815    i.device_prizeqrcode_set_response  device.o
    0x0802bf2c   0x00000022   Code   RO          816    i.device_qrcode_set  device.o
    0x0802bf4e   0x00000028   Code   RO          817    i.device_qrcode_set_response  device.o
    0x0802bf76   0x000000a2   Code   RO          818    i.device_race_set   device.o
    0x0802c018   0x000000fc   Code   RO          819    i.device_ranking_request_response  device.o
    0x0802c114   0x0000002c   Code   RO          820    i.device_request_signal  device.o
    0x0802c140   0x00000028   Code   RO          821    i.device_reset_response  device.o
    0x0802c168   0x00000028   Code   RO          822    i.device_restore_response  device.o
    0x0802c190   0x00000028   Code   RO          823    i.device_sleep_response  device.o
    0x0802c1b8   0x00000008   Code   RO          824    i.device_status_get_response  device.o
    0x0802c1c0   0x0000006c   Code   RO          825    i.device_status_report  device.o
    0x0802c22c   0x0000001e   Code   RO          826    i.device_status_set_response  device.o
    0x0802c24a   0x00000002   PAD
    0x0802c24c   0x00000234   Code   RO          827    i.device_stored_report  device.o
    0x0802c480   0x00000028   Code   RO          828    i.device_wake_response  device.o
    0x0802c4a8   0x00000098   Code   RO         1115    i.eqpt_msgInfoProc  routine.o
    0x0802c540   0x0000004c   Code   RO          829    i.fail_coin_confirm  device.o
    0x0802c58c   0x00000080   Code   RO         2477    i.firmware_data_read  info_storage.o
    0x0802c60c   0x00000050   Code   RO         2478    i.firmware_data_write  info_storage.o
    0x0802c65c   0x000000c0   Code   RO          830    i.firmware_first_pub  device.o
    0x0802c71c   0x0000001c   Code   RO         2924    i.fputc             usart1.o
    0x0802c738   0x00000058   Code   RO         7262    i.frexp             m_ws.l(frexp.o)
    0x0802c790   0x00000044   Code   RO         2686    i.ftp_close         upgrade.o
    0x0802c7d4   0x00000084   Code   RO         2687    i.ftp_file_get      upgrade.o
    0x0802c858   0x00000070   Code   RO         2688    i.ftp_file_size     upgrade.o
    0x0802c8c8   0x00000090   Code   RO         2689    i.ftp_getSize       upgrade.o
    0x0802c958   0x00000064   Code   RO         2690    i.ftp_open          upgrade.o
    0x0802c9bc   0x00000018   Code   RO         1234    i.getNextPacketId   mqttclient.o
    0x0802c9d4   0x0000000c   Code   RO         2691    i.get_bin_mark      upgrade.o
    0x0802c9e0   0x00000020   Code   RO         2479    i.get_record_f      info_storage.o
    0x0802ca00   0x00000020   Code   RO         2480    i.get_record_ws     info_storage.o
    0x0802ca20   0x00000090   Code   RO         6164    i.hmac_sha1_calc    hash_crypt.o
    0x0802cab0   0x0000001a   Code   RO         3222    i.htonl             encoding.o
    0x0802caca   0x0000000c   Code   RO         3224    i.htons             encoding.o
    0x0802cad6   0x00000002   PAD
    0x0802cad8   0x0000007c   Code   RO         2693    i.iap_write_appbin  upgrade.o
    0x0802cb54   0x0000004a   Code   RO          832    i.insert_coin_confirm  device.o
    0x0802cb9e   0x00000002   PAD
    0x0802cba0   0x0000004c   Code   RO          575    i.iot_cloudpub      iot.o
    0x0802cbec   0x000000d8   Code   RO          576    i.iot_com_process   iot.o
    0x0802ccc4   0x00000014   Code   RO         2481    i.iot_data_read     info_storage.o
    0x0802ccd8   0x00000028   Code   RO         2482    i.iot_data_write    info_storage.o
    0x0802cd00   0x0000008c   Code   RO          577    i.iot_info_set      iot.o
    0x0802cd8c   0x0000008c   Code   RO         1116    i.iot_msgInfoProc   routine.o
    0x0802ce18   0x0000017c   Code   RO          578    i.iot_msg_parse     iot.o
    0x0802cf94   0x00000014   Code   RO         2218    i.isMOBILE_Startup_Good  mobile_startup.o
    0x0802cfa8   0x00000076   Code   RO         1235    i.isTopicMatched    mqttclient.o
    0x0802d01e   0x00000002   PAD
    0x0802d020   0x00000010   Code   RO          579    i.is_iot_works      iot.o
    0x0802d030   0x00000014   Code   RO         2694    i.is_upgrading      upgrade.o
    0x0802d044   0x00000062   Code   RO         1236    i.keepalive         mqttclient.o
    0x0802d0a6   0x00000074   Code   RO         7288    i.ldexp             m_ws.l(ldexp.o)
    0x0802d11a   0x0000000e   Code   RO         3127    i.list_iterator_destroy  sys_list.o
    0x0802d128   0x0000001a   Code   RO         3128    i.list_iterator_new  sys_list.o
    0x0802d142   0x0000001a   Code   RO         3129    i.list_iterator_new_from_node  sys_list.o
    0x0802d15c   0x00000014   Code   RO         3130    i.list_iterator_next  sys_list.o
    0x0802d170   0x0000001e   Code   RO         3133    i.list_new          sys_list.o
    0x0802d18e   0x0000001c   Code   RO         3134    i.list_node_new     sys_list.o
    0x0802d1aa   0x00000048   Code   RO         3135    i.list_remove       sys_list.o
    0x0802d1f2   0x00000002   PAD
    0x0802d1f4   0x00000064   Code   RO         3137    i.list_rpush        sys_list.o
    0x0802d258   0x000000f4   Code   RO            1    i.main              main.o
    0x0802d34c   0x0000007c   Code   RO         6165    i.md5_calc          hash_crypt.o
    0x0802d3c8   0x00000810   Code   RO         6410    i.md5_process       M3_CryptoFW_2_0_6.lib(crypto.o)
    0x0802dbd8   0x00000054   Code   RO         1468    i.messageArrived    mqtt_client.o
    0x0802dc2c   0x0000007c   Code   RO         2057    i.mobile_getCCID    mobile.o
    0x0802dca8   0x000000f4   Code   RO         2058    i.mobile_getCCLK    mobile.o
    0x0802dd9c   0x00000088   Code   RO         2059    i.mobile_getCSQ     mobile.o
    0x0802de24   0x00000090   Code   RO         2060    i.mobile_getIMEI    mobile.o
    0x0802deb4   0x0000000c   Code   RO         2061    i.mobile_get_signal  mobile.o
    0x0802dec0   0x000000bc   Code   RO         2182    i.mobile_net_connect  mobile_net.o
    0x0802df7c   0x00000068   Code   RO         2183    i.mobile_net_disconnect  mobile_net.o
    0x0802dfe4   0x00000090   Code   RO         2184    i.mobile_net_read   mobile_net.o
    0x0802e074   0x00000104   Code   RO         2185    i.mobile_net_write  mobile_net.o
    0x0802e178   0x000002a8   Code   RO         2062    i.moblie_data_filter  mobile.o
    0x0802e420   0x0000000c   Code   RO         3227    i.ntohs             encoding.o
    0x0802e42c   0x0000008c   Code   RO         1153    i.prizeInfo_read    prize.o
    0x0802e4b8   0x0000001e   Code   RO         1154    i.prizeInfo_save    prize.o
    0x0802e4d6   0x00000002   PAD
    0x0802e4d8   0x00000078   Code   RO         1155    i.prizeUrl_read     prize.o
    0x0802e550   0x000000cc   Code   RO         1156    i.prize_qrcode1_gen  prize.o
    0x0802e61c   0x000000ec   Code   RO         1157    i.prize_qrcode2_gen  prize.o
    0x0802e708   0x000000e0   Code   RO         1158    i.prize_qrcode3_gen  prize.o
    0x0802e7e8   0x00000098   Code   RO         5540    i.prvAddCurrentTaskToDelayedList  tasks.o
    0x0802e880   0x000000b8   Code   RO         5541    i.prvAddNewTaskToReadyList  tasks.o
    0x0802e938   0x00000064   Code   RO         5906    i.prvCheckForValidListAndQueue  timers.o
    0x0802e99c   0x00000064   Code   RO         5542    i.prvCheckTasksWaitingTermination  tasks.o
    0x0802ea00   0x0000002a   Code   RO         5310    i.prvCopyDataFromQueue  queue.o
    0x0802ea2a   0x0000007c   Code   RO         5311    i.prvCopyDataToQueue  queue.o
    0x0802eaa6   0x00000012   Code   RO         5543    i.prvDeleteTCB      tasks.o
    0x0802eab8   0x00000028   Code   RO         5907    i.prvGetNextExpireTime  timers.o
    0x0802eae0   0x0000007c   Code   RO         6113    i.prvHeapInit       heap_4.o
    0x0802eb5c   0x00000028   Code   RO         5544    i.prvIdleTask       tasks.o
    0x0802eb84   0x0000001c   Code   RO         5312    i.prvInitialiseMutex  queue.o
    0x0802eba0   0x0000002e   Code   RO         5313    i.prvInitialiseNewQueue  queue.o
    0x0802ebce   0x00000002   PAD
    0x0802ebd0   0x000000d0   Code   RO         5545    i.prvInitialiseNewTask  tasks.o
    0x0802eca0   0x00000068   Code   RO         5546    i.prvInitialiseTaskLists  tasks.o
    0x0802ed08   0x00000068   Code   RO         6114    i.prvInsertBlockIntoFreeList  heap_4.o
    0x0802ed70   0x00000058   Code   RO         5909    i.prvInsertTimerInActiveList  timers.o
    0x0802edc8   0x0000001a   Code   RO         5314    i.prvIsQueueEmpty   queue.o
    0x0802ede2   0x0000001e   Code   RO         5315    i.prvIsQueueFull    queue.o
    0x0802ee00   0x000000a0   Code   RO         5316    i.prvNotifyQueueSetContainer  queue.o
    0x0802eea0   0x00000080   Code   RO         5910    i.prvProcessExpiredTimer  timers.o
    0x0802ef20   0x0000012c   Code   RO         5911    i.prvProcessReceivedCommands  timers.o
    0x0802f04c   0x00000074   Code   RO         5912    i.prvProcessTimerOrBlockTask  timers.o
    0x0802f0c0   0x00000034   Code   RO         5548    i.prvResetNextTaskUnblockTime  tasks.o
    0x0802f0f4   0x0000002c   Code   RO         5913    i.prvSampleTimeNow  timers.o
    0x0802f120   0x000000bc   Code   RO         5914    i.prvSwitchTimerLists  timers.o
    0x0802f1dc   0x00000070   Code   RO         6037    i.prvTaskExitError  port.o
    0x0802f24c   0x00000074   Code   RO         5550    i.prvTaskIsTaskSuspended  tasks.o
    0x0802f2c0   0x0000001a   Code   RO         5915    i.prvTimerTask      timers.o
    0x0802f2da   0x00000092   Code   RO         5317    i.prvUnlockQueue    queue.o
    0x0802f36c   0x00000100   Code   RO         1117    i.push_eqptInfo_to  routine.o
    0x0802f46c   0x000000d8   Code   RO         1118    i.push_iotInfo_to   routine.o
    0x0802f544   0x00000154   Code   RO         6115    i.pvPortMalloc      heap_4.o
    0x0802f698   0x00000020   Code   RO         5552    i.pvTaskIncrementMutexHeldCount  tasks.o
    0x0802f6b8   0x00000024   Code   RO         6038    i.pxPortInitialiseStack  port.o
    0x0802f6dc   0x0000000e   Code   RO         1691    i.readChar          mqttpacket.o
    0x0802f6ea   0x0000001a   Code   RO         1692    i.readInt           mqttpacket.o
    0x0802f704   0x0000003a   Code   RO         1693    i.readMQTTLenString  mqttpacket.o
    0x0802f73e   0x000000b8   Code   RO         1237    i.readPacket        mqttclient.o
    0x0802f7f6   0x00000002   PAD
    0x0802f7f8   0x00000010   Code   RO         2695    i.read_bin_mark     upgrade.o
    0x0802f808   0x000000a0   Code   RO         2483    i.record_read       info_storage.o
    0x0802f8a8   0x00000024   Code   RO         2484    i.record_read_success  info_storage.o
    0x0802f8cc   0x0000009a   Code   RO         2485    i.record_write      info_storage.o
    0x0802f966   0x00000002   PAD
    0x0802f968   0x0000021c   Code   RO          580    i.s2c_device_prize  iot.o
    0x0802fb84   0x000002e4   Code   RO          581    i.s2c_device_setting  iot.o
    0x0802fe68   0x00000184   Code   RO          582    i.s2c_device_status  iot.o
    0x0802ffec   0x000002f0   Code   RO          583    i.s2c_firmware_online  iot.o
    0x080302dc   0x00000190   Code   RO          584    i.s2c_firmware_setting  iot.o
    0x0803046c   0x00000268   Code   RO          585    i.s2c_firmware_upgrade  iot.o
    0x080306d4   0x00000094   Code   RO          586    i.s2c_get_device_accounts  iot.o
    0x08030768   0x0000037c   Code   RO          587    i.s2c_insert_coin   iot.o
    0x08030ae4   0x00000098   Code   RO          588    i.s2c_insert_coin_response  iot.o
    0x08030b7c   0x00000098   Code   RO          589    i.s2c_insert_response  iot.o
    0x08030c14   0x0000059c   Code   RO          590    i.s2c_transfer_data  iot.o
    0x080311b0   0x0000006c   Code   RO         2486    i.selector_data_read  info_storage.o
    0x0803121c   0x00000050   Code   RO         2487    i.selector_data_write  info_storage.o
    0x0803126c   0x00000062   Code   RO         1238    i.sendPacket        mqttclient.o
    0x080312ce   0x00000002   PAD
    0x080312d0   0x0000000c   Code   RO         2696    i.set_bin_mark      upgrade.o
    0x080312dc   0x0000001e   Code   RO          833    i.set_device_status  device.o
    0x080312fa   0x0000001c   Code   RO         2488    i.set_record_f      info_storage.o
    0x08031316   0x0000001a   Code   RO         2489    i.set_record_ws     info_storage.o
    0x08031330   0x0000022c   Code   RO         2698    i.set_upgrade_info  upgrade.o
    0x0803155c   0x0000003c   Code   RO          731    i.start_Mobile_task  usr_task.o
    0x08031598   0x00000030   Code   RO          732    i.start_MqttClient_task  usr_task.o
    0x080315c8   0x00000030   Code   RO          733    i.start_Msg_task    usr_task.o
    0x080315f8   0x00000040   Code   RO          734    i.start_Upgrade_task  usr_task.o
    0x08031638   0x00000034   Code   RO            2    i.start_task        main.o
    0x0803166c   0x0000001c   Code   RO         6906    i.strtod            m_ws.l(strtod.o)
    0x08031688   0x0000009c   Code   RO         2925    i.uart1_init        usart1.o
    0x08031724   0x000000c8   Code   RO         2981    i.uart2_init        usart2.o
    0x080317ec   0x00000030   Code   RO         3022    i.uart3_buadRate    usart3.o
    0x0803181c   0x000000d0   Code   RO         3023    i.uart3_init        usart3.o
    0x080318ec   0x00000044   Code   RO         2064    i.updata_mobile_time  mobile.o
    0x08031930   0x00000370   Code   RO         2699    i.upgrade_firmware  upgrade.o
    0x08031ca0   0x000000e8   Code   RO         2700    i.upgrade_firmware_check  upgrade.o
    0x08031d88   0x0000003c   Code   RO         2701    i.upgrade_firmware_done  upgrade.o
    0x08031dc4   0x00000138   Code   RO         2702    i.upgrade_firmware_download  upgrade.o
    0x08031efc   0x00000020   Code   RO         2568    i.user_coin_in_detected  selector.o
    0x08031f1c   0x00000084   Code   RO         2569    i.user_selector_init  selector.o
    0x08031fa0   0x00000010   Code   RO         2570    i.user_tb_in_detected  selector.o
    0x08031fb0   0x00000028   Code   RO         5273    i.uxListRemove      list.o
    0x08031fd8   0x00000024   Code   RO         5557    i.uxTaskPriorityGet  tasks.o
    0x08031ffc   0x0000001a   Code   RO         5274    i.vListInitialise   list.o
    0x08032016   0x00000006   Code   RO         5275    i.vListInitialiseItem  list.o
    0x0803201c   0x00000034   Code   RO         5276    i.vListInsert       list.o
    0x08032050   0x00000018   Code   RO         5277    i.vListInsertEnd    list.o
    0x08032068   0x00000048   Code   RO         2219    i.vMOBILE_StartupTask  mobile_startup.o
    0x080320b0   0x000000c0   Code   RO          735    i.vMsg_Task         usr_task.o
    0x08032170   0x00000088   Code   RO         6040    i.vPortEnterCritical  port.o
    0x080321f8   0x00000070   Code   RO         6041    i.vPortExitCritical  port.o
    0x08032268   0x000000b8   Code   RO         6116    i.vPortFree         heap_4.o
    0x08032320   0x00000020   Code   RO         6042    i.vPortSetupTimerInterrupt  port.o
    0x08032340   0x000000a0   Code   RO         6043    i.vPortValidateInterruptPriority  port.o
    0x080323e0   0x0000002c   Code   RO         5323    i.vQueueAddToRegistry  queue.o
    0x0803240c   0x0000004a   Code   RO         5327    i.vQueueWaitForMessageRestricted  queue.o
    0x08032456   0x00000002   PAD
    0x08032458   0x00000074   Code   RO         5560    i.vTaskDelay        tasks.o
    0x080324cc   0x0000010c   Code   RO         5562    i.vTaskDelete       tasks.o
    0x080325d8   0x0000000c   Code   RO         5567    i.vTaskMissedYield  tasks.o
    0x080325e4   0x00000054   Code   RO         5569    i.vTaskPlaceOnEventList  tasks.o
    0x08032638   0x0000005c   Code   RO         5570    i.vTaskPlaceOnEventListRestricted  tasks.o
    0x08032694   0x000000b0   Code   RO         5572    i.vTaskPriorityInherit  tasks.o
    0x08032744   0x000000ac   Code   RO         5574    i.vTaskResume       tasks.o
    0x080327f0   0x0000004c   Code   RO         5576    i.vTaskSetTimeOutState  tasks.o
    0x0803283c   0x000000b4   Code   RO         5577    i.vTaskStartScheduler  tasks.o
    0x080328f0   0x00000100   Code   RO         5578    i.vTaskSuspend      tasks.o
    0x080329f0   0x00000010   Code   RO         5579    i.vTaskSuspendAll   tasks.o
    0x08032a00   0x000000e8   Code   RO         5580    i.vTaskSwitchContext  tasks.o
    0x08032ae8   0x00000034   Code   RO         1239    i.waitfor           mqttclient.o
    0x08032b1c   0x00000028   Code   RO         1694    i.writeCString      mqttpacket.o
    0x08032b44   0x0000000c   Code   RO         1695    i.writeChar         mqttpacket.o
    0x08032b50   0x00000030   Code   RO         1696    i.writeInt          mqttpacket.o
    0x08032b80   0x0000003e   Code   RO         1697    i.writeMQTTString   mqttpacket.o
    0x08032bbe   0x00000002   PAD
    0x08032bc0   0x0000004c   Code   RO         2703    i.write_bin_mark    upgrade.o
    0x08032c0c   0x00000050   Code   RO         2704    i.write_firmware    upgrade.o
    0x08032c5c   0x000000a0   Code   RO         6044    i.xPortStartScheduler  port.o
    0x08032cfc   0x00000034   Code   RO         6045    i.xPortSysTickHandler  port.o
    0x08032d30   0x00000022   Code   RO         5330    i.xQueueCreateMutex  queue.o
    0x08032d52   0x00000002   PAD
    0x08032d54   0x00000074   Code   RO         5332    i.xQueueGenericCreate  queue.o
    0x08032dc8   0x000001c8   Code   RO         5333    i.xQueueGenericReceive  queue.o
    0x08032f90   0x000000b0   Code   RO         5334    i.xQueueGenericReset  queue.o
    0x08033040   0x000001c4   Code   RO         5335    i.xQueueGenericSend  queue.o
    0x08033204   0x00000110   Code   RO         5336    i.xQueueGenericSendFromISR  queue.o
    0x08033314   0x000000a0   Code   RO         5581    i.xTaskCheckForTimeOut  tasks.o
    0x080333b4   0x00000060   Code   RO         5582    i.xTaskCreate       tasks.o
    0x08033414   0x00000020   Code   RO         5586    i.xTaskGetSchedulerState  tasks.o
    0x08033434   0x0000000c   Code   RO         5587    i.xTaskGetTickCount  tasks.o
    0x08033440   0x00000160   Code   RO         5589    i.xTaskIncrementTick  tasks.o
    0x080335a0   0x000000d8   Code   RO         5592    i.xTaskPriorityDisinherit  tasks.o
    0x08033678   0x000000b4   Code   RO         5593    i.xTaskRemoveFromEventList  tasks.o
    0x0803372c   0x00000120   Code   RO         5595    i.xTaskResumeAll    tasks.o
    0x0803384c   0x00000074   Code   RO         5919    i.xTimerCreateTimerTask  timers.o
    0x080338c0   0x000000a4   Code   RO         5920    i.xTimerGenericCommand  timers.o
    0x08033964   0x0000002c   Code   RO         7149    locale$$code        c_w.l(lc_numeric_c.o)
    0x08033990   0x0000002c   Code   RO         7184    locale$$code        c_w.l(lc_ctype_c.o)
    0x080339bc   0x00000062   Code   RO         6813    x$fpl$d2f           fz_ws.l(d2f.o)
    0x08033a1e   0x00000002   PAD
    0x08033a20   0x00000010   Code   RO         7160    x$fpl$dcheck1       fz_ws.l(dcheck1.o)
    0x08033a30   0x00000018   Code   RO         7162    x$fpl$dcmpinf       fz_ws.l(dcmpi.o)
    0x08033a48   0x00000078   Code   RO         7259    x$fpl$deqf          fz_ws.l(deqf.o)
    0x08033ac0   0x00000078   Code   RO         7024    x$fpl$dleqf         fz_ws.l(dleqf.o)
    0x08033b38   0x0000009c   Code   RO         7026    x$fpl$dnaninf       fz_ws.l(dnaninf.o)
    0x08033bd4   0x0000006c   Code   RO         6833    x$fpl$drleqf        fz_ws.l(drleqf.o)
    0x08033c40   0x000000c4   Code   RO         6835    x$fpl$fadd          fz_ws.l(faddsub_clz.o)
    0x08033d04   0x00000184   Code   RO         6842    x$fpl$fdiv          fz_ws.l(fdiv.o)
    0x08033e88   0x0000003e   Code   RO         6845    x$fpl$ffixu         fz_ws.l(ffixu.o)
    0x08033ec6   0x00000002   PAD
    0x08033ec8   0x00000026   Code   RO         6849    x$fpl$ffltu         fz_ws.l(fflt_clz.o)
    0x08033eee   0x00000002   PAD
    0x08033ef0   0x00000102   Code   RO         6855    x$fpl$fmul          fz_ws.l(fmul.o)
    0x08033ff2   0x0000008c   Code   RO         7034    x$fpl$fnaninf       fz_ws.l(fnaninf.o)
    0x0803407e   0x0000000a   Code   RO         7036    x$fpl$fretinf       fz_ws.l(fretinf.o)
    0x08034088   0x000000ea   Code   RO         6837    x$fpl$fsub          fz_ws.l(faddsub_clz.o)
    0x08034172   0x00000004   Code   RO         6857    x$fpl$printf1       fz_ws.l(printf1.o)
    0x08034176   0x00000064   Code   RO         7202    x$fpl$retnan        fz_ws.l(retnan.o)
    0x080341da   0x0000005c   Code   RO         7038    x$fpl$scalbn        fz_ws.l(scalbn.o)
    0x08034236   0x00000004   Code   RO         7172    x$fpl$scanf1        fz_ws.l(scanf1.o)
    0x0803423a   0x00000008   Code   RO         7232    x$fpl$scanf2        fz_ws.l(scanf2.o)
    0x08034242   0x00000030   Code   RO         7238    x$fpl$trapveneer    fz_ws.l(trapv.o)
    0x08034272   0x00000000   Code   RO         7040    x$fpl$usenofp       fz_ws.l(usenofp.o)
    0x08034272   0x00000002   PAD
    0x08034274   0x00000058   Data   RO         1240    .constdata          mqttclient.o
    0x080342cc   0x00000058   Data   RO         1470    .constdata          mqtt_client.o
    0x08034324   0x00000488   Data   RO         2221    .constdata          mobile_startup.o
    0x080347ac   0x00001798   Data   RO         6411    .constdata          M3_CryptoFW_2_0_6.lib(crypto.o)
    0x08035f44   0x00000028   Data   RO         6723    .constdata          c_w.l(_printf_hex_int.o)
    0x08035f6c   0x00000011   Data   RO         6758    .constdata          c_w.l(__printf_flags_ss_wp.o)
    0x08035f7d   0x0000000c   Data   RO         6974    .constdata          c_w.l(_monlen.o)
    0x08035f89   0x00000003   PAD
    0x08035f8c   0x00000094   Data   RO         7120    .constdata          c_w.l(bigflt0.o)
    0x08036020   0x00000042   Data   RO         2066    .conststring        mobile.o
    0x08036062   0x00000002   PAD
    0x08036064   0x00000020   Data   RO         7298    Region$$Table       anon$$obj.o
    0x08036084   0x00000008   Data   RO         7229    c$$dinf             fz_ws.l(fpconst.o)
    0x0803608c   0x0000001c   Data   RO         7148    locale$$data        c_w.l(lc_numeric_c.o)
    0x080360a8   0x00000110   Data   RO         7183    locale$$data        c_w.l(lc_ctype_c.o)


    Execution Region RW_IRAM1 (Base: 0x20000000, Size: 0x0000fcf0, Max: 0x00010000, ABSOLUTE)

    Base Addr    Size         Type   Attr      Idx    E Section Name        Object

    0x20000000   0x00000004   Data   RW            3    .data               main.o
    0x20000004   0x00000014   Data   RW          539    .data               system_stm32f10x.o
    0x20000018   0x00000003   Data   RW          592    .data               iot.o
    0x2000001b   0x00000001   PAD
    0x2000001c   0x00000014   Data   RW          736    .data               usr_task.o
    0x20000030   0x00000008   Data   RW         1119    .data               routine.o
    0x20000038   0x00000004   Data   RW         1698    .data               mqttpacket.o
    0x2000003c   0x00000004   Data   RW         1974    .data               timer.o
    0x20000040   0x00000008   Data   RW         2067    .data               mobile.o
    0x20000048   0x00000008   Data   RW         2187    .data               mobile_net.o
    0x20000050   0x0000000c   Data   RW         2222    .data               mobile_startup.o
    0x2000005c   0x0000001a   Data   RW         2572    .data               selector.o
    0x20000076   0x00000002   PAD
    0x20000078   0x0000000c   Data   RW         2706    .data               upgrade.o
    0x20000084   0x00000004   Data   RW         2851    .data               delay.o
    0x20000088   0x00000008   Data   RW         2926    .data               usart1.o
    0x20000090   0x00000002   Data   RW         3302    .data               protobuf.o
    0x20000092   0x00000014   Data   RW         3529    .data               stm32f10x_rcc.o
    0x200000a6   0x00000002   PAD
    0x200000a8   0x00000044   Data   RW         5598    .data               tasks.o
    0x200000ec   0x00000014   Data   RW         5928    .data               timers.o
    0x20000100   0x0000000c   Data   RW         6046    .data               port.o
    0x2000010c   0x00000018   Data   RW         6121    .data               heap_4.o
    0x20000124   0x00000004   PAD
    0x20000128   0x000005f6   Zero   RW          591    .bss                iot.o
    0x2000071e   0x00000243   Zero   RW          834    .bss                device.o
    0x20000961   0x00000510   Zero   RW         1159    .bss                prize.o
    0x20000e71   0x00000003   PAD
    0x20000e74   0x000000b0   Zero   RW         1469    .bss                mqtt_client.o
    0x20000f24   0x00000014   Zero   RW         1927    .bss                led.o
    0x20000f38   0x00000160   Zero   RW         2065    .bss                mobile.o
    0x20001098   0x00000c20   Zero   RW         2186    .bss                mobile_net.o
    0x20001cb8   0x0000007c   Zero   RW         2220    .bss                mobile_startup.o
    0x20001d34   0x00000020   Zero   RW         2571    .bss                selector.o
    0x20001d54   0x00000020   Zero   RW         2641    .bss                hexbin.o
    0x20001d74   0x00000024   Zero   RW         2705    .bss                upgrade.o
    0x20001d98   0x000004c0   Zero   RW         2982    .bss                usart2.o
    0x20002258   0x000000c8   Zero   RW         3024    .bss                usart3.o
    0x20002320   0x00000040   Zero   RW         5347    .bss                queue.o
    0x20002360   0x00000104   Zero   RW         5597    .bss                tasks.o
    0x20002464   0x00000028   Zero   RW         5927    .bss                timers.o
    0x2000248c   0x0000a000   Zero   RW         6120    .bss                heap_4.o
    0x2000c48c   0x00000060   Zero   RW         7077    .bss                c_w.l(libspace.o)
    0x2000c4ec   0x00000004   PAD
    0x2000c4f0   0x00003000   Zero   RW         3341    HEAP                startup_stm32f10x_hd.o
    0x2000f4f0   0x00000800   Zero   RW         3340    STACK               startup_stm32f10x_hd.o


==============================================================================

Image component sizes


      Code (inc. data)   RO Data    RW Data    ZI Data      Debug   Object Name

       232          0          0          0          0       3403   24cxx.o
       228         58          0          0          0        697   chip.o
       136         18          0          0          0       1373   dbg.o
       268         26          0          4          0       3017   delay.o
     12496       1824          0          0        579      48258   device.o
       112          0          0          0          0       1618   dma.o
        50          0          0          0          0       1584   encoding.o
         0          0          0          0          0      10472   event_groups.o
       158         62          0          0          0       1705   flash.o
       418         34          0          0          0       4013   hash_crypt.o
       752        176          0         24      40960       4019   heap_4.o
       966        150          0          0         32       7543   hexbin.o
       924         56          0          0          0       8288   info_storage.o
      8592       2546          0          3       1526      25633   iot.o
       224         22          0          0         20       3744   led.o
       148          0          0          0          0       3214   list.o
       296         76          0          4          0     302401   main.o
       172         22          0          0          0       2189   misc.o
      2406        498         66          8        352      15203   mobile.o
       696        246          0          8       3104       4730   mobile_net.o
       720        112       1160         12        124       4301   mobile_startup.o
      1324        452         88          0        176       6871   mqtt_client.o
      2534         74         88          0          0      18468   mqttclient.o
       708         18          0          0          0       5136   mqttconnectclient.o
       276          0          0          0          0       2592   mqttdeserializepublish.o
       364         26          0          0          0       8608   mqttfreertos.o
       600         18          0          4          0       9904   mqttpacket.o
       324          0          0          0          0       2686   mqttserializepublish.o
       368          0          0          0          0       3271   mqttsubscribeclient.o
       680        102          0          0          0       4466   myiic.o
       950        320          0         12          0      10533   port.o
      1198        396          0          0       1296       7628   prize.o
       422          4          0          2          0       3590   protobuf.o
       466        128          0          0          0       1719   pvd.o
      2226        238          0          0         64      14201   queue.o
       158          0          0          0          0       4841   ringbuf.o
       764        274          0          8          0       5189   routine.o
       440         74          0          0          0       2559   rtc.o
      1006        254          0         26         32       8284   selector.o
        64         26        304          0      14336        820   startup_stm32f10x_hd.o
        72         10          0          0          0       2804   stm32f10x_bkp.o
       428          8          0          0          0       4732   stm32f10x_dma.o
       200         18          0          0          0       2228   stm32f10x_exti.o
       330         38          0          0          0       5600   stm32f10x_flash.o
       304          0          0          0          0       3800   stm32f10x_gpio.o
        36          4          0          0          0       2693   stm32f10x_it.o
        48         18          0          0          0       1640   stm32f10x_pwr.o
       524         76          0         20          0       9288   stm32f10x_rcc.o
       260         48          0          0          0       5452   stm32f10x_rtc.o
       250         42          0          0          0       4303   stm32f10x_tim.o
       664         28          0          0          0       8887   stm32f10x_usart.o
        16          8          0          0          0        493   sys.o
       316         32          0          0          0       5369   sys_list.o
       328         28          0         20          0       2257   system_stm32f10x.o
      4058       1066          0         68        260      31984   tasks.o
       362         22          0          4          0       4556   timer.o
      1310        314          0         20         40       8699   timers.o
      2936        972          0         12         36      13692   upgrade.o
       232         16          0          8          0       4692   usart1.o
       334         30          0          0       1216       3168   usart2.o
       408         36          0          0        200       3228   usart3.o
       412        110          0         20          0       3667   usr_task.o

    ----------------------------------------------------------------------
     58758      11254       1740        292      64360     712003   Object Totals
         0          0         32          0          0          0   (incl. Generated)
        64          0          2          5          7          0   (incl. Padding)

    ----------------------------------------------------------------------

      Code (inc. data)   RO Data    RW Data    ZI Data      Debug   Library Member Name

      4816        338       6040          0          0       1224   crypto.o
        60          8          0          0          0         84   __0sscanf.o
        24          4          0          0          0         84   __2printf.o
        56          6          0          0          0         88   __2snprintf.o
        44          6          0          0          0         84   __2sprintf.o
         8          0          0          0          0         68   __main.o
       392          4         17          0          0         92   __printf_flags_ss_wp.o
        14          0          0          0          0         68   __printf_wp.o
         0          0          0          0          0          0   __rtentry.o
        12          0          0          0          0          0   __rtentry2.o
         6          0          0          0          0          0   __rtentry4.o
        52          8          0          0          0          0   __scatter.o
        26          0          0          0          0          0   __scatter_copy.o
        28          0          0          0          0          0   __scatter_zi.o
        28          0          0          0          0         68   _chval.o
         0          0         12          0          0          0   _monlen.o
        44          0          0          0          0        108   _printf_char.o
        48          6          0          0          0         96   _printf_char_common.o
        36          4          0          0          0         80   _printf_char_file.o
         6          0          0          0          0          0   _printf_d.o
       120         16          0          0          0         92   _printf_dec.o
         6          0          0          0          0          0   _printf_f.o
      1050          0          0          0          0        216   _printf_fp_dec.o
       128         16          0          0          0         84   _printf_fp_infnan.o
        88          4         40          0          0         88   _printf_hex_int.o
       178          0          0          0          0         88   _printf_intcommon.o
        10          0          0          0          0          0   _printf_ll.o
         6          0          0          0          0          0   _printf_lld.o
       124         16          0          0          0         92   _printf_longlong_dec.o
        78          0          0          0          0        108   _printf_pad.o
         0          0          0          0          0          0   _printf_percent.o
         4          0          0          0          0          0   _printf_percent_end.o
         6          0          0          0          0          0   _printf_s.o
        82          0          0          0          0         80   _printf_str.o
         6          0          0          0          0          0   _printf_x.o
        22          0          0          0          0        100   _rserrno.o
       884          6          0          0          0        100   _scanf.o
       332          0          0          0          0         96   _scanf_int.o
       224          0          0          0          0         96   _scanf_str.o
        64          0          0          0          0         84   _sgetc.o
        16          0          0          0          0         68   _snputc.o
        10          0          0          0          0         68   _sputc.o
       158          0          0          0          0         92   _strtoul.o
        16          0          0          0          0         68   aeabi_memset.o
        26          0          0          0          0         80   atoi.o
       220          4        148          0          0         96   bigflt0.o
      2074        132          0          0          0        940   btod.o
        10          0          0          0          0         68   defsig_exit.o
        50          0          0          0          0         88   defsig_general.o
        80         58          0          0          0         76   defsig_rtmem_inner.o
        14          0          0          0          0         80   defsig_rtmem_outer.o
        12          0          0          0          0         72   exit.o
         8          0          0          0          0         68   ferror.o
        94          0          0          0          0         80   h1_alloc.o
        52          0          0          0          0         68   h1_extend.o
        78          0          0          0          0         80   h1_free.o
        14          0          0          0          0         84   h1_init.o
         6          0          0          0          0        152   heapauxi.o
         4          0          0          0          0        136   hguard.o
       138          0          0          0          0        168   init_alloc.o
        18          0          0          0          0         76   isspace.o
        44         10        272          0          0         76   lc_ctype_c.o
        44         10         28          0          0         76   lc_numeric_c.o
         2          0          0          0          0          0   libinit.o
        38          0          0          0          0          0   libinit2.o
         2          0          0          0          0          0   libshutdown.o
         2          0          0          0          0          0   libshutdown2.o
         8          4          0          0         96         68   libspace.o
        38          0          0          0          0         68   llshl.o
       138          0          0          0          0         80   lludiv10.o
         0          0          0          0          0          0   maybetermalloc1.o
        88          0          0          0          0         76   memcmp.o
       424         10          0          0          0        124   mktime.o
        16          4          0          0          0         76   rt_ctype_table.o
         8          4          0          0          0         68   rt_errno_addr_intlibspace.o
         8          4          0          0          0         68   rt_heap_descriptor_intlibspace.o
         8          4          0          0          0         68   rt_locale_intlibspace.o
        68          0          0          0          0         68   rt_memclr.o
        78          0          0          0          0         80   rt_memclr_w.o
       138          0          0          0          0         68   rt_memcpy_v6.o
       100          0          0          0          0         80   rt_memcpy_w.o
         2          0          0          0          0          0   rtexit.o
        10          0          0          0          0          0   rtexit2.o
        44          8          0          0          0         84   scanf_char.o
      1188         12          0          0          0        148   scanf_fp.o
       792         14          0          0          0        100   scanf_hexfp.o
       308         16          0          0          0        100   scanf_infnan.o
        24          0          0          0          0         68   strcat.o
        20          0          0          0          0         68   strchr.o
       128          0          0          0          0         68   strcmpv7m.o
        62          0          0          0          0         76   strlen.o
       150          0          0          0          0         80   strncmp.o
        86          0          0          0          0         76   strncpy.o
        36          0          0          0          0         80   strstr.o
       160         12          0          0          0        120   strtod.o
       112          0          0          0          0         88   strtol.o
        74          0          0          0          0         80   sys_stackheap_outer.o
         2          0          0          0          0         68   use_no_semi.o
         2          0          0          0          0         68   use_no_semi_2.o
        98          4          0          0          0         92   d2f.o
        16          4          0          0          0         68   dcheck1.o
        24          0          0          0          0         68   dcmpi.o
       120          4          0          0          0         92   deqf.o
       120          4          0          0          0         92   dleqf.o
       156          4          0          0          0         92   dnaninf.o
       108          0          0          0          0         80   drleqf.o
       430          8          0          0          0        168   faddsub_clz.o
       388         76          0          0          0         96   fdiv.o
        62          4          0          0          0         84   ffixu.o
        38          0          0          0          0         68   fflt_clz.o
       258          4          0          0          0         84   fmul.o
       140          4          0          0          0         84   fnaninf.o
         0          0          8          0          0          0   fpconst.o
        10          0          0          0          0         68   fretinf.o
         4          0          0          0          0         68   printf1.o
       100          0          0          0          0         68   retnan.o
        92          0          0          0          0         68   scalbn.o
         4          0          0          0          0         68   scanf1.o
         8          0          0          0          0         84   scanf2.o
        48          0          0          0          0         68   trapv.o
         0          0          0          0          0          0   usenofp.o
        30          6          0          0          0        136   dunder.o
        40          0          0          0          0         68   fpclassify.o
        88          8          0          0          0         76   frexp.o
       138          0          0          0          0        160   ldexp.o
       152          4          0          0          0        168   narrow.o
        28          0          0          0          0         80   strtod.o

    ----------------------------------------------------------------------
     19390        884       6568          0        100      11040   Library Totals
        28          2          3          0          4          0   (incl. Padding)

    ----------------------------------------------------------------------

      Code (inc. data)   RO Data    RW Data    ZI Data      Debug   Library Name

      4816        338       6040          0          0       1224   M3_CryptoFW_2_0_6.lib
     11846        410        517          0         96       7468   c_w.l
      2224        116          8          0          0       1660   fz_ws.l
       476         18          0          0          0        688   m_ws.l

    ----------------------------------------------------------------------
     19390        884       6568          0        100      11040   Library Totals

    ----------------------------------------------------------------------

==============================================================================


      Code (inc. data)   RO Data    RW Data    ZI Data      Debug   

     78148      12138       8308        292      64460     692307   Grand Totals
     78148      12138       8308        292      64460     692307   ELF Image Totals
     78148      12138       8308        292          0          0   ROM Totals

==============================================================================

    Total RO  Size (Code + RO Data)                86456 (  84.43kB)
    Total RW  Size (RW Data + ZI Data)             64752 (  63.23kB)
    Total ROM Size (Code + RO Data + RW Data)      86748 (  84.71kB)

==============================================================================

