Component: ARM Compiler 5.06 update 2 (build 183) Tool: armlink [4d35b7]

==============================================================================

Section Cross References

    main.o(i.main) refers to _printf_percent.o(.ARM.Collect$$_printf_percent$$00000000) for _printf_percent
    main.o(i.main) refers to _printf_d.o(.ARM.Collect$$_printf_percent$$00000009) for _printf_d
    main.o(i.main) refers to _printf_dec.o(.text) for _printf_int_dec
    main.o(i.main) refers to _printf_s.o(.ARM.Collect$$_printf_percent$$00000014) for _printf_s
    main.o(i.main) refers to _printf_str.o(.text) for _printf_str
    main.o(i.main) refers to misc.o(i.NVIC_PriorityGroupConfig) for NVIC_PriorityGroupConfig
    main.o(i.main) refers to pvd.o(i.PVD_Configuration) for PVD_Configuration
    main.o(i.main) refers to delay.o(i.delay_init) for delay_init
    main.o(i.main) refers to 24cxx.o(i.AT24CXX_Init) for AT24CXX_Init
    main.o(i.main) refers to upgrade.o(i.read_bin_mark) for read_bin_mark
    main.o(i.main) refers to upgrade.o(i.set_bin_mark) for set_bin_mark
    main.o(i.main) refers to usart1.o(i.uart1_init) for uart1_init
    main.o(i.main) refers to usart2.o(i.uart2_init) for uart2_init
    main.o(i.main) refers to usart3.o(i.uart3_buadRate) for uart3_buadRate
    main.o(i.main) refers to __2printf.o(.text) for __2printf
    main.o(i.main) refers to info_storage.o(i.firmware_data_read) for firmware_data_read
    main.o(i.main) refers to info_storage.o(i.iot_data_read) for iot_data_read
    main.o(i.main) refers to led.o(i.LED_Init) for LED_Init
    main.o(i.main) refers to rtc.o(i.RTC_Init) for RTC_Init
    main.o(i.main) refers to selector.o(i.user_selector_init) for user_selector_init
    main.o(i.main) refers to prize.o(i.prizeInfo_read) for prizeInfo_read
    main.o(i.main) refers to mobile.o(i.MOBILE_CTR_Config) for MOBILE_CTR_Config
    main.o(i.main) refers to mobile.o(i.MOBILE_POWER) for MOBILE_POWER
    main.o(i.main) refers to timer.o(i.Timer2_Init_Config) for Timer2_Init_Config
    main.o(i.main) refers to timer.o(i.TIM5_Int_Init) for TIM5_Int_Init
    main.o(i.main) refers to pvd.o(i.backup_read) for backup_read
    main.o(i.main) refers to selector.o(i.coin_out_action) for coin_out_action
    main.o(i.main) refers to tasks.o(i.xTaskCreate) for xTaskCreate
    main.o(i.main) refers to tasks.o(i.vTaskStartScheduler) for vTaskStartScheduler
    main.o(i.main) refers to iot.o(.bss) for g_iot_info
    main.o(i.main) refers to selector.o(.bss) for g_service_info
    main.o(i.main) refers to main.o(.data) for StartTask_Handler
    main.o(i.main) refers to main.o(i.start_task) for start_task
    main.o(i.start_task) refers to port.o(i.vPortEnterCritical) for vPortEnterCritical
    main.o(i.start_task) refers to usr_task.o(i.start_Mobile_task) for start_Mobile_task
    main.o(i.start_task) refers to usr_task.o(i.start_MqttClient_task) for start_MqttClient_task
    main.o(i.start_task) refers to usr_task.o(i.start_Msg_task) for start_Msg_task
    main.o(i.start_task) refers to tasks.o(i.vTaskDelete) for vTaskDelete
    main.o(i.start_task) refers to port.o(i.vPortExitCritical) for vPortExitCritical
    main.o(i.start_task) refers to main.o(.data) for StartTask_Handler
    system_stm32f10x.o(i.SetSysClock) refers to system_stm32f10x.o(i.SetSysClockTo72) for SetSysClockTo72
    system_stm32f10x.o(i.SystemCoreClockUpdate) refers to system_stm32f10x.o(.data) for SystemCoreClock
    system_stm32f10x.o(i.SystemInit) refers to system_stm32f10x.o(i.SetSysClock) for SetSysClock
    iot.o(i.IOT_MC_Publish) refers to _printf_percent.o(.ARM.Collect$$_printf_percent$$00000000) for _printf_percent
    iot.o(i.IOT_MC_Publish) refers to _printf_s.o(.ARM.Collect$$_printf_percent$$00000014) for _printf_s
    iot.o(i.IOT_MC_Publish) refers to _printf_str.o(.text) for _printf_str
    iot.o(i.IOT_MC_Publish) refers to __2snprintf.o(.text) for __2snprintf
    iot.o(i.IOT_MC_Publish) refers to mqttclient.o(i.MQTTPublish) for MQTTPublish
    iot.o(i.IOT_MC_Publish) refers to iot.o(.bss) for g_iot_info
    iot.o(i.IOT_MC_Subscribe) refers to _printf_percent.o(.ARM.Collect$$_printf_percent$$00000000) for _printf_percent
    iot.o(i.IOT_MC_Subscribe) refers to _printf_s.o(.ARM.Collect$$_printf_percent$$00000014) for _printf_s
    iot.o(i.IOT_MC_Subscribe) refers to _printf_str.o(.text) for _printf_str
    iot.o(i.IOT_MC_Subscribe) refers to __2snprintf.o(.text) for __2snprintf
    iot.o(i.IOT_MC_Subscribe) refers to mqttclient.o(i.MQTTSubscribe) for MQTTSubscribe
    iot.o(i.IOT_MC_Subscribe) refers to iot.o(.bss) for g_iot_info
    iot.o(i.IOT_MC_Unsubscribe) refers to _printf_percent.o(.ARM.Collect$$_printf_percent$$00000000) for _printf_percent
    iot.o(i.IOT_MC_Unsubscribe) refers to _printf_s.o(.ARM.Collect$$_printf_percent$$00000014) for _printf_s
    iot.o(i.IOT_MC_Unsubscribe) refers to _printf_str.o(.text) for _printf_str
    iot.o(i.IOT_MC_Unsubscribe) refers to __2snprintf.o(.text) for __2snprintf
[...]
    set_bin_mark                             0x0802f35d   Thumb Code     6  upgrade.o(i.set_bin_mark)
    set_device_status                        0x0802f369   Thumb Code    30  device.o(i.set_device_status)
    set_record_f                             0x0802f387   Thumb Code    28  info_storage.o(i.set_record_f)
    set_record_ws                            0x0802f3a3   Thumb Code    26  info_storage.o(i.set_record_ws)
    set_upgrade_info                         0x0802f3bd   Thumb Code   378  upgrade.o(i.set_upgrade_info)
    start_Mobile_task                        0x0802f5e9   Thumb Code    40  usr_task.o(i.start_Mobile_task)
    start_MqttClient_task                    0x0802f625   Thumb Code    24  usr_task.o(i.start_MqttClient_task)
    start_Msg_task                           0x0802f655   Thumb Code    26  usr_task.o(i.start_Msg_task)
    start_Upgrade_task                       0x0802f685   Thumb Code    38  usr_task.o(i.start_Upgrade_task)
    start_task                               0x0802f6c5   Thumb Code    34  main.o(i.start_task)
    uart1_init                               0x0802f6ed   Thumb Code   148  usart1.o(i.uart1_init)
    uart2_init                               0x0802f789   Thumb Code   182  usart2.o(i.uart2_init)
    uart3_buadRate                           0x0802f851   Thumb Code    48  usart3.o(i.uart3_buadRate)
    uart3_init                               0x0802f881   Thumb Code   190  usart3.o(i.uart3_init)
    updata_mobile_time                       0x0802f951   Thumb Code    40  mobile.o(i.updata_mobile_time)
    upgrade_firmware                         0x0802f995   Thumb Code   588  upgrade.o(i.upgrade_firmware)
    upgrade_firmware_check                   0x0802fd05   Thumb Code   184  upgrade.o(i.upgrade_firmware_check)
    upgrade_firmware_done                    0x0802fded   Thumb Code    54  upgrade.o(i.upgrade_firmware_done)
    upgrade_firmware_download                0x0802fe29   Thumb Code   170  upgrade.o(i.upgrade_firmware_download)
    user_selector_init                       0x0802ff81   Thumb Code    56  selector.o(i.user_selector_init)
    uxListRemove                             0x08030015   Thumb Code    40  list.o(i.uxListRemove)
    uxTaskPriorityGet                        0x0803003d   Thumb Code    30  tasks.o(i.uxTaskPriorityGet)
    vListInitialise                          0x08030061   Thumb Code    26  list.o(i.vListInitialise)
    vListInitialiseItem                      0x0803007b   Thumb Code     6  list.o(i.vListInitialiseItem)
    vListInsert                              0x08030081   Thumb Code    52  list.o(i.vListInsert)
    vListInsertEnd                           0x080300b5   Thumb Code    24  list.o(i.vListInsertEnd)
    vMOBILE_StartupTask                      0x080300cd   Thumb Code    46  mobile_startup.o(i.vMOBILE_StartupTask)
    vMsg_Task                                0x08030109   Thumb Code   174  usr_task.o(i.vMsg_Task)
    vPortEnterCritical                       0x080301c9   Thumb Code    68  port.o(i.vPortEnterCritical)
    vPortExitCritical                        0x08030251   Thumb Code    48  port.o(i.vPortExitCritical)
    vPortFree                                0x080302c1   Thumb Code   120  heap_4.o(i.vPortFree)
    vPortSetupTimerInterrupt                 0x08030379   Thumb Code    26  port.o(i.vPortSetupTimerInterrupt)
    vPortValidateInterruptPriority           0x08030399   Thumb Code    86  port.o(i.vPortValidateInterruptPriority)
    vQueueAddToRegistry                      0x08030439   Thumb Code    38  queue.o(i.vQueueAddToRegistry)
    vQueueWaitForMessageRestricted           0x08030465   Thumb Code    74  queue.o(i.vQueueWaitForMessageRestricted)
    vTaskDelay                               0x080304b1   Thumb Code    72  tasks.o(i.vTaskDelay)
    vTaskDelete                              0x08030525   Thumb Code   192  tasks.o(i.vTaskDelete)
    vTaskMissedYield                         0x08030631   Thumb Code     8  tasks.o(i.vTaskMissedYield)
    vTaskPlaceOnEventList                    0x0803063d   Thumb Code    42  tasks.o(i.vTaskPlaceOnEventList)
    vTaskPlaceOnEventListRestricted          0x08030691   Thumb Code    50  tasks.o(i.vTaskPlaceOnEventListRestricted)
    vTaskPriorityInherit                     0x080306ed   Thumb Code   164  tasks.o(i.vTaskPriorityInherit)
    vTaskResume                              0x0803079d   Thumb Code   118  tasks.o(i.vTaskResume)
    vTaskSetTimeOutState                     0x08030849   Thumb Code    32  tasks.o(i.vTaskSetTimeOutState)
    vTaskStartScheduler                      0x08030895   Thumb Code   112  tasks.o(i.vTaskStartScheduler)
    vTaskSuspend                             0x08030949   Thumb Code   186  tasks.o(i.vTaskSuspend)
    vTaskSuspendAll                          0x08030a49   Thumb Code    12  tasks.o(i.vTaskSuspendAll)
    vTaskSwitchContext                       0x08030a59   Thumb Code   162  tasks.o(i.vTaskSwitchContext)
    waitfor                                  0x08030b41   Thumb Code    52  mqttclient.o(i.waitfor)
    writeCString                             0x08030b75   Thumb Code    40  mqttpacket.o(i.writeCString)
    writeChar                                0x08030b9d   Thumb Code    12  mqttpacket.o(i.writeChar)
    writeInt                                 0x08030ba9   Thumb Code    48  mqttpacket.o(i.writeInt)
    writeMQTTString                          0x08030bd9   Thumb Code    62  mqttpacket.o(i.writeMQTTString)
    write_bin_mark                           0x08030c19   Thumb Code    50  upgrade.o(i.write_bin_mark)
    write_firmware                           0x08030c65   Thumb Code    52  upgrade.o(i.write_firmware)
    xPortStartScheduler                      0x08030cb5   Thumb Code   140  port.o(i.xPortStartScheduler)
    xPortSysTickHandler                      0x08030d55   Thumb Code    46  port.o(i.xPortSysTickHandler)
    xQueueCreateMutex                        0x08030d89   Thumb Code    34  queue.o(i.xQueueCreateMutex)
    xQueueGenericCreate                      0x08030dad   Thumb Code    78  queue.o(i.xQueueGenericCreate)
    xQueueGenericReceive                     0x08030e21   Thumb Code   416  queue.o(i.xQueueGenericReceive)
    xQueueGenericReset                       0x08030fe9   Thumb Code   136  queue.o(i.xQueueGenericReset)
    xQueueGenericSend                        0x08031099   Thumb Code   412  queue.o(i.xQueueGenericSend)
    xQueueGenericSendFromISR                 0x0803125d   Thumb Code   234  queue.o(i.xQueueGenericSendFromISR)
    xTaskCheckForTimeOut                     0x0803136d   Thumb Code   116  tasks.o(i.xTaskCheckForTimeOut)
    xTaskCreate                              0x0803140d   Thumb Code    96  tasks.o(i.xTaskCreate)
    xTaskGetSchedulerState                   0x0803146d   Thumb Code    24  tasks.o(i.xTaskGetSchedulerState)
    xTaskGetTickCount                        0x0803148d   Thumb Code     6  tasks.o(i.xTaskGetTickCount)
    xTaskIncrementTick                       0x08031499   Thumb Code   272  tasks.o(i.xTaskIncrementTick)
    xTaskPriorityDisinherit                  0x080315f9   Thumb Code   168  tasks.o(i.xTaskPriorityDisinherit)
    xTaskRemoveFromEventList                 0x080316d1   Thumb Code   118  tasks.o(i.xTaskRemoveFromEventList)
    xTaskResumeAll                           0x08031785   Thumb Code   214  tasks.o(i.xTaskResumeAll)
    xTimerCreateTimerTask                    0x080318a5   Thumb Code    54  timers.o(i.xTimerCreateTimerTask)
    xTimerGenericCommand                     0x08031919   Thumb Code   118  timers.o(i.xTimerGenericCommand)
    _get_lc_ctype                            0x080319bd   Thumb Code    44  lc_ctype_c.o(locale$$code)
    __aeabi_d2f                              0x080319e9   Thumb Code     0  d2f.o(x$fpl$d2f)
    _d2f                                     0x080319e9   Thumb Code    98  d2f.o(x$fpl$d2f)
    __fpl_dnaninf                            0x08031a4b   Thumb Code   156  dnaninf.o(x$fpl$dnaninf)
    __aeabi_fadd                             0x08031ae9   Thumb Code     0  faddsub_clz.o(x$fpl$fadd)
    _fadd                                    0x08031ae9   Thumb Code   196  faddsub_clz.o(x$fpl$fadd)
    __aeabi_fdiv                             0x08031bad   Thumb Code     0  fdiv.o(x$fpl$fdiv)
    _fdiv                                    0x08031bad   Thumb Code   384  fdiv.o(x$fpl$fdiv)
    __aeabi_f2uiz                            0x08031d31   Thumb Code     0  ffixu.o(x$fpl$ffixu)
    _ffixu                                   0x08031d31   Thumb Code    62  ffixu.o(x$fpl$ffixu)
    __aeabi_ui2f                             0x08031d71   Thumb Code     0  fflt_clz.o(x$fpl$ffltu)
    _ffltu                                   0x08031d71   Thumb Code    38  fflt_clz.o(x$fpl$ffltu)
    __aeabi_fmul                             0x08031d99   Thumb Code     0  fmul.o(x$fpl$fmul)
    _fmul                                    0x08031d99   Thumb Code   258  fmul.o(x$fpl$fmul)
    __fpl_fnaninf                            0x08031e9b   Thumb Code   140  fnaninf.o(x$fpl$fnaninf)
    __fpl_fretinf                            0x08031f27   Thumb Code    10  fretinf.o(x$fpl$fretinf)
    __aeabi_fsub                             0x08031f31   Thumb Code     0  faddsub_clz.o(x$fpl$fsub)
    _fsub                                    0x08031f31   Thumb Code   234  faddsub_clz.o(x$fpl$fsub)
    __I$use$fp                               0x0803201a   Number         0  usenofp.o(x$fpl$usenofp)
    AtCmdStart_N10                           0x080320cc   Data          33  mobile_startup.o(.constdata)
    AtCmdStart_ME3610                        0x080320ed   Data         398  mobile_startup.o(.constdata)
    Sbox                                     0x0803227c   Data         256  crypto.o(.constdata)
    InvSbox                                  0x0803237c   Data         256  crypto.o(.constdata)
    rcon                                     0x0803247c   Data          40  crypto.o(.constdata)
    enc_table                                0x080324a4   Data        1024  crypto.o(.constdata)
    dec_table                                0x080328a4   Data        1024  crypto.o(.constdata)
    SP1                                      0x08032ec4   Data         256  crypto.o(.constdata)
    SP2                                      0x08032fc4   Data         256  crypto.o(.constdata)
    SP3                                      0x080330c4   Data         256  crypto.o(.constdata)
    SP4                                      0x080331c4   Data         256  crypto.o(.constdata)
    SP5                                      0x080332c4   Data         256  crypto.o(.constdata)
    SP6                                      0x080333c4   Data         256  crypto.o(.constdata)
    SP7                                      0x080334c4   Data         256  crypto.o(.constdata)
    SP8                                      0x080335c4   Data         256  crypto.o(.constdata)
    K256                                     0x080336c4   Data         256  crypto.o(.constdata)
    _monlen                                  0x08033a4d   Data          12  _monlen.o(.constdata)
    Region$$Table$$Base                      0x08033a5c   Number         0  anon$$obj.o(Region$$Table)
    Region$$Table$$Limit                     0x08033a7c   Number         0  anon$$obj.o(Region$$Table)
    __ctype                                  0x08033a89   Data           0  lc_ctype_c.o(locale$$data)
    StartTask_Handler                        0x20000000   Data           4  main.o(.data)
    SystemCoreClock                          0x20000004   Data           4  system_stm32f10x.o(.data)
    AHBPrescTable                            0x20000008   Data          16  system_stm32f10x.o(.data)
    g_firmware_info                          0x20000018   Data           3  iot.o(.data)
    MQTTClinetTask_Handler                   0x2000001c   Data           4  usr_task.o(.data)
    MOBILETask_Handler                       0x20000020   Data           4  usr_task.o(.data)
    MSGTask_Handler                          0x20000024   Data           4  usr_task.o(.data)
    UPGRADETask_Handler                      0x20000028   Data           4  usr_task.o(.data)
    iotInfoList                              0x2000002c   Data           4  routine.o(.data)
    eqptInfoList                             0x20000030   Data           4  routine.o(.data)
    ulHighFrequencyTimerTicks                0x20000038   Data           4  timer.o(.data)
    mobile_csq                               0x2000003c   Data           1  mobile.o(.data)
    AT_cmd_now                               0x2000003d   Data           1  mobile.o(.data)
    TCP_RxRingBuff                           0x20000044   Data           8  mobile_net.o(.data)
    AtCmdStart_pt                            0x2000004c   Data           4  mobile_startup.o(.data)
    MOBILE_StartupPhase                      0x20000050   Data           1  mobile_startup.o(.data)
    g_selector_info                          0x20000058   Data           6  selector.o(.data)
    g_tb_out_info                            0x2000005e   Data           6  selector.o(.data)
    ftp_status                               0x20000074   Data           1  upgrade.o(.data)
    ftpFileSize                              0x2000007c   Data           4  upgrade.o(.data)
    __stdout                                 0x20000084   Data           4  usart1.o(.data)
    __stdin                                  0x20000088   Data           4  usart1.o(.data)
    pxCurrentTCB                             0x200000a4   Data           4  tasks.o(.data)
    coin_service                             0x20000120   Data        1175  iot.o(.bss)
    g_iot_info                               0x200005b7   Data         260  iot.o(.bss)
    device                                   0x200006e9   Data          67  device.o(.bss)
    payQRcode                                0x2000092c   Data        1088  prize.o(.bss)
    MD5keyId                                 0x20000d6c   Data          36  prize.o(.bss)
    MD5key                                   0x20000d90   Data          36  prize.o(.bss)
    prizeUrl                                 0x20000db4   Data          68  prize.o(.bss)
    devicePrizeUrl                           0x20000df8   Data          68  prize.o(.bss)
    client                                   0x20000e3c   Data         176  mqtt_client.o(.bss)
    ledCtr                                   0x20000eec   Data          20  led.o(.bss)
    AT_RxBuff                                0x20000f00   Data         256  mobile.o(.bss)
    AT_RxRingBuff                            0x20001000   Data          16  mobile.o(.bss)
    mobileIMEI                               0x20001010   Data          20  mobile.o(.bss)
    mobileSimCCID                            0x20001024   Data          24  mobile.o(.bss)
    TCP0_RxRingBuff                          0x2000103c   Data          16  mobile_net.o(.bss)
    TCP1_RxRingBuff                          0x2000104c   Data          16  mobile_net.o(.bss)
    TCP_RxBuff                               0x2000105c   Data        3072  mobile_net.o(.bss)
    tMobileStartupTaskDelay                  0x20001c5c   Data          12  mobile_startup.o(.bss)
    at_cmd                                   0x20001c68   Data         112  mobile_startup.o(.bss)
    g_service_info                           0x20001cd8   Data          10  selector.o(.bss)
    coinCtr                                  0x20001ce4   Data          20  selector.o(.bss)
    g_bin_info                               0x20001cf8   Data          32  hexbin.o(.bss)
    upgrade_info                             0x20001d18   Data          36  upgrade.o(.bss)
    Mobile_RxRingBuff                        0x20001d3c   Data          16  usart2.o(.bss)
    USART2_RX_BUF                            0x20001d4c   Data        1200  usart2.o(.bss)
    USART3_RX_BUF                            0x200021fc   Data         200  usart3.o(.bss)
    xQueueRegistry                           0x200022c4   Data          64  queue.o(.bss)
    __libspace_start                         0x20007430   Data          96  libspace.o(.bss)
    __temporary_stack_top$libspace           0x20007490   Data           0  libspace.o(.bss)



==============================================================================

Memory Map of the image

  Image Entry point : 0x08021131

  Load Region LR_IROM2 (Base: 0x08021000, Size: 0x00012cac, Max: 0x0001e000, ABSOLUTE)

    Execution Region ER_IROM2 (Base: 0x08021000, Size: 0x00012b8c, Max: 0x0001e000, ABSOLUTE)

    Base Addr    Size         Type   Attr      Idx    E Section Name        Object

    0x08021000   0x00000130   Data   RO         3287    RESET               startup_stm32f10x_hd.o
    0x08021130   0x00000008   Code   RO         6762  * !!!main             c_w.l(__main.o)
    0x08021138   0x00000034   Code   RO         7044    !!!scatter          c_w.l(__scatter.o)
    0x0802116c   0x0000001a   Code   RO         7046    !!handler_copy      c_w.l(__scatter_copy.o)
    0x08021186   0x00000002   PAD
    0x08021188   0x0000001c   Code   RO         7048    !!handler_zi        c_w.l(__scatter_zi.o)
    0x080211a4   0x00000000   Code   RO         6717    .ARM.Collect$$_printf_percent$$00000000  c_w.l(_printf_percent.o)
    0x080211a4   0x0000000a   Code   RO         6838    .ARM.Collect$$_printf_percent$$00000007  c_w.l(_printf_ll.o)
    0x080211ae   0x00000006   Code   RO         6715    .ARM.Collect$$_printf_percent$$00000009  c_w.l(_printf_d.o)
    0x080211b4   0x00000006   Code   RO         6714    .ARM.Collect$$_printf_percent$$0000000C  c_w.l(_printf_x.o)
    0x080211ba   0x00000006   Code   RO         6718    .ARM.Collect$$_printf_percent$$0000000E  c_w.l(_printf_lld.o)
    0x080211c0   0x00000006   Code   RO         6713    .ARM.Collect$$_printf_percent$$00000014  c_w.l(_printf_s.o)
    0x080211c6   0x00000004   Code   RO         6837    .ARM.Collect$$_printf_percent$$00000017  c_w.l(_printf_percent_end.o)
    0x080211ca   0x00000002   Code   RO         6987    .ARM.Collect$$libinit$$00000000  c_w.l(libinit.o)
    0x080211cc   0x00000000   Code   RO         6853    .ARM.Collect$$libinit$$00000002  c_w.l(libinit2.o)
    0x080211cc   0x00000000   Code   RO         6855    .ARM.Collect$$libinit$$00000004  c_w.l(libinit2.o)
    0x080211cc   0x00000008   Code   RO         6856    .ARM.Collect$$libinit$$00000005  c_w.l(libinit2.o)
    0x080211d4   0x00000000   Code   RO         6858    .ARM.Collect$$libinit$$0000000A  c_w.l(libinit2.o)
    0x080211d4   0x00000000   Code   RO         6860    .ARM.Collect$$libinit$$0000000C  c_w.l(libinit2.o)
    0x080211d4   0x00000000   Code   RO         6862    .ARM.Collect$$libinit$$0000000E  c_w.l(libinit2.o)
    0x080211d4   0x00000006   Code   RO         6863    .ARM.Collect$$libinit$$0000000F  c_w.l(libinit2.o)
    0x080211da   0x00000000   Code   RO         6865    .ARM.Collect$$libinit$$00000011  c_w.l(libinit2.o)
    0x080211da   0x0000000c   Code   RO         6866    .ARM.Collect$$libinit$$00000012  c_w.l(libinit2.o)
    0x080211e6   0x00000000   Code   RO         6867    .ARM.Collect$$libinit$$00000013  c_w.l(libinit2.o)
    0x080211e6   0x00000000   Code   RO         6869    .ARM.Collect$$libinit$$00000015  c_w.l(libinit2.o)
    0x080211e6   0x00000000   Code   RO         6871    .ARM.Collect$$libinit$$00000017  c_w.l(libinit2.o)
    0x080211e6   0x00000000   Code   RO         6873    .ARM.Collect$$libinit$$00000019  c_w.l(libinit2.o)
    0x080211e6   0x00000000   Code   RO         6875    .ARM.Collect$$libinit$$0000001B  c_w.l(libinit2.o)
    0x080211e6   0x00000000   Code   RO         6877    .ARM.Collect$$libinit$$0000001D  c_w.l(libinit2.o)
    0x080211e6   0x00000000   Code   RO         6879    .ARM.Collect$$libinit$$0000001F  c_w.l(libinit2.o)
    0x080211e6   0x00000000   Code   RO         6881    .ARM.Collect$$libinit$$00000021  c_w.l(libinit2.o)
    0x080211e6   0x00000000   Code   RO         6883    .ARM.Collect$$libinit$$00000023  c_w.l(libinit2.o)
    0x080211e6   0x00000000   Code   RO         6885    .ARM.Collect$$libinit$$00000025  c_w.l(libinit2.o)
    0x080211e6   0x00000000   Code   RO         6889    .ARM.Collect$$libinit$$0000002C  c_w.l(libinit2.o)
    0x080211e6   0x00000000   Code   RO         6891    .ARM.Collect$$libinit$$0000002E  c_w.l(libinit2.o)
    0x080211e6   0x00000000   Code   RO         6893    .ARM.Collect$$libinit$$00000030  c_w.l(libinit2.o)
    0x080211e6   0x00000000   Code   RO         6895    .ARM.Collect$$libinit$$00000032  c_w.l(libinit2.o)
    0x080211e6   0x00000002   Code   RO         6896    .ARM.Collect$$libinit$$00000033  c_w.l(libinit2.o)
    0x080211e8   0x00000002   Code   RO         7041    .ARM.Collect$$libshutdown$$00000000  c_w.l(libshutdown.o)
    0x080211ea   0x00000000   Code   RO         6999    .ARM.Collect$$libshutdown$$00000002  c_w.l(libshutdown2.o)
    0x080211ea   0x00000000   Code   RO         7001    .ARM.Collect$$libshutdown$$00000004  c_w.l(libshutdown2.o)
    0x080211ea   0x00000000   Code   RO         7004    .ARM.Collect$$libshutdown$$00000007  c_w.l(libshutdown2.o)
    0x080211ea   0x00000000   Code   RO         7007    .ARM.Collect$$libshutdown$$0000000A  c_w.l(libshutdown2.o)
    0x080211ea   0x00000000   Code   RO         7009    .ARM.Collect$$libshutdown$$0000000C  c_w.l(libshutdown2.o)
    0x080211ea   0x00000000   Code   RO         7012    .ARM.Collect$$libshutdown$$0000000F  c_w.l(libshutdown2.o)
    0x080211ea   0x00000002   Code   RO         7013    .ARM.Collect$$libshutdown$$00000010  c_w.l(libshutdown2.o)
    0x080211ec   0x00000000   Code   RO         6792    .ARM.Collect$$rtentry$$00000000  c_w.l(__rtentry.o)
    0x080211ec   0x00000000   Code   RO         6910    .ARM.Collect$$rtentry$$00000002  c_w.l(__rtentry2.o)
    0x080211ec   0x00000006   Code   RO         6922    .ARM.Collect$$rtentry$$00000004  c_w.l(__rtentry4.o)
    0x080211f2   0x00000000   Code   RO         6912    .ARM.Collect$$rtentry$$00000009  c_w.l(__rtentry2.o)
    0x080211f2   0x00000004   Code   RO         6913    .ARM.Collect$$rtentry$$0000000A  c_w.l(__rtentry2.o)
    0x080211f6   0x00000000   Code   RO         6915    .ARM.Collect$$rtentry$$0000000C  c_w.l(__rtentry2.o)
    0x080211f6   0x00000008   Code   RO         6916    .ARM.Collect$$rtentry$$0000000D  c_w.l(__rtentry2.o)
    0x080211fe   0x00000002   Code   RO         6988    .ARM.Collect$$rtexit$$00000000  c_w.l(rtexit.o)
    0x08021200   0x00000000   Code   RO         7015    .ARM.Collect$$rtexit$$00000002  c_w.l(rtexit2.o)
    0x08021200   0x00000004   Code   RO         7016    .ARM.Collect$$rtexit$$00000003  c_w.l(rtexit2.o)
    0x08021204   0x00000006   Code   RO         7017    .ARM.Collect$$rtexit$$00000004  c_w.l(rtexit2.o)
    0x0802120a   0x00000002   PAD
    0x0802120c   0x00000096   Code   RO         5988    .emb_text           port.o
    0x080212a2   0x00000002   PAD
    0x080212a4   0x00000000   Code   RO         6928    .emb_text           c_w.l(maybetermalloc1.o)
    0x080212a4   0x00000040   Code   RO         3288    .text               startup_stm32f10x_hd.o
    0x080212e4   0x00000002   Code   RO         6585    .text               c_w.l(use_no_semi_2.o)
    0x080212e6   0x0000005e   Code   RO         6591    .text               c_w.l(h1_alloc.o)
    0x08021344   0x0000004e   Code   RO         6593    .text               c_w.l(h1_free.o)
    0x08021392   0x00000002   PAD
    0x08021394   0x00000018   Code   RO         6649    .text               c_w.l(__2printf.o)
    0x080213ac   0x0000002c   Code   RO         6651    .text               c_w.l(__2sprintf.o)
    0x080213d8   0x00000038   Code   RO         6653    .text               c_w.l(__2snprintf.o)
    0x08021410   0x0000004e   Code   RO         6663    .text               c_w.l(_printf_pad.o)
    0x0802145e   0x00000052   Code   RO         6665    .text               c_w.l(_printf_str.o)
    0x080214b0   0x00000078   Code   RO         6667    .text               c_w.l(_printf_dec.o)
    0x08021528   0x0000007c   Code   RO         6669    .text               c_w.l(_printf_longlong_dec.o)
    0x080215a4   0x00000058   Code   RO         6674    .text               c_w.l(_printf_hex_int.o)
    0x080215fc   0x00000188   Code   RO         6709    .text               c_w.l(__printf_flags_ss_wp.o)
    0x08021784   0x0000003c   Code   RO         6719    .text               c_w.l(__0sscanf.o)
    0x080217c0   0x0000014c   Code   RO         6721    .text               c_w.l(_scanf_int.o)
    0x0802190c   0x000000e0   Code   RO         6723    .text               c_w.l(_scanf_str.o)
    0x080219ec   0x0000001a   Code   RO         6725    .text               c_w.l(atoi.o)
    0x08021a06   0x00000014   Code   RO         6727    .text               c_w.l(strchr.o)
    0x08021a1a   0x00000024   Code   RO         6729    .text               c_w.l(strstr.o)
    0x08021a3e   0x00000058   Code   RO         6731    .text               c_w.l(memcmp.o)
    0x08021a96   0x0000003e   Code   RO         6735    .text               c_w.l(strlen.o)
    0x08021ad4   0x00000096   Code   RO         6737    .text               c_w.l(strncmp.o)
    0x08021b6a   0x00000018   Code   RO         6739    .text               c_w.l(strcat.o)
    0x08021b82   0x0000008a   Code   RO         6741    .text               c_w.l(rt_memcpy_v6.o)
    0x08021c0c   0x00000064   Code   RO         6743    .text               c_w.l(rt_memcpy_w.o)
    0x08021c70   0x00000010   Code   RO         6745    .text               c_w.l(aeabi_memset.o)
    0x08021c80   0x00000044   Code   RO         6747    .text               c_w.l(rt_memclr.o)
    0x08021cc4   0x0000004e   Code   RO         6749    .text               c_w.l(rt_memclr_w.o)
    0x08021d12   0x00000056   Code   RO         6751    .text               c_w.l(strncpy.o)
    0x08021d68   0x00000080   Code   RO         6753    .text               c_w.l(strcmpv7m.o)
    0x08021de8   0x000001a8   Code   RO         6758    .text               c_w.l(mktime.o)
    0x08021f90   0x00000006   Code   RO         6760    .text               c_w.l(heapauxi.o)
    0x08021f96   0x00000002   Code   RO         6788    .text               c_w.l(use_no_semi.o)
    0x08021f98   0x00000008   Code   RO         6796    .text               c_w.l(rt_heap_descriptor_intlibspace.o)
    0x08021fa0   0x00000008   Code   RO         6801    .text               c_w.l(rt_errno_addr_intlibspace.o)
    0x08021fa8   0x00000004   Code   RO         6803    .text               c_w.l(hguard.o)
    0x08021fac   0x0000008a   Code   RO         6805    .text               c_w.l(init_alloc.o)
    0x08022036   0x0000000e   Code   RO         6809    .text               c_w.l(h1_init.o)
    0x08022044   0x0000008a   Code   RO         6823    .text               c_w.l(lludiv10.o)
    0x080220ce   0x000000b2   Code   RO         6825    .text               c_w.l(_printf_intcommon.o)
    0x08022180   0x00000030   Code   RO         6827    .text               c_w.l(_printf_char_common.o)
    0x080221b0   0x0000000a   Code   RO         6829    .text               c_w.l(_sputc.o)
    0x080221ba   0x00000010   Code   RO         6831    .text               c_w.l(_snputc.o)
    0x080221ca   0x0000002c   Code   RO         6833    .text               c_w.l(_printf_char.o)
    0x080221f6   0x00000002   PAD
    0x080221f8   0x00000024   Code   RO         6835    .text               c_w.l(_printf_char_file.o)
    0x0802221c   0x0000001c   Code   RO         6839    .text               c_w.l(_chval.o)
    0x08022238   0x0000002c   Code   RO         6841    .text               c_w.l(scanf_char.o)
    0x08022264   0x00000040   Code   RO         6843    .text               c_w.l(_sgetc.o)
    0x080222a4   0x00000070   Code   RO         6845    .text               c_w.l(strtol.o)
    0x08022314   0x00000008   Code   RO         6906    .text               c_w.l(libspace.o)
    0x0802231c   0x00000010   Code   RO         6924    .text               c_w.l(rt_ctype_table.o)
    0x0802232c   0x00000034   Code   RO         6930    .text               c_w.l(h1_extend.o)
    0x08022360   0x00000012   Code   RO         6934    .text               c_w.l(isspace.o)
    0x08022372   0x00000002   PAD
    0x08022374   0x00000374   Code   RO         6938    .text               c_w.l(_scanf.o)
    0x080226e8   0x0000009e   Code   RO         6940    .text               c_w.l(_strtoul.o)
    0x08022786   0x00000008   Code   RO         6942    .text               c_w.l(ferror.o)
    0x0802278e   0x0000000e   Code   RO         6946    .text               c_w.l(defsig_rtmem_outer.o)
    0x0802279c   0x0000004a   Code   RO         6958    .text               c_w.l(sys_stackheap_outer.o)
    0x080227e6   0x00000002   PAD
    0x080227e8   0x00000008   Code   RO         6965    .text               c_w.l(rt_locale_intlibspace.o)
    0x080227f0   0x00000012   Code   RO         6972    .text               c_w.l(exit.o)
    0x08022802   0x0000000a   Code   RO         6974    .text               c_w.l(defsig_exit.o)
    0x0802280c   0x00000050   Code   RO         6976    .text               c_w.l(defsig_rtmem_inner.o)
    0x0802285c   0x00000032   Code   RO         6996    .text               c_w.l(defsig_general.o)
    0x0802288e   0x00000008   Code   RO         2288    i.AT24CXX_Init      24cxx.o
    0x08022896   0x00000022   Code   RO         2289    i.AT24CXX_Read      24cxx.o
    0x080228b8   0x00000058   Code   RO         2290    i.AT24CXX_ReadOneByte  24cxx.o
    0x08022910   0x00000024   Code   RO         2291    i.AT24CXX_Write     24cxx.o
    0x08022934   0x0000004a   Code   RO         2292    i.AT24CXX_WriteOneByte  24cxx.o
    0x0802297e   0x00000010   Code   RO         4594    i.BKP_DeInit        stm32f10x_bkp.o
    0x0802298e   0x00000002   PAD
    0x08022990   0x0000001c   Code   RO         4599    i.BKP_ReadBackupRegister  stm32f10x_bkp.o
    0x080229ac   0x0000001c   Code   RO         4603    i.BKP_WriteBackupRegister  stm32f10x_bkp.o
    0x080229c8   0x00000004   Code   RO          464    i.BusFault_Handler  stm32f10x_it.o
    0x080229cc   0x00000020   Code   RO         2542    i.COIN_OUT_SET      selector.o
    0x080229ec   0x00000020   Code   RO         2032    i.COMM_PutCs        mobile.o
    0x08022a0c   0x0000000c   Code   RO         2033    i.COMM_Puts         mobile.o
    0x08022a18   0x00000084   Code   RO         2234    i.Clock_SetTime     rtc.o
    0x08022a9c   0x00000048   Code   RO         2543    i.CoinCtr           selector.o
    0x08022ae4   0x00000016   Code   RO         2544    i.CoinInSet         selector.o
    0x08022afa   0x00000002   PAD
    0x08022afc   0x000001a0   Code   RO         2614    i.ConvertHexToBin   hexbin.o
    0x08022c9c   0x00000008   Code   RO         6219    i.Crypto_DeInit     M3_CryptoFW_2_0_6.lib(crypto.o)
    0x08022ca4   0x00000044   Code   RO         2545    i.CtrCoin           selector.o
    0x08022ce8   0x00000024   Code   RO         1909    i.CtrLed            led.o
    0x08022d0c   0x00000018   Code   RO         4372    i.DMA_Cmd           stm32f10x_dma.o
    0x08022d24   0x00000050   Code   RO         2011    i.DMA_Config        dma.o
    0x08022d74   0x0000014c   Code   RO         4373    i.DMA_DeInit        stm32f10x_dma.o
    0x08022ec0   0x00000020   Code   RO         2012    i.DMA_Enable        dma.o
    0x08022ee0   0x00000008   Code   RO         4374    i.DMA_GetCurrDataCounter  stm32f10x_dma.o
    0x08022ee8   0x0000003c   Code   RO         4378    i.DMA_Init          stm32f10x_dma.o
    0x08022f24   0x00000004   Code   RO         4379    i.DMA_SetCurrDataCounter  stm32f10x_dma.o
    0x08022f28   0x00000002   Code   RO          465    i.DebugMon_Handler  stm32f10x_it.o
    0x08022f2a   0x00000002   PAD
    0x08022f2c   0x0000000c   Code   RO         5049    i.EXTI_ClearITPendingBit  stm32f10x_exti.o
    0x08022f38   0x00000028   Code   RO         5053    i.EXTI_GetITStatus  stm32f10x_exti.o
    0x08022f60   0x00000094   Code   RO         5054    i.EXTI_Init         stm32f10x_exti.o
    0x08022ff4   0x0000000c   Code   RO         4874    i.FLASH_ClearFlag   stm32f10x_flash.o
    0x08023000   0x0000004c   Code   RO         4879    i.FLASH_ErasePage   stm32f10x_flash.o
    0x0802304c   0x00000034   Code   RO         4880    i.FLASH_GetBank1Status  stm32f10x_flash.o
    0x08023080   0x00000014   Code   RO         4889    i.FLASH_Lock        stm32f10x_flash.o
    0x08023094   0x0000006c   Code   RO         4894    i.FLASH_ProgramWord  stm32f10x_flash.o
    0x08023100   0x00000018   Code   RO         4897    i.FLASH_Unlock      stm32f10x_flash.o
    0x08023118   0x00000026   Code   RO         4901    i.FLASH_WaitForLastOperation  stm32f10x_flash.o
    0x0802313e   0x0000000c   Code   RO         1359    i.FreeRTOS_disconnect  mqttfreertos.o
    0x0802314a   0x00000052   Code   RO         1360    i.FreeRTOS_read     mqttfreertos.o
    0x0802319c   0x00000116   Code   RO         3334    i.GPIO_Init         stm32f10x_gpio.o
    0x080232b2   0x00000012   Code   RO         3338    i.GPIO_ReadInputDataBit  stm32f10x_gpio.o
    0x080232c4   0x00000004   Code   RO         3341    i.GPIO_ResetBits    stm32f10x_gpio.o
    0x080232c8   0x00000004   Code   RO         3342    i.GPIO_SetBits      stm32f10x_gpio.o
    0x080232cc   0x00000020   Code   RO         2615    i.GetAppAddress     hexbin.o
    0x080232ec   0x00000020   Code   RO         2616    i.GetFirstByte      hexbin.o
    0x0802330c   0x000000bc   Code   RO         2617    i.GetHexLineData    hexbin.o
    0x080233c8   0x00000060   Code   RO         2618    i.GetLine           hexbin.o
    0x08023428   0x00000076   Code   RO         2619    i.GetNextLine       hexbin.o
    0x0802349e   0x00000022   Code   RO         2620    i.GetStartAddress   hexbin.o
    0x080234c0   0x000000e4   Code   RO         2275    i.Get_ChipID        chip.o
    0x080235a4   0x00000010   Code   RO         6272    i.HMAC_SHA1_Append  M3_CryptoFW_2_0_6.lib(crypto.o)
    0x080235b4   0x000000a0   Code   RO         6273    i.HMAC_SHA1_Finish  M3_CryptoFW_2_0_6.lib(crypto.o)
    0x08023654   0x00000154   Code   RO         6274    i.HMAC_SHA1_Init    M3_CryptoFW_2_0_6.lib(crypto.o)
    0x080237a8   0x00000002   Code   RO         2034    i.Hang_Up           mobile.o
    0x080237aa   0x00000004   Code   RO          466    i.HardFault_Handler  stm32f10x_it.o
    0x080237ae   0x00000032   Code   RO         2621    i.HexCharToByte     hexbin.o
    0x080237e0   0x00000050   Code   RO         2329    i.IIC_Ack           myiic.o
    0x08023830   0x00000034   Code   RO         2330    i.IIC_Init          myiic.o
    0x08023864   0x00000050   Code   RO         2331    i.IIC_NAck          myiic.o
    0x080238b4   0x00000070   Code   RO         2332    i.IIC_Read_Byte     myiic.o
    0x08023924   0x00000068   Code   RO         2333    i.IIC_Send_Byte     myiic.o
    0x0802398c   0x0000004c   Code   RO         2334    i.IIC_Start         myiic.o
    0x080239d8   0x0000004c   Code   RO         2335    i.IIC_Stop          myiic.o
    0x08023a24   0x00000064   Code   RO         2336    i.IIC_Wait_Ack      myiic.o
    0x08023a88   0x0000005c   Code   RO          569    i.IOT_MC_Publish    iot.o
    0x08023ae4   0x00000244   Code   RO          570    i.IOT_MC_Subscribe  iot.o
    0x08023d28   0x00000040   Code   RO         1910    i.LED_Init          led.o
    0x08023d68   0x00000010   Code   RO         1911    i.LED_OFF           led.o
    0x08023d78   0x00000010   Code   RO         1912    i.LED_ON            led.o
    0x08023d88   0x00000040   Code   RO         1913    i.LedCtr            led.o
    0x08023dc8   0x0000001c   Code   RO         1914    i.LedSetStatus      led.o
    0x08023de4   0x0000007c   Code   RO         1139    i.MD5KeyId_read     prize.o
    0x08023e60   0x00000078   Code   RO         1140    i.MD5Key_read       prize.o
    0x08023ed8   0x0000002a   Code   RO         6284    i.MD5_Append        M3_CryptoFW_2_0_6.lib(crypto.o)
    0x08023f02   0x00000090   Code   RO         6285    i.MD5_Finish        M3_CryptoFW_2_0_6.lib(crypto.o)
    0x08023f92   0x00000002   PAD
    0x08023f94   0x0000003c   Code   RO         6286    i.MD5_Init          M3_CryptoFW_2_0_6.lib(crypto.o)
    0x08023fd0   0x00000074   Code   RO         2035    i.MOBILE_CTR_Config  mobile.o
    0x08024044   0x00000020   Code   RO         2036    i.MOBILE_POWER      mobile.o
    0x08024064   0x00000014   Code   RO         2037    i.MOBILE_RESET_OFF  mobile.o
    0x08024078   0x00000014   Code   RO         2038    i.MOBILE_RESET_ON   mobile.o
    0x0802408c   0x00000258   Code   RO         2197    i.MOBILE_Startup    mobile_startup.o
    0x080242e4   0x0000000c   Code   RO         2198    i.MOBILE_Startup_Init  mobile_startup.o
    0x080242f0   0x0000001a   Code   RO         1202    i.MQTTCleanSession  mqttclient.o
    0x0802430a   0x0000000c   Code   RO         1203    i.MQTTClientCallbackInit  mqttclient.o
    0x08024316   0x00000068   Code   RO         1204    i.MQTTClientInit    mqttclient.o
    0x0802437e   0x00000010   Code   RO         1205    i.MQTTCloseSession  mqttclient.o
    0x0802438e   0x00000012   Code   RO         1206    i.MQTTConnect       mqttclient.o
    0x080243a0   0x000000d4   Code   RO         1207    i.MQTTConnectWithResults  mqttclient.o
    0x08024474   0x0000006c   Code   RO         1580    i.MQTTDeserialize_ack  mqttdeserializepublish.o
    0x080244e0   0x00000076   Code   RO         1514    i.MQTTDeserialize_connack  mqttconnectclient.o
    0x08024556   0x000000a8   Code   RO         1581    i.MQTTDeserialize_publish  mqttdeserializepublish.o
    0x080245fe   0x00000092   Code   RO         1825    i.MQTTDeserialize_suback  mqttsubscribeclient.o
    0x08024690   0x00000052   Code   RO         1208    i.MQTTDisconnect    mqttclient.o
    0x080246e2   0x00000006   Code   RO         1209    i.MQTTIsConnected   mqttclient.o
    0x080246e8   0x00000058   Code   RO         1668    i.MQTTPacket_decode  mqttpacket.o
    0x08024740   0x0000001c   Code   RO         1669    i.MQTTPacket_decodeBuf  mqttpacket.o
    0x0802475c   0x00000036   Code   RO         1671    i.MQTTPacket_encode  mqttpacket.o
    0x08024792   0x00000042   Code   RO         1672    i.MQTTPacket_equals  mqttpacket.o
    0x080247d4   0x00000028   Code   RO         1673    i.MQTTPacket_len    mqttpacket.o
    0x080247fc   0x00000150   Code   RO         1210    i.MQTTPublish       mqttclient.o
    0x0802494c   0x0000003a   Code   RO         1211    i.MQTTRun           mqttclient.o
    0x08024986   0x00000072   Code   RO         1783    i.MQTTSerialize_ack  mqttserializepublish.o
    0x080249f8   0x00000168   Code   RO         1515    i.MQTTSerialize_connect  mqttconnectclient.o
    0x08024b60   0x00000076   Code   RO         1516    i.MQTTSerialize_connectLength  mqttconnectclient.o
    0x08024bd6   0x00000012   Code   RO         1517    i.MQTTSerialize_disconnect  mqttconnectclient.o
    0x08024be8   0x00000012   Code   RO         1518    i.MQTTSerialize_pingreq  mqttconnectclient.o
    0x08024bfa   0x000000b0   Code   RO         1786    i.MQTTSerialize_publish  mqttserializepublish.o
    0x08024caa   0x00000022   Code   RO         1787    i.MQTTSerialize_publishLength  mqttserializepublish.o
    0x08024ccc   0x000000b0   Code   RO         1826    i.MQTTSerialize_subscribe  mqttsubscribeclient.o
    0x08024d7c   0x0000002e   Code   RO         1827    i.MQTTSerialize_subscribeLength  mqttsubscribeclient.o
    0x08024daa   0x0000004c   Code   RO         1519    i.MQTTSerialize_zero  mqttconnectclient.o
    0x08024df6   0x0000008a   Code   RO         1212    i.MQTTSetMessageHandler  mqttclient.o
    0x08024e80   0x00000018   Code   RO         1213    i.MQTTStartTask     mqttclient.o
    0x08024e98   0x00000020   Code   RO         1214    i.MQTTSubscribe     mqttclient.o
    0x08024eb8   0x000000dc   Code   RO         1215    i.MQTTSubscribeWithResults  mqttclient.o
    0x08024f94   0x00000018   Code   RO         1676    i.MQTTstrlen        mqttpacket.o
    0x08024fac   0x00000004   Code   RO          467    i.MemManage_Handler  stm32f10x_it.o
    0x08024fb0   0x00000034   Code   RO         1452    i.MqttClientConnected  mqtt_client.o
    0x08024fe4   0x00000030   Code   RO         1453    i.MqttClientDisconnected  mqtt_client.o
    0x08025014   0x0000003c   Code   RO         1454    i.MqttClientInited  mqtt_client.o
    0x08025050   0x00000438   Code   RO         1455    i.Mqtt_Clinet_Task  mqtt_client.o
    0x08025488   0x0000000e   Code   RO         1362    i.MutexInit         mqttfreertos.o
    0x08025496   0x00000012   Code   RO         1363    i.MutexLock         mqttfreertos.o
    0x080254a8   0x00000012   Code   RO         1364    i.MutexUnlock       mqttfreertos.o
    0x080254ba   0x00000002   Code   RO          468    i.NMI_Handler       stm32f10x_it.o
    0x080254bc   0x00000070   Code   RO         3292    i.NVIC_Init         misc.o
    0x0802552c   0x00000014   Code   RO         3293    i.NVIC_PriorityGroupConfig  misc.o
    0x08025540   0x0000002a   Code   RO         1365    i.NetworkConnect    mqttfreertos.o
    0x0802556a   0x00000002   PAD
    0x0802556c   0x00000020   Code   RO         1366    i.NetworkInit       mqttfreertos.o
    0x0802558c   0x00000006   Code   RO         1218    i.NewMessageData    mqttclient.o
    0x08025592   0x00000096   Code   RO         2434    i.PVD_Configuration  pvd.o
    0x08025628   0x00000060   Code   RO         2435    i.PVD_IRQHandler    pvd.o
    0x08025688   0x0000000c   Code   RO         4532    i.PWR_BackupAccessCmd  stm32f10x_pwr.o
    0x08025694   0x0000000c   Code   RO         4538    i.PWR_PVDCmd        stm32f10x_pwr.o
    0x080256a0   0x00000018   Code   RO         4539    i.PWR_PVDLevelConfig  stm32f10x_pwr.o
    0x080256b8   0x00000070   Code   RO         3244    i.ParseForStream    protobuf.o
    0x08025728   0x00000020   Code   RO         3443    i.RCC_AHBPeriphClockCmd  stm32f10x_rcc.o
    0x08025748   0x00000020   Code   RO         3444    i.RCC_APB1PeriphClockCmd  stm32f10x_rcc.o
    0x08025768   0x00000020   Code   RO         3445    i.RCC_APB1PeriphResetCmd  stm32f10x_rcc.o
    0x08025788   0x00000020   Code   RO         3446    i.RCC_APB2PeriphClockCmd  stm32f10x_rcc.o
    0x080257a8   0x00000020   Code   RO         3447    i.RCC_APB2PeriphResetCmd  stm32f10x_rcc.o
    0x080257c8   0x0000000c   Code   RO         3449    i.RCC_BackupResetCmd  stm32f10x_rcc.o
    0x080257d4   0x000000d4   Code   RO         3454    i.RCC_GetClocksFreq  stm32f10x_rcc.o
    0x080258a8   0x0000003c   Code   RO         3455    i.RCC_GetFlagStatus  stm32f10x_rcc.o
    0x080258e4   0x00000034   Code   RO         3462    i.RCC_LSEConfig     stm32f10x_rcc.o
    0x08025918   0x0000000c   Code   RO         3469    i.RCC_RTCCLKCmd     stm32f10x_rcc.o
    0x08025924   0x00000010   Code   RO         3470    i.RCC_RTCCLKConfig  stm32f10x_rcc.o
    0x08025934   0x0000000a   Code   RO         3034    i.RINGBUF_Clear     ringbuf.o
    0x0802593e   0x0000002e   Code   RO         3035    i.RINGBUF_Get       ringbuf.o
    0x0802596c   0x0000001e   Code   RO         3036    i.RINGBUF_GetFill   ringbuf.o
    0x0802598a   0x0000001e   Code   RO         3037    i.RINGBUF_Init      ringbuf.o
    0x080259a8   0x0000002a   Code   RO         3038    i.RINGBUF_Put       ringbuf.o
    0x080259d2   0x00000002   PAD
    0x080259d4   0x00000010   Code   RO         4443    i.RTC_ClearITPendingBit  stm32f10x_rtc.o
    0x080259e4   0x00000014   Code   RO         4444    i.RTC_EnterConfigMode  stm32f10x_rtc.o
    0x080259f8   0x00000014   Code   RO         4445    i.RTC_ExitConfigMode  stm32f10x_rtc.o
    0x08025a0c   0x00000014   Code   RO         4446    i.RTC_GetCounter    stm32f10x_rtc.o
    0x08025a20   0x00000024   Code   RO         4449    i.RTC_GetITStatus   stm32f10x_rtc.o
    0x08025a44   0x00000014   Code   RO         2235    i.RTC_IRQHandler    rtc.o
    0x08025a58   0x00000020   Code   RO         4450    i.RTC_ITConfig      stm32f10x_rtc.o
    0x08025a78   0x00000118   Code   RO         2236    i.RTC_Init          rtc.o
    0x08025b90   0x0000001c   Code   RO         4452    i.RTC_SetCounter    stm32f10x_rtc.o
    0x08025bac   0x00000020   Code   RO         4453    i.RTC_SetPrescaler  stm32f10x_rtc.o
    0x08025bcc   0x00000014   Code   RO         4454    i.RTC_WaitForLastTask  stm32f10x_rtc.o
    0x08025be0   0x00000024   Code   RO         4455    i.RTC_WaitForSynchro  stm32f10x_rtc.o
    0x08025c04   0x00000070   Code   RO         2546    i.SELECTOR_GPIO_Config  selector.o
    0x08025c74   0x00000188   Code   RO         6312    i.SHA1Final         M3_CryptoFW_2_0_6.lib(crypto.o)
    0x08025dfc   0x0000037c   Code   RO         6314    i.SHA1Transform     M3_CryptoFW_2_0_6.lib(crypto.o)
    0x08026178   0x000000bc   Code   RO         6316    i.SHA1_Append       M3_CryptoFW_2_0_6.lib(crypto.o)
    0x08026234   0x00000090   Code   RO         6317    i.SHA1_Finish       M3_CryptoFW_2_0_6.lib(crypto.o)
    0x080262c4   0x00000046   Code   RO         6114    i.STM32_MD5_HASH_DigestCompute  hash_crypt.o
    0x0802630a   0x00000050   Code   RO         6115    i.STM32_SHA1_HMAC_Compute  hash_crypt.o
    0x0802635a   0x00000002   PAD
    0x0802635c   0x00000098   Code   RO         2383    i.STMFLASH_Erase    flash.o
    0x080263f4   0x00000006   Code   RO         2386    i.STMFLASH_ReadWord  flash.o
    0x080263fa   0x00000002   PAD
    0x080263fc   0x00000114   Code   RO         3245    i.Serialize         protobuf.o
    0x08026510   0x00000022   Code   RO         3246    i.SerializeToOstream  protobuf.o
    0x08026532   0x00000008   Code   RO          535    i.SetSysClock       system_stm32f10x.o
    0x0802653a   0x00000002   PAD
    0x0802653c   0x000000e0   Code   RO          536    i.SetSysClockTo72   system_stm32f10x.o
    0x0802661c   0x00000028   Code   RO         3296    i.SysTick_CLKSourceConfig  misc.o
    0x08026644   0x00000010   Code   RO         2795    i.SysTick_Handler   delay.o
    0x08026654   0x00000010   Code   RO         2836    i.Sys_Soft_Reset    sys.o
    0x08026664   0x00000060   Code   RO          538    i.SystemInit        system_stm32f10x.o
    0x080266c4   0x0000006c   Code   RO         2039    i.TCP1_Disconnected  mobile.o
    0x08026730   0x0000001e   Code   RO         1954    i.TIM2_IRQHandler   timer.o
    0x0802674e   0x00000002   PAD
    0x08026750   0x0000002c   Code   RO         1955    i.TIM3_IRQHandler   timer.o
    0x0802677c   0x00000030   Code   RO         1957    i.TIM5_IRQHandler   timer.o
    0x080267ac   0x00000060   Code   RO         1958    i.TIM5_Int_Init     timer.o
    0x0802680c   0x00000006   Code   RO         3833    i.TIM_ClearITPendingBit  stm32f10x_tim.o
    0x08026812   0x00000018   Code   RO         3838    i.TIM_Cmd           stm32f10x_tim.o
    0x0802682a   0x00000022   Code   RO         3859    i.TIM_GetITStatus   stm32f10x_tim.o
    0x0802684c   0x00000012   Code   RO         3863    i.TIM_ITConfig      stm32f10x_tim.o
    0x0802685e   0x00000004   Code   RO         3903    i.TIM_SetCounter    stm32f10x_tim.o
    0x08026862   0x00000002   PAD
    0x08026864   0x000000a4   Code   RO         3909    i.TIM_TimeBaseInit  stm32f10x_tim.o
    0x08026908   0x0000003c   Code   RO         1367    i.ThreadStart       mqttfreertos.o
    0x08026944   0x00000052   Code   RO         1959    i.Timer2_Init_Config  timer.o
    0x08026996   0x00000028   Code   RO         1960    i.Timer2_Start      timer.o
    0x080269be   0x00000016   Code   RO         1961    i.Timer2_Stop       timer.o
    0x080269d4   0x00000016   Code   RO         1368    i.TimerCountdown    mqttfreertos.o
    0x080269ea   0x00000010   Code   RO         1369    i.TimerCountdownMS  mqttfreertos.o
    0x080269fa   0x0000000a   Code   RO         1370    i.TimerInit         mqttfreertos.o
    0x08026a04   0x00000016   Code   RO         1371    i.TimerIsExpired    mqttfreertos.o
    0x08026a1a   0x00000010   Code   RO         1372    i.TimerLeftMS       mqttfreertos.o
    0x08026a2a   0x00000002   PAD
    0x08026a2c   0x00000028   Code   RO         2868    i.USART1_SendByte   usart1.o
    0x08026a54   0x00000048   Code   RO         2926    i.USART2_IRQHandler  usart2.o
    0x08026a9c   0x00000016   Code   RO         2927    i.USART2_PutString  usart2.o
    0x08026ab2   0x00000002   PAD
    0x08026ab4   0x00000028   Code   RO         2928    i.USART2_SendByte   usart2.o
    0x08026adc   0x00000060   Code   RO         2968    i.USART3_IRQHandler  usart3.o
    0x08026b3c   0x00000038   Code   RO         2970    i.USART3_SendData   usart3.o
    0x08026b74   0x00000012   Code   RO         3642    i.USART_ClearFlag   stm32f10x_usart.o
    0x08026b86   0x0000001e   Code   RO         3643    i.USART_ClearITPendingBit  stm32f10x_usart.o
    0x08026ba4   0x00000018   Code   RO         3646    i.USART_Cmd         stm32f10x_usart.o
    0x08026bbc   0x00000012   Code   RO         3647    i.USART_DMACmd      stm32f10x_usart.o
    0x08026bce   0x00000002   PAD
    0x08026bd0   0x0000009c   Code   RO         3648    i.USART_DeInit      stm32f10x_usart.o
    0x08026c6c   0x0000001a   Code   RO         3649    i.USART_GetFlagStatus  stm32f10x_usart.o
    0x08026c86   0x00000054   Code   RO         3650    i.USART_GetITStatus  stm32f10x_usart.o
    0x08026cda   0x0000004a   Code   RO         3652    i.USART_ITConfig    stm32f10x_usart.o
    0x08026d24   0x000000d8   Code   RO         3653    i.USART_Init        stm32f10x_usart.o
    0x08026dfc   0x0000000a   Code   RO         3660    i.USART_ReceiveData  stm32f10x_usart.o
    0x08026e06   0x00000008   Code   RO         3663    i.USART_SendData    stm32f10x_usart.o
    0x08026e0e   0x00000008   Code   RO         2238    i.Unix_Get          rtc.o
    0x08026e16   0x00000004   Code   RO          469    i.UsageFault_Handler  stm32f10x_it.o
    0x08026e1a   0x0000000e   Code   RO         6702    i._is_digit         c_w.l(__printf_wp.o)
    0x08026e28   0x00000004   Code   RO         2871    i._sys_exit         usart1.o
    0x08026e2c   0x00000004   Code   RO         2872    i._ttywrch          usart1.o
    0x08026e30   0x0000020c   Code   RO          572    i.aliyun_iot_info_gen  iot.o
    0x0802703c   0x000000a4   Code   RO         2041    i.at_send_cmd       mobile.o
    0x080270e0   0x000000bc   Code   RO         2042    i.at_wait_ack       mobile.o
    0x0802719c   0x000000dc   Code   RO         2436    i.backup_read       pvd.o
    0x08027278   0x00000028   Code   RO         1677    i.bufchar           mqttpacket.o
    0x080272a0   0x00000098   Code   RO          573    i.c2s_firmware_upgrade_progress  iot.o
    0x08027338   0x000000c4   Code   RO          574    i.c2s_s2c_status    iot.o
    0x080273fc   0x0000002c   Code   RO          772    i.check_device      device.o
    0x08027428   0x00000034   Code   RO         2043    i.chrlookfor        mobile.o
    0x0802745c   0x00000020   Code   RO         2547    i.coin_out_action   selector.o
    0x0802747c   0x000001e8   Code   RO         2548    i.coin_tb_in_det    selector.o
    0x08027664   0x000000d8   Code   RO         6356    i.crl_u_MD5_Finish  M3_CryptoFW_2_0_6.lib(crypto.o)
    0x0802773c   0x00000096   Code   RO         6358    i.crl_u_MD5_Update  M3_CryptoFW_2_0_6.lib(crypto.o)
    0x080277d2   0x000001a6   Code   RO         1219    i.cycle             mqttclient.o
    0x08027978   0x00000028   Code   RO         3010    i.dbgchar_printf    dbg.o
    0x080279a0   0x00000060   Code   RO         3011    i.dbghex_printf     dbg.o
    0x08027a00   0x0000006c   Code   RO         1220    i.decodePacket      mqttclient.o
    0x08027a6c   0x0000005c   Code   RO         2796    i.delay_init        delay.o
    0x08027ac8   0x00000040   Code   RO         2797    i.delay_ms          delay.o
    0x08027b08   0x00000048   Code   RO         2798    i.delay_us          delay.o
    0x08027b50   0x00000018   Code   RO         2799    i.delay_xms         delay.o
    0x08027b68   0x0000008c   Code   RO         1221    i.deliverMessage    mqttclient.o
    0x08027bf4   0x00000028   Code   RO          773    i.device_account_clr_response  device.o
    0x08027c1c   0x00000022   Code   RO          774    i.device_account_get  device.o
    0x08027c3e   0x00000002   PAD
    0x08027c40   0x000000b8   Code   RO          775    i.device_account_get_response  device.o
    0x08027cf8   0x00000028   Code   RO          776    i.device_account_set_response  device.o
    0x08027d20   0x00000028   Code   RO          777    i.device_back_account_clr_response  device.o
    0x08027d48   0x000000e0   Code   RO          778    i.device_check_response  device.o
    0x08027e28   0x0000002e   Code   RO          779    i.device_cmd_and_wait_ack  device.o
    0x08027e56   0x00000002   PAD
    0x08027e58   0x000000b4   Code   RO          780    i.device_cmd_send   device.o
    0x08027f0c   0x00000248   Code   RO          781    i.device_coin_report_or_store  device.o
    0x08028154   0x00000a38   Code   RO          782    i.device_coin_set_response  device.o
    0x08028b8c   0x000002c8   Code   RO          783    i.device_com_process  device.o
    0x08028e54   0x00000160   Code   RO          784    i.device_comm_timeout  device.o
    0x08028fb4   0x00000160   Code   RO          785    i.device_data_filter  device.o
    0x08029114   0x000001b8   Code   RO          786    i.device_failcoin_get_response  device.o
    0x080292cc   0x000002e4   Code   RO          787    i.device_failprize_get_response  device.o
    0x080295b0   0x00000028   Code   RO          788    i.device_front_account_clr_response  device.o
    0x080295d8   0x00000028   Code   RO          789    i.device_increment_get_response  device.o
    0x08029600   0x00000008   Code   RO          790    i.device_increment_report  device.o
    0x08029608   0x00000040   Code   RO          791    i.device_insert_coin  device.o
    0x08029648   0x00000060   Code   RO          792    i.device_order_get_response  device.o
    0x080296a8   0x000000b8   Code   RO          793    i.device_param_get_response  device.o
    0x08029760   0x00000026   Code   RO          794    i.device_param_set_response  device.o
    0x08029786   0x00000022   Code   RO          795    i.device_params_get  device.o
    0x080297a8   0x00000022   Code   RO          796    i.device_params_set  device.o
    0x080297ca   0x00000002   PAD
    0x080297cc   0x00000094   Code   RO          797    i.device_payqrcode_get_response  device.o
    0x08029860   0x00000028   Code   RO          798    i.device_prize_clr_response  device.o
    0x08029888   0x00000198   Code   RO          799    i.device_prize_get_response  device.o
    0x08029a20   0x0000004c   Code   RO          800    i.device_prize_qrcode3_send  device.o
    0x08029a6c   0x000000c0   Code   RO          801    i.device_prize_qrcode_gen_response  device.o
    0x08029b2c   0x00000080   Code   RO          802    i.device_prize_qrcode_send  device.o
    0x08029bac   0x000005a8   Code   RO          803    i.device_prize_report  device.o
    0x0802a154   0x00000056   Code   RO          804    i.device_prize_set  device.o
    0x0802a1aa   0x0000001e   Code   RO          805    i.device_prize_set_response  device.o
    0x0802a1c8   0x00000028   Code   RO          806    i.device_prizeqrcode_set_response  device.o
    0x0802a1f0   0x00000022   Code   RO          807    i.device_qrcode_set  device.o
    0x0802a212   0x00000028   Code   RO          808    i.device_qrcode_set_response  device.o
    0x0802a23a   0x000000a2   Code   RO          809    i.device_race_set   device.o
    0x0802a2dc   0x000000fc   Code   RO          810    i.device_ranking_request_response  device.o
    0x0802a3d8   0x0000002c   Code   RO          811    i.device_request_signal  device.o
    0x0802a404   0x00000028   Code   RO          812    i.device_reset_response  device.o
    0x0802a42c   0x00000028   Code   RO          813    i.device_restore_response  device.o
    0x0802a454   0x00000028   Code   RO          814    i.device_sleep_response  device.o
    0x0802a47c   0x00000008   Code   RO          815    i.device_status_get_response  device.o
    0x0802a484   0x0000006c   Code   RO          816    i.device_status_report  device.o
    0x0802a4f0   0x0000001e   Code   RO          817    i.device_status_set_response  device.o
    0x0802a50e   0x00000002   PAD
    0x0802a510   0x00000234   Code   RO          818    i.device_stored_report  device.o
    0x0802a744   0x00000028   Code   RO          819    i.device_wake_response  device.o
    0x0802a76c   0x00000098   Code   RO         1103    i.eqpt_msgInfoProc  routine.o
    0x0802a804   0x0000004c   Code   RO          820    i.fail_coin_confirm  device.o
    0x0802a850   0x00000080   Code   RO         2458    i.firmware_data_read  info_storage.o
    0x0802a8d0   0x00000050   Code   RO         2459    i.firmware_data_write  info_storage.o
    0x0802a920   0x000000c0   Code   RO          821    i.firmware_first_pub  device.o
    0x0802a9e0   0x0000001c   Code   RO         2873    i.fputc             usart1.o
    0x0802a9fc   0x00000044   Code   RO         2667    i.ftp_close         upgrade.o
    0x0802aa40   0x00000084   Code   RO         2668    i.ftp_file_get      upgrade.o
    0x0802aac4   0x00000070   Code   RO         2669    i.ftp_file_size     upgrade.o
    0x0802ab34   0x00000090   Code   RO         2670    i.ftp_getSize       upgrade.o
    0x0802abc4   0x00000064   Code   RO         2671    i.ftp_open          upgrade.o
    0x0802ac28   0x00000018   Code   RO         1222    i.getNextPacketId   mqttclient.o
    0x0802ac40   0x0000000c   Code   RO         2672    i.get_bin_mark      upgrade.o
    0x0802ac4c   0x00000020   Code   RO         2460    i.get_record_f      info_storage.o
    0x0802ac6c   0x00000020   Code   RO         2461    i.get_record_ws     info_storage.o
    0x0802ac8c   0x00000090   Code   RO         6116    i.hmac_sha1_calc    hash_crypt.o
    0x0802ad1c   0x0000001a   Code   RO         3164    i.htonl             encoding.o
    0x0802ad36   0x0000000c   Code   RO         3166    i.htons             encoding.o
    0x0802ad42   0x00000002   PAD
    0x0802ad44   0x0000007c   Code   RO         2674    i.iap_write_appbin  upgrade.o
    0x0802adc0   0x0000004a   Code   RO          823    i.insert_coin_confirm  device.o
    0x0802ae0a   0x00000002   PAD
    0x0802ae0c   0x0000004c   Code   RO          575    i.iot_cloudpub      iot.o
    0x0802ae58   0x000000d8   Code   RO          576    i.iot_com_process   iot.o
    0x0802af30   0x00000014   Code   RO         2462    i.iot_data_read     info_storage.o
    0x0802af44   0x00000028   Code   RO         2463    i.iot_data_write    info_storage.o
    0x0802af6c   0x0000008c   Code   RO          577    i.iot_info_set      iot.o
    0x0802aff8   0x0000008c   Code   RO         1104    i.iot_msgInfoProc   routine.o
    0x0802b084   0x0000017c   Code   RO          578    i.iot_msg_parse     iot.o
    0x0802b200   0x00000014   Code   RO         2199    i.isMOBILE_Startup_Good  mobile_startup.o
    0x0802b214   0x00000076   Code   RO         1223    i.isTopicMatched    mqttclient.o
    0x0802b28a   0x00000002   PAD
    0x0802b28c   0x00000010   Code   RO          579    i.is_iot_works      iot.o
    0x0802b29c   0x00000014   Code   RO         2675    i.is_upgrading      upgrade.o
    0x0802b2b0   0x00000062   Code   RO         1224    i.keepalive         mqttclient.o
    0x0802b312   0x0000000e   Code   RO         3076    i.list_iterator_destroy  sys_list.o
    0x0802b320   0x0000001a   Code   RO         3077    i.list_iterator_new  sys_list.o
    0x0802b33a   0x0000001a   Code   RO         3078    i.list_iterator_new_from_node  sys_list.o
    0x0802b354   0x00000014   Code   RO         3079    i.list_iterator_next  sys_list.o
    0x0802b368   0x0000001e   Code   RO         3082    i.list_new          sys_list.o
    0x0802b386   0x0000001c   Code   RO         3083    i.list_node_new     sys_list.o
    0x0802b3a2   0x0000003e   Code   RO         3084    i.list_remove       sys_list.o
    0x0802b3e0   0x00000030   Code   RO         3086    i.list_rpush        sys_list.o
    0x0802b410   0x000000f4   Code   RO            1    i.main              main.o
    0x0802b504   0x0000007c   Code   RO         6117    i.md5_calc          hash_crypt.o
    0x0802b580   0x00000810   Code   RO         6362    i.md5_process       M3_CryptoFW_2_0_6.lib(crypto.o)
    0x0802bd90   0x00000054   Code   RO         1456    i.messageArrived    mqtt_client.o
    0x0802bde4   0x0000007c   Code   RO         2044    i.mobile_getCCID    mobile.o
    0x0802be60   0x000000f4   Code   RO         2045    i.mobile_getCCLK    mobile.o
    0x0802bf54   0x00000088   Code   RO         2046    i.mobile_getCSQ     mobile.o
    0x0802bfdc   0x00000090   Code   RO         2047    i.mobile_getIMEI    mobile.o
    0x0802c06c   0x0000000c   Code   RO         2048    i.mobile_get_signal  mobile.o
    0x0802c078   0x000000bc   Code   RO         2163    i.mobile_net_connect  mobile_net.o
    0x0802c134   0x00000068   Code   RO         2164    i.mobile_net_disconnect  mobile_net.o
    0x0802c19c   0x00000090   Code   RO         2165    i.mobile_net_read   mobile_net.o
    0x0802c22c   0x00000104   Code   RO         2166    i.mobile_net_write  mobile_net.o
    0x0802c330   0x00000260   Code   RO         2049    i.moblie_data_filter  mobile.o
    0x0802c590   0x0000000c   Code   RO         3169    i.ntohs             encoding.o
    0x0802c59c   0x0000008c   Code   RO         1141    i.prizeInfo_read    prize.o
    0x0802c628   0x0000001e   Code   RO         1142    i.prizeInfo_save    prize.o
    0x0802c646   0x00000002   PAD
    0x0802c648   0x00000078   Code   RO         1143    i.prizeUrl_read     prize.o
    0x0802c6c0   0x000000cc   Code   RO         1144    i.prize_qrcode1_gen  prize.o
    0x0802c78c   0x000000ec   Code   RO         1145    i.prize_qrcode2_gen  prize.o
    0x0802c878   0x000000e0   Code   RO         1146    i.prize_qrcode3_gen  prize.o
    0x0802c958   0x00000098   Code   RO         5492    i.prvAddCurrentTaskToDelayedList  tasks.o
    0x0802c9f0   0x000000b8   Code   RO         5493    i.prvAddNewTaskToReadyList  tasks.o
    0x0802caa8   0x00000064   Code   RO         5858    i.prvCheckForValidListAndQueue  timers.o
    0x0802cb0c   0x00000064   Code   RO         5494    i.prvCheckTasksWaitingTermination  tasks.o
    0x0802cb70   0x0000002a   Code   RO         5262    i.prvCopyDataFromQueue  queue.o
    0x0802cb9a   0x0000007c   Code   RO         5263    i.prvCopyDataToQueue  queue.o
    0x0802cc16   0x00000012   Code   RO         5495    i.prvDeleteTCB      tasks.o
    0x0802cc28   0x00000028   Code   RO         5859    i.prvGetNextExpireTime  timers.o
    0x0802cc50   0x0000007c   Code   RO         6065    i.prvHeapInit       heap_4.o
    0x0802cccc   0x00000028   Code   RO         5496    i.prvIdleTask       tasks.o
    0x0802ccf4   0x0000001c   Code   RO         5264    i.prvInitialiseMutex  queue.o
    0x0802cd10   0x0000002e   Code   RO         5265    i.prvInitialiseNewQueue  queue.o
    0x0802cd3e   0x00000002   PAD
    0x0802cd40   0x000000d0   Code   RO         5497    i.prvInitialiseNewTask  tasks.o
    0x0802ce10   0x00000068   Code   RO         5498    i.prvInitialiseTaskLists  tasks.o
    0x0802ce78   0x00000068   Code   RO         6066    i.prvInsertBlockIntoFreeList  heap_4.o
    0x0802cee0   0x00000058   Code   RO         5861    i.prvInsertTimerInActiveList  timers.o
    0x0802cf38   0x0000001a   Code   RO         5266    i.prvIsQueueEmpty   queue.o
    0x0802cf52   0x0000001e   Code   RO         5267    i.prvIsQueueFull    queue.o
    0x0802cf70   0x000000a0   Code   RO         5268    i.prvNotifyQueueSetContainer  queue.o
    0x0802d010   0x00000080   Code   RO         5862    i.prvProcessExpiredTimer  timers.o
    0x0802d090   0x0000012c   Code   RO         5863    i.prvProcessReceivedCommands  timers.o
    0x0802d1bc   0x00000074   Code   RO         5864    i.prvProcessTimerOrBlockTask  timers.o
    0x0802d230   0x00000034   Code   RO         5500    i.prvResetNextTaskUnblockTime  tasks.o
    0x0802d264   0x0000002c   Code   RO         5865    i.prvSampleTimeNow  timers.o
    0x0802d290   0x000000bc   Code   RO         5866    i.prvSwitchTimerLists  timers.o
    0x0802d34c   0x00000070   Code   RO         5989    i.prvTaskExitError  port.o
    0x0802d3bc   0x00000074   Code   RO         5502    i.prvTaskIsTaskSuspended  tasks.o
    0x0802d430   0x0000001a   Code   RO         5867    i.prvTimerTask      timers.o
    0x0802d44a   0x00000092   Code   RO         5269    i.prvUnlockQueue    queue.o
    0x0802d4dc   0x000000e4   Code   RO         1105    i.push_eqptInfo_to  routine.o
    0x0802d5c0   0x000000d8   Code   RO         1106    i.push_iotInfo_to   routine.o
    0x0802d698   0x00000154   Code   RO         6067    i.pvPortMalloc      heap_4.o
    0x0802d7ec   0x00000020   Code   RO         5504    i.pvTaskIncrementMutexHeldCount  tasks.o
    0x0802d80c   0x00000024   Code   RO         5990    i.pxPortInitialiseStack  port.o
    0x0802d830   0x0000000e   Code   RO         1679    i.readChar          mqttpacket.o
    0x0802d83e   0x0000001a   Code   RO         1680    i.readInt           mqttpacket.o
    0x0802d858   0x0000003a   Code   RO         1681    i.readMQTTLenString  mqttpacket.o
    0x0802d892   0x000000b8   Code   RO         1225    i.readPacket        mqttclient.o
    0x0802d94a   0x00000002   PAD
    0x0802d94c   0x00000010   Code   RO         2676    i.read_bin_mark     upgrade.o
    0x0802d95c   0x000000a0   Code   RO         2464    i.record_read       info_storage.o
    0x0802d9fc   0x00000024   Code   RO         2465    i.record_read_success  info_storage.o
    0x0802da20   0x0000009a   Code   RO         2466    i.record_write      info_storage.o
    0x0802daba   0x00000002   PAD
    0x0802dabc   0x0000021c   Code   RO          580    i.s2c_device_prize  iot.o
    0x0802dcd8   0x000002e4   Code   RO          581    i.s2c_device_setting  iot.o
    0x0802dfbc   0x00000184   Code   RO          582    i.s2c_device_status  iot.o
    0x0802e140   0x000002f0   Code   RO          583    i.s2c_firmware_online  iot.o
    0x0802e430   0x00000190   Code   RO          584    i.s2c_firmware_setting  iot.o
    0x0802e5c0   0x00000268   Code   RO          585    i.s2c_firmware_upgrade  iot.o
    0x0802e828   0x00000094   Code   RO          586    i.s2c_get_device_accounts  iot.o
    0x0802e8bc   0x0000037c   Code   RO          587    i.s2c_insert_coin   iot.o
    0x0802ec38   0x00000098   Code   RO          588    i.s2c_insert_coin_response  iot.o
    0x0802ecd0   0x00000098   Code   RO          589    i.s2c_insert_response  iot.o
    0x0802ed68   0x000004d4   Code   RO          590    i.s2c_transfer_data  iot.o
    0x0802f23c   0x0000006c   Code   RO         2467    i.selector_data_read  info_storage.o
    0x0802f2a8   0x00000050   Code   RO         2468    i.selector_data_write  info_storage.o
    0x0802f2f8   0x00000062   Code   RO         1226    i.sendPacket        mqttclient.o
    0x0802f35a   0x00000002   PAD
    0x0802f35c   0x0000000c   Code   RO         2677    i.set_bin_mark      upgrade.o
    0x0802f368   0x0000001e   Code   RO          824    i.set_device_status  device.o
    0x0802f386   0x0000001c   Code   RO         2469    i.set_record_f      info_storage.o
    0x0802f3a2   0x0000001a   Code   RO         2470    i.set_record_ws     info_storage.o
    0x0802f3bc   0x0000022c   Code   RO         2679    i.set_upgrade_info  upgrade.o
    0x0802f5e8   0x0000003c   Code   RO          730    i.start_Mobile_task  usr_task.o
    0x0802f624   0x00000030   Code   RO          731    i.start_MqttClient_task  usr_task.o
    0x0802f654   0x00000030   Code   RO          732    i.start_Msg_task    usr_task.o
    0x0802f684   0x00000040   Code   RO          733    i.start_Upgrade_task  usr_task.o
    0x0802f6c4   0x00000028   Code   RO            2    i.start_task        main.o
    0x0802f6ec   0x0000009c   Code   RO         2874    i.uart1_init        usart1.o
    0x0802f788   0x000000c8   Code   RO         2930    i.uart2_init        usart2.o
    0x0802f850   0x00000030   Code   RO         2971    i.uart3_buadRate    usart3.o
    0x0802f880   0x000000d0   Code   RO         2972    i.uart3_init        usart3.o
    0x0802f950   0x00000044   Code   RO         2051    i.updata_mobile_time  mobile.o
    0x0802f994   0x00000370   Code   RO         2680    i.upgrade_firmware  upgrade.o
    0x0802fd04   0x000000e8   Code   RO         2681    i.upgrade_firmware_check  upgrade.o
    0x0802fdec   0x0000003c   Code   RO         2682    i.upgrade_firmware_done  upgrade.o
    0x0802fe28   0x00000138   Code   RO         2683    i.upgrade_firmware_download  upgrade.o
    0x0802ff60   0x00000020   Code   RO         2549    i.user_coin_in_detected  selector.o
    0x0802ff80   0x00000084   Code   RO         2550    i.user_selector_init  selector.o
    0x08030004   0x00000010   Code   RO         2551    i.user_tb_in_detected  selector.o
    0x08030014   0x00000028   Code   RO         5225    i.uxListRemove      list.o
    0x0803003c   0x00000024   Code   RO         5509    i.uxTaskPriorityGet  tasks.o
    0x08030060   0x0000001a   Code   RO         5226    i.vListInitialise   list.o
    0x0803007a   0x00000006   Code   RO         5227    i.vListInitialiseItem  list.o
    0x08030080   0x00000034   Code   RO         5228    i.vListInsert       list.o
    0x080300b4   0x00000018   Code   RO         5229    i.vListInsertEnd    list.o
    0x080300cc   0x0000003c   Code   RO         2200    i.vMOBILE_StartupTask  mobile_startup.o
    0x08030108   0x000000c0   Code   RO          734    i.vMsg_Task         usr_task.o
    0x080301c8   0x00000088   Code   RO         5992    i.vPortEnterCritical  port.o
    0x08030250   0x00000070   Code   RO         5993    i.vPortExitCritical  port.o
    0x080302c0   0x000000b8   Code   RO         6068    i.vPortFree         heap_4.o
    0x08030378   0x00000020   Code   RO         5994    i.vPortSetupTimerInterrupt  port.o
    0x08030398   0x000000a0   Code   RO         5995    i.vPortValidateInterruptPriority  port.o
    0x08030438   0x0000002c   Code   RO         5275    i.vQueueAddToRegistry  queue.o
    0x08030464   0x0000004a   Code   RO         5279    i.vQueueWaitForMessageRestricted  queue.o
    0x080304ae   0x00000002   PAD
    0x080304b0   0x00000074   Code   RO         5512    i.vTaskDelay        tasks.o
    0x08030524   0x0000010c   Code   RO         5514    i.vTaskDelete       tasks.o
    0x08030630   0x0000000c   Code   RO         5519    i.vTaskMissedYield  tasks.o
    0x0803063c   0x00000054   Code   RO         5521    i.vTaskPlaceOnEventList  tasks.o
    0x08030690   0x0000005c   Code   RO         5522    i.vTaskPlaceOnEventListRestricted  tasks.o
    0x080306ec   0x000000b0   Code   RO         5524    i.vTaskPriorityInherit  tasks.o
    0x0803079c   0x000000ac   Code   RO         5526    i.vTaskResume       tasks.o
    0x08030848   0x0000004c   Code   RO         5528    i.vTaskSetTimeOutState  tasks.o
    0x08030894   0x000000b4   Code   RO         5529    i.vTaskStartScheduler  tasks.o
    0x08030948   0x00000100   Code   RO         5530    i.vTaskSuspend      tasks.o
    0x08030a48   0x00000010   Code   RO         5531    i.vTaskSuspendAll   tasks.o
    0x08030a58   0x000000e8   Code   RO         5532    i.vTaskSwitchContext  tasks.o
    0x08030b40   0x00000034   Code   RO         1227    i.waitfor           mqttclient.o
    0x08030b74   0x00000028   Code   RO         1682    i.writeCString      mqttpacket.o
    0x08030b9c   0x0000000c   Code   RO         1683    i.writeChar         mqttpacket.o
    0x08030ba8   0x00000030   Code   RO         1684    i.writeInt          mqttpacket.o
    0x08030bd8   0x0000003e   Code   RO         1685    i.writeMQTTString   mqttpacket.o
    0x08030c16   0x00000002   PAD
    0x08030c18   0x0000004c   Code   RO         2684    i.write_bin_mark    upgrade.o
    0x08030c64   0x00000050   Code   RO         2685    i.write_firmware    upgrade.o
    0x08030cb4   0x000000a0   Code   RO         5996    i.xPortStartScheduler  port.o
    0x08030d54   0x00000034   Code   RO         5997    i.xPortSysTickHandler  port.o
    0x08030d88   0x00000022   Code   RO         5282    i.xQueueCreateMutex  queue.o
    0x08030daa   0x00000002   PAD
    0x08030dac   0x00000074   Code   RO         5284    i.xQueueGenericCreate  queue.o
    0x08030e20   0x000001c8   Code   RO         5285    i.xQueueGenericReceive  queue.o
    0x08030fe8   0x000000b0   Code   RO         5286    i.xQueueGenericReset  queue.o
    0x08031098   0x000001c4   Code   RO         5287    i.xQueueGenericSend  queue.o
    0x0803125c   0x00000110   Code   RO         5288    i.xQueueGenericSendFromISR  queue.o
    0x0803136c   0x000000a0   Code   RO         5533    i.xTaskCheckForTimeOut  tasks.o
    0x0803140c   0x00000060   Code   RO         5534    i.xTaskCreate       tasks.o
    0x0803146c   0x00000020   Code   RO         5538    i.xTaskGetSchedulerState  tasks.o
    0x0803148c   0x0000000c   Code   RO         5539    i.xTaskGetTickCount  tasks.o
    0x08031498   0x00000160   Code   RO         5541    i.xTaskIncrementTick  tasks.o
    0x080315f8   0x000000d8   Code   RO         5544    i.xTaskPriorityDisinherit  tasks.o
    0x080316d0   0x000000b4   Code   RO         5545    i.xTaskRemoveFromEventList  tasks.o
    0x08031784   0x00000120   Code   RO         5547    i.xTaskResumeAll    tasks.o
    0x080318a4   0x00000074   Code   RO         5871    i.xTimerCreateTimerTask  timers.o
    0x08031918   0x000000a4   Code   RO         5872    i.xTimerGenericCommand  timers.o
    0x080319bc   0x0000002c   Code   RO         6970    locale$$code        c_w.l(lc_ctype_c.o)
    0x080319e8   0x00000062   Code   RO         6764    x$fpl$d2f           fz_ws.l(d2f.o)
    0x08031a4a   0x0000009c   Code   RO         6897    x$fpl$dnaninf       fz_ws.l(dnaninf.o)
    0x08031ae6   0x00000002   PAD
    0x08031ae8   0x000000c4   Code   RO         6766    x$fpl$fadd          fz_ws.l(faddsub_clz.o)
    0x08031bac   0x00000184   Code   RO         6773    x$fpl$fdiv          fz_ws.l(fdiv.o)
    0x08031d30   0x0000003e   Code   RO         6776    x$fpl$ffixu         fz_ws.l(ffixu.o)
    0x08031d6e   0x00000002   PAD
    0x08031d70   0x00000026   Code   RO         6780    x$fpl$ffltu         fz_ws.l(fflt_clz.o)
    0x08031d96   0x00000002   PAD
    0x08031d98   0x00000102   Code   RO         6786    x$fpl$fmul          fz_ws.l(fmul.o)
    0x08031e9a   0x0000008c   Code   RO         6899    x$fpl$fnaninf       fz_ws.l(fnaninf.o)
    0x08031f26   0x0000000a   Code   RO         6901    x$fpl$fretinf       fz_ws.l(fretinf.o)
    0x08031f30   0x000000ea   Code   RO         6768    x$fpl$fsub          fz_ws.l(faddsub_clz.o)
    0x0803201a   0x00000000   Code   RO         6903    x$fpl$usenofp       fz_ws.l(usenofp.o)
    0x0803201a   0x00000002   PAD
    0x0803201c   0x00000058   Data   RO         1228    .constdata          mqttclient.o
    0x08032074   0x00000058   Data   RO         1458    .constdata          mqtt_client.o
    0x080320cc   0x000001af   Data   RO         2202    .constdata          mobile_startup.o
    0x0803227b   0x00000001   PAD
    0x0803227c   0x00001798   Data   RO         6363    .constdata          M3_CryptoFW_2_0_6.lib(crypto.o)
    0x08033a14   0x00000028   Data   RO         6675    .constdata          c_w.l(_printf_hex_int.o)
    0x08033a3c   0x00000011   Data   RO         6710    .constdata          c_w.l(__printf_flags_ss_wp.o)
    0x08033a4d   0x0000000c   Data   RO         6847    .constdata          c_w.l(_monlen.o)
    0x08033a59   0x00000003   PAD
    0x08033a5c   0x00000020   Data   RO         7042    Region$$Table       anon$$obj.o
    0x08033a7c   0x00000110   Data   RO         6969    locale$$data        c_w.l(lc_ctype_c.o)


    Execution Region RW_IRAM1 (Base: 0x20000000, Size: 0x00008c90, Max: 0x00010000, ABSOLUTE)

    Base Addr    Size         Type   Attr      Idx    E Section Name        Object

    0x20000000   0x00000004   Data   RW            3    .data               main.o
    0x20000004   0x00000014   Data   RW          539    .data               system_stm32f10x.o
    0x20000018   0x00000003   Data   RW          592    .data               iot.o
    0x2000001b   0x00000001   PAD
    0x2000001c   0x00000010   Data   RW          735    .data               usr_task.o
    0x2000002c   0x00000008   Data   RW         1107    .data               routine.o
    0x20000034   0x00000004   Data   RW         1686    .data               mqttpacket.o
    0x20000038   0x00000004   Data   RW         1962    .data               timer.o
    0x2000003c   0x00000008   Data   RW         2053    .data               mobile.o
    0x20000044   0x00000008   Data   RW         2168    .data               mobile_net.o
    0x2000004c   0x0000000c   Data   RW         2203    .data               mobile_startup.o
    0x20000058   0x0000001a   Data   RW         2553    .data               selector.o
    0x20000072   0x00000002   PAD
    0x20000074   0x0000000c   Data   RW         2687    .data               upgrade.o
    0x20000080   0x00000004   Data   RW         2800    .data               delay.o
    0x20000084   0x00000008   Data   RW         2875    .data               usart1.o
    0x2000008c   0x00000002   Data   RW         3247    .data               protobuf.o
    0x2000008e   0x00000014   Data   RW         3474    .data               stm32f10x_rcc.o
    0x200000a2   0x00000002   PAD
    0x200000a4   0x00000044   Data   RW         5550    .data               tasks.o
    0x200000e8   0x00000014   Data   RW         5880    .data               timers.o
    0x200000fc   0x0000000c   Data   RW         5998    .data               port.o
    0x20000108   0x00000018   Data   RW         6073    .data               heap_4.o
    0x20000120   0x000005c9   Zero   RW          591    .bss                iot.o
    0x200006e9   0x00000243   Zero   RW          825    .bss                device.o
    0x2000092c   0x00000510   Zero   RW         1147    .bss                prize.o
    0x20000e3c   0x000000b0   Zero   RW         1457    .bss                mqtt_client.o
    0x20000eec   0x00000014   Zero   RW         1915    .bss                led.o
    0x20000f00   0x0000013c   Zero   RW         2052    .bss                mobile.o
    0x2000103c   0x00000c20   Zero   RW         2167    .bss                mobile_net.o
    0x20001c5c   0x0000007c   Zero   RW         2201    .bss                mobile_startup.o
    0x20001cd8   0x00000020   Zero   RW         2552    .bss                selector.o
    0x20001cf8   0x00000020   Zero   RW         2622    .bss                hexbin.o
    0x20001d18   0x00000024   Zero   RW         2686    .bss                upgrade.o
    0x20001d3c   0x000004c0   Zero   RW         2931    .bss                usart2.o
    0x200021fc   0x000000c8   Zero   RW         2973    .bss                usart3.o
    0x200022c4   0x00000040   Zero   RW         5299    .bss                queue.o
    0x20002304   0x00000104   Zero   RW         5549    .bss                tasks.o
    0x20002408   0x00000028   Zero   RW         5879    .bss                timers.o
    0x20002430   0x00005000   Zero   RW         6072    .bss                heap_4.o
    0x20007430   0x00000060   Zero   RW         6907    .bss                c_w.l(libspace.o)
    0x20007490   0x00001000   Zero   RW         3286    HEAP                startup_stm32f10x_hd.o
    0x20008490   0x00000800   Zero   RW         3285    STACK               startup_stm32f10x_hd.o


==============================================================================

Image component sizes


      Code (inc. data)   RO Data    RW Data    ZI Data      Debug   Object Name

       240          0          0          0          0       3459   24cxx.o
       228         58          0          0          0        705   chip.o
       136         18          0          0          0       1401   dbg.o
       268         26          0          4          0       3009   delay.o
     11536       1696          0          0        579      49194   device.o
       112          0          0          0          0       1658   dma.o
        50          0          0          0          0       1608   encoding.o
         0          0          0          0          0      10452   event_groups.o
       158         62          0          0          0       1725   flash.o
       418         34          0          0          0       4149   hash_crypt.o
       752        176          0         24      20480       4003   heap_4.o
       966        150          0          0         32       7635   hexbin.o
       924         56          0          0          0       8268   info_storage.o
      8388       2444          0          3       1481      25537   iot.o
       224         22          0          0         20       3712   led.o
       148          0          0          0          0       3198   list.o
       284         74          0          4          0     301497   main.o
       172         22          0          0          0       2161   misc.o
      2082        452          0          8        316      14200   mobile.o
       696        246          0          8       3104       4838   mobile_net.o
       692        104        431         12        124       4285   mobile_startup.o
      1324        452         88          0        176       6927   mqtt_client.o
      2534         74         88          0          0      18848   mqttclient.o
       708         18          0          0          0       5260   mqttconnectclient.o
       276          0          0          0          0       2664   mqttdeserializepublish.o
       364         26          0          0          0       8740   mqttfreertos.o
       600         18          0          4          0       9980   mqttpacket.o
       324          0          0          0          0       2770   mqttserializepublish.o
       368          0          0          0          0       3355   mqttsubscribeclient.o
       680        102          0          0          0       4446   myiic.o
       950        320          0         12          0      10465   port.o
      1198        396          0          0       1296       7756   prize.o
       422          4          0          2          0       3650   protobuf.o
       466        128          0          0          0       1699   pvd.o
      2226        238          0          0         64      14469   queue.o
       158          0          0          0          0       4873   ringbuf.o
       736        254          0          8          0       5249   routine.o
       440         74          0          0          0       2575   rtc.o
      1006        254          0         26         32       8256   selector.o
        64         26        304          0       6144        816   startup_stm32f10x_hd.o
        72         10          0          0          0       2800   stm32f10x_bkp.o
       428          8          0          0          0       4704   stm32f10x_dma.o
       200         18          0          0          0       2216   stm32f10x_exti.o
       330         38          0          0          0       5592   stm32f10x_flash.o
       304          0          0          0          0       3796   stm32f10x_gpio.o
        20          0          0          0          0       2641   stm32f10x_it.o
        48         18          0          0          0       1640   stm32f10x_pwr.o
       524         76          0         20          0       9212   stm32f10x_rcc.o
       260         48          0          0          0       5420   stm32f10x_rtc.o
       250         42          0          0          0       4275   stm32f10x_tim.o
       664         28          0          0          0       8895   stm32f10x_usart.o
        16          8          0          0          0        485   sys.o
       254          0          0          0          0       5325   sys_list.o
       328         28          0         20          0       2217   system_stm32f10x.o
      4058       1066          0         68        260      32116   tasks.o
       362         22          0          4          0       4536   timer.o
      1310        314          0         20         40       8807   timers.o
      2936        972          0         12         36      13832   upgrade.o
       232         16          0          8          0       4668   usart1.o
       334         30          0          0       1216       3172   usart2.o
       408         36          0          0        200       3232   usart3.o
       412        110          0         16          0       2930   usr_task.o

    ----------------------------------------------------------------------
     57126      10912        944        288      35600     712003   Object Totals
         0          0         32          0          0          0   (incl. Generated)
        58          0          1          5          0          0   (incl. Padding)

    ----------------------------------------------------------------------

      Code (inc. data)   RO Data    RW Data    ZI Data      Debug   Library Member Name

      4816        338       6040          0          0       1224   crypto.o
        60          8          0          0          0         84   __0sscanf.o
        24          4          0          0          0         84   __2printf.o
        56          6          0          0          0         88   __2snprintf.o
        44          6          0          0          0         84   __2sprintf.o
         8          0          0          0          0         68   __main.o
       392          4         17          0          0         92   __printf_flags_ss_wp.o
        14          0          0          0          0         68   __printf_wp.o
         0          0          0          0          0          0   __rtentry.o
        12          0          0          0          0          0   __rtentry2.o
         6          0          0          0          0          0   __rtentry4.o
        52          8          0          0          0          0   __scatter.o
        26          0          0          0          0          0   __scatter_copy.o
        28          0          0          0          0          0   __scatter_zi.o
        28          0          0          0          0         68   _chval.o
         0          0         12          0          0          0   _monlen.o
        44          0          0          0          0        108   _printf_char.o
        48          6          0          0          0         96   _printf_char_common.o
        36          4          0          0          0         80   _printf_char_file.o
         6          0          0          0          0          0   _printf_d.o
       120         16          0          0          0         92   _printf_dec.o
        88          4         40          0          0         88   _printf_hex_int.o
       178          0          0          0          0         88   _printf_intcommon.o
        10          0          0          0          0          0   _printf_ll.o
         6          0          0          0          0          0   _printf_lld.o
       124         16          0          0          0         92   _printf_longlong_dec.o
        78          0          0          0          0        108   _printf_pad.o
         0          0          0          0          0          0   _printf_percent.o
         4          0          0          0          0          0   _printf_percent_end.o
         6          0          0          0          0          0   _printf_s.o
        82          0          0          0          0         80   _printf_str.o
         6          0          0          0          0          0   _printf_x.o
       884          6          0          0          0        100   _scanf.o
       332          0          0          0          0         96   _scanf_int.o
       224          0          0          0          0         96   _scanf_str.o
        64          0          0          0          0         84   _sgetc.o
        16          0          0          0          0         68   _snputc.o
        10          0          0          0          0         68   _sputc.o
       158          0          0          0          0         92   _strtoul.o
        16          0          0          0          0         68   aeabi_memset.o
        26          0          0          0          0         80   atoi.o
        10          0          0          0          0         68   defsig_exit.o
        50          0          0          0          0         88   defsig_general.o
        80         58          0          0          0         76   defsig_rtmem_inner.o
        14          0          0          0          0         80   defsig_rtmem_outer.o
        18          0          0          0          0         80   exit.o
         8          0          0          0          0         68   ferror.o
        94          0          0          0          0         80   h1_alloc.o
        52          0          0          0          0         68   h1_extend.o
        78          0          0          0          0         80   h1_free.o
        14          0          0          0          0         84   h1_init.o
         6          0          0          0          0        152   heapauxi.o
         4          0          0          0          0        136   hguard.o
       138          0          0          0          0        168   init_alloc.o
        18          0          0          0          0         76   isspace.o
        44         10        272          0          0         76   lc_ctype_c.o
         2          0          0          0          0          0   libinit.o
        28          0          0          0          0          0   libinit2.o
         2          0          0          0          0          0   libshutdown.o
         2          0          0          0          0          0   libshutdown2.o
         8          4          0          0         96         68   libspace.o
       138          0          0          0          0         80   lludiv10.o
         0          0          0          0          0          0   maybetermalloc1.o
        88          0          0          0          0         76   memcmp.o
       424         10          0          0          0        124   mktime.o
        16          4          0          0          0         76   rt_ctype_table.o
         8          4          0          0          0         68   rt_errno_addr_intlibspace.o
         8          4          0          0          0         68   rt_heap_descriptor_intlibspace.o
         8          4          0          0          0         68   rt_locale_intlibspace.o
        68          0          0          0          0         68   rt_memclr.o
        78          0          0          0          0         80   rt_memclr_w.o
       138          0          0          0          0         68   rt_memcpy_v6.o
       100          0          0          0          0         80   rt_memcpy_w.o
         2          0          0          0          0          0   rtexit.o
        10          0          0          0          0          0   rtexit2.o
        44          8          0          0          0         84   scanf_char.o
        24          0          0          0          0         68   strcat.o
        20          0          0          0          0         68   strchr.o
       128          0          0          0          0         68   strcmpv7m.o
        62          0          0          0          0         76   strlen.o
       150          0          0          0          0         80   strncmp.o
        86          0          0          0          0         76   strncpy.o
        36          0          0          0          0         80   strstr.o
       112          0          0          0          0         88   strtol.o
        74          0          0          0          0         80   sys_stackheap_outer.o
         2          0          0          0          0         68   use_no_semi.o
         2          0          0          0          0         68   use_no_semi_2.o
        98          4          0          0          0         92   d2f.o
       156          4          0          0          0         92   dnaninf.o
       430          8          0          0          0        168   faddsub_clz.o
       388         76          0          0          0         96   fdiv.o
        62          4          0          0          0         84   ffixu.o
        38          0          0          0          0         68   fflt_clz.o
       258          4          0          0          0         84   fmul.o
       140          4          0          0          0         84   fnaninf.o
        10          0          0          0          0         68   fretinf.o
         0          0          0          0          0          0   usenofp.o

    ----------------------------------------------------------------------
     12230        636       6384          0         96       7488   Library Totals
        22          0          3          0          0          0   (incl. Padding)

    ----------------------------------------------------------------------

      Code (inc. data)   RO Data    RW Data    ZI Data      Debug   Library Name

      4816        338       6040          0          0       1224   M3_CryptoFW_2_0_6.lib
      5812        194        341          0         96       5428   c_w.l
      1580        104          0          0          0        836   fz_ws.l

    ----------------------------------------------------------------------
     12230        636       6384          0         96       7488   Library Totals

    ----------------------------------------------------------------------

==============================================================================


      Code (inc. data)   RO Data    RW Data    ZI Data      Debug   

     69356      11548       7328        288      35696     690991   Grand Totals
     69356      11548       7328        288      35696     690991   ELF Image Totals
     69356      11548       7328        288          0          0   ROM Totals

==============================================================================

    Total RO  Size (Code + RO Data)                76684 (  74.89kB)
    Total RW  Size (RW Data + ZI Data)             35984 (  35.14kB)
    Total ROM Size (Code + RO Data + RW Data)      76972 (  75.17kB)

==============================================================================

